V/ActivityManager( 1027): Display changed displayId=0
I/ActivityManager( 1027): Config changes=480 {1.0 460mcc7mnc zh_CN ?layoutDir sw432dp w432dp h742dp 480dpi nrml long port finger -keyb/v/h -nav/h s.48}
I/ActivityThread( 2917): Switching default density from 400 to 480
I/ActivityThread( 7159): Switching default density from 400 to 480
I/ActivityThread( 7085): Switching default density from 400 to 480
I/ActivityThread( 7179): Switching default density from 400 to 480
I/ActivityThread( 3537): Switching default density from 400 to 480
I/ActivityThread( 3260): Switching default density from 400 to 480
I/ActivityThread( 2219): Switching default density from 400 to 480
I/ActivityThread( 3004): Switching default density from 400 to 480
I/ActivityThread( 7200): Switching default density from 400 to 480
I/ActivityThread( 7225): Switching default density from 400 to 480
I/ActivityThread( 3377): Switching default density from 400 to 480
I/ActivityThread( 3122): Switching default density from 400 to 480
I/ActivityThread( 2376): Switching default density from 400 to 480
I/ActivityThread( 1027): Switching default density from 400 to 480
I/ActivityThread( 2357): Switching default density from 400 to 480
I/ActivityThread( 8709): Switching default density from 400 to 480
I/ActivityThread( 8597): Switching default density from 400 to 480
I/ActivityThread( 2451): Switching default density from 400 to 480
I/ActivityThread( 2332): Switching default density from 400 to 480
I/ActivityThread( 1922): Switching default density from 400 to 480
I/ActivityThread( 2764): Switching default density from 400 to 480
I/ActivityThread( 2310): Switching default density from 400 to 480
I/ActivityThread( 3184): Switching default density from 400 to 480
I/ActivityThread( 8677): Switching default density from 400 to 480
I/ActivityThread( 9798): Switching default density from 400 to 480
E/ActivityThread( 9798): Activity com.shen.activityfragmentdemo.GlassBaseActivity has leaked IntentReceiver com.shen.activityfragmentdemo.GlassBaseActivity$1@2ce56e4 that was originally registered here. Are you missing a call to unregisterReceiver()?
E/ActivityThread( 9798): android.app.IntentReceiverLeaked: Activity com.shen.activityfragmentdemo.GlassBaseActivity has leaked IntentReceiver com.shen.activityfragmentdemo.GlassBaseActivity$1@2ce56e4 that was originally registered here. Are you missing a call to unregisterReceiver()?
E/ActivityThread( 9798): 	at android.app.LoadedApk$ReceiverDispatcher.<init>(LoadedApk.java:903)
E/ActivityThread( 9798): 	at android.app.LoadedApk.getReceiverDispatcher(LoadedApk.java:704)
E/ActivityThread( 9798): 	at android.app.ContextImpl.registerReceiverInternal(ContextImpl.java:1659)
E/ActivityThread( 9798): 	at android.app.ContextImpl.registerReceiver(ContextImpl.java:1639)
E/ActivityThread( 9798): 	at android.app.ContextImpl.registerReceiver(ContextImpl.java:1633)
E/ActivityThread( 9798): 	at android.content.ContextWrapper.registerReceiver(ContextWrapper.java:489)
E/ActivityThread( 9798): 	at com.shen.activityfragmentdemo.GlassBaseActivity.onResume(GlassBaseActivity.java:53)
E/ActivityThread( 9798): 	at android.app.Instrumentation.callActivityOnResume(Instrumentation.java:1257)
E/ActivityThread( 9798): 	at android.app.Activity.performResume(Activity.java:6120)
E/ActivityThread( 9798): 	at android.app.ActivityThread.performResumeActivity(ActivityThread.java:2990)
E/ActivityThread( 9798): 	at android.app.ActivityThread.handleResumeActivity(ActivityThread.java:3032)
E/ActivityThread( 9798): 	at android.app.ActivityThread.handleLaunchActivity(ActivityThread.java:2407)
E/ActivityThread( 9798): 	at android.app.ActivityThread.access$900(ActivityThread.java:151)
E/ActivityThread( 9798): 	at android.app.ActivityThread$H.handleMessage(ActivityThread.java:1318)
E/ActivityThread( 9798): 	at android.os.Handler.dispatchMessage(Handler.java:102)
E/ActivityThread( 9798): 	at android.os.Looper.loop(Looper.java:135)
E/ActivityThread( 9798): 	at android.app.ActivityThread.main(ActivityThread.java:5269)
E/ActivityThread( 9798): 	at java.lang.reflect.Method.invoke(Native Method)
E/ActivityThread( 9798): 	at java.lang.reflect.Method.invoke(Method.java:372)
E/ActivityThread( 9798): 	at com.android.internal.os.ZygoteInit$MethodAndArgsCaller.run(ZygoteInit.java:904)
E/ActivityThread( 9798): 	at com.android.internal.os.ZygoteInit.main(ZygoteInit.java:699)
I/WindowManager( 1027): Screen frozen for +246ms due to Window{d94e795 u0 com.android.systemui.ImageWallpaper}
I/EntropyMixer( 1027): Added HW RNG output to entropy pool
I/EntropyMixer( 1027): Writing entropy...
D/TaskPersister( 1027): removeObsoleteFile: deleting file=22_task_thumbnail.png
I/PowerManagerService( 1027): Going to sleep due to screen timeout (uid 1000)...
I/DisplayManagerService( 1027): Display device changed: DisplayDeviceInfo{"内置屏幕": uniqueId="local:0", 1080 x 1920, 63.0 fps, supportedRefreshRates [63.0], density 480, 403.411 x 403.041 dpi, appVsyncOff 7500000, presDeadline 11873016, touch INTERNAL, rotation 0, type BUILT_IN, state OFF, FLAG_DEFAULT_DISPLAY, FLAG_ROTATES_WITH_CONTENT, FLAG_SECURE, FLAG_SUPPORTS_PROTECTED_BUFFERS}
V/ActivityManager( 1027): Display changed displayId=0
I/DreamManagerService( 1027): Entering dreamland.
I/DreamController( 1027): Starting dream: name=ComponentInfo{com.android.systemui/com.android.systemui.doze.DozeService}, isTest=false, canDoze=true, userId=0
I/PowerManagerService( 1027): Dozing...
I/ActivityManager( 1027): Killing 2917:com.android.mms/u0a10 (adj 13): empty for 1800s
D/CountryDetector( 1027): No listener is left
I/ActivityManager( 1027): Killing 8677:com.android.calendar/u0a21 (adj 13): empty for 1800s
I/ActivityManager( 1027): Killing 8709:com.qualcomm.timeservice/1000 (adj 15): empty for 1800s
I/ActivityManager( 1027): Killing 8597:com.android.cellbroadcastreceiver/u0a3 (adj 15): empty for 1800s
D/ConnectivityService( 1027): setProvNotificationVisibleIntent: E visible=false networkType=0 extraInfo=null
I/UsageStatsService( 1027): User[0] Flushing usage stats to disk
I/ActivityManager( 1027): Start proc 9918:com.android.calendar/u0a21 for broadcast com.android.calendar/.widget.CalendarAppWidgetService$CalendarFactory
I/ProcessStatsService( 1027): Prepared write state in 2ms
I/ProcessStatsService( 1027): Prepared write state in 1ms
I/ProcessStatsService( 1027): Prepared write state in 1ms
I/ActivityThread( 9918): Switching default density from 400 to 480
I/ActivityManager( 1027): Killing 3260:com.android.providers.calendar/u0a2 (adj 9): empty for 2038s
I/ActivityManager( 1027): Start proc 9942:com.qualcomm.timeservice/1000 for broadcast com.qualcomm.timeservice/.TimeServiceBroadcastReceiver
I/ActivityThread( 9942): Switching default density from 400 to 480
D/ConnectivityService( 1027): setProvNotificationVisibleIntent: E visible=false networkType=0 extraInfo=null
W/BackupManagerService( 1027): dataChanged but no participant pkg='com.android.providers.settings' uid=1001
D/ConnectivityService( 1027): setProvNotificationVisibleIntent: E visible=false networkType=0 extraInfo=null
D/NetworkManagementService( 1027): getNetworkStatsSummaryXt:NetworkStats: elapsedRealtime=65019034
D/NetworkManagementService( 1027):   [0] iface=rmnet0 uid=-1 set=ALL tag=0x0 rxBytes=70441 rxPackets=119 txBytes=24965 txPackets=428 operations=0
D/NetworkManagementService( 1027):   [1] iface=lo uid=-1 set=ALL tag=0x0 rxBytes=0 rxPackets=0 txBytes=0 txPackets=0 operations=0
D/NetworkManagementService( 1027): getNetworkStatsSummaryDev:NetworkStats: elapsedRealtime=65019049
D/NetworkManagementService( 1027):   [0] iface=rmnet0 uid=-1 set=ALL tag=0x0 rxBytes=70441 rxPackets=119 txBytes=31780 txPackets=427 operations=0
D/NetworkManagementService( 1027):   [1] iface=lo uid=-1 set=ALL tag=0x0 rxBytes=0 rxPackets=0 txBytes=0 txPackets=0 operations=0
I/ActivityManager( 1027): Killing 7200:com.android.keychain/1000 (adj 15): empty for 1806s
D/ConnectivityService( 1027): setProvNotificationVisibleIntent: E visible=false networkType=0 extraInfo=null
I/ProcessStatsService( 1027): Prepared write state in 7ms
D/ConnectivityService( 1027): setProvNotificationVisibleIntent: E visible=false networkType=0 extraInfo=null
W/BackupManagerService( 1027): dataChanged but no participant pkg='com.android.providers.settings' uid=1001
D/ConnectivityService( 1027): NetworkAgentInfo [MOBILE (LTE) - 113] EVENT_NETWORK_INFO_CHANGED, going from CONNECTED to DISCONNECTED
D/ConnectivityService( 1027): NetworkAgentInfo [MOBILE (LTE) - 113] got DISCONNECTED, was satisfying 2
D/NetworkManagementService( 1027): getNetworkStatsSummaryXt:NetworkStats: elapsedRealtime=66039807
D/NetworkManagementService( 1027):   [0] iface=rmnet0 uid=-1 set=ALL tag=0x0 rxBytes=70441 rxPackets=119 txBytes=25445 txPackets=436 operations=0
D/NetworkManagementService( 1027):   [1] iface=lo uid=-1 set=ALL tag=0x0 rxBytes=0 rxPackets=0 txBytes=0 txPackets=0 operations=0
D/NetworkManagementService( 1027): getNetworkStatsSummaryDev:NetworkStats: elapsedRealtime=66039808
D/NetworkManagementService( 1027):   [0] iface=rmnet0 uid=-1 set=ALL tag=0x0 rxBytes=70441 rxPackets=119 txBytes=32388 txPackets=435 operations=0
D/NetworkManagementService( 1027):   [1] iface=lo uid=-1 set=ALL tag=0x0 rxBytes=0 rxPackets=0 txBytes=0 txPackets=0 operations=0
D/ConnectivityService( 1027): notifyType LOST for NetworkAgentInfo [MOBILE (LTE) - 113]
D/CSLegacyTypeTracker( 1027): Sending disconnected broadcast for type 0 NetworkAgentInfo [MOBILE (LTE) - 113] isDefaultNetwork=true
D/ConnectivityService( 1027): sendStickyBroadcast: action=android.net.conn.CONNECTIVITY_CHANGE_IMMEDIATE
D/ConnectivityService( 1027): sendStickyBroadcast: action=android.net.conn.CONNECTIVITY_CHANGE
D/ConnectivityService( 1027): sendStickyBroadcast: action=android.net.conn.CONNECTIVITY_CHANGE_IMMEDIATE
D/ConnectivityService( 1027): sendStickyBroadcast: action=android.net.conn.CONNECTIVITY_CHANGE
D/ConnectivityService( 1027): Checking for replacement network to handle request NetworkRequest [ id=1, legacyType=-1, [ Capabilities: INTERNET&NOT_RESTRICTED&TRUSTED&NOT_VPN] ]
I/ActivityManager( 1027): Start proc 10222:com.android.mms/u0a10 for broadcast com.android.mms/.transaction.MmsSystemEventReceiver
I/ActivityThread(10222): Switching default density from 400 to 480
D/CountryDetector( 1027): The first listener is added
I/ActivityManager( 1027): Killing 7179:com.android.gallery3d/u0a31 (adj 15): empty for 2647s
D/ConnectivityService( 1027): setProvNotificationVisible: E visible=false networkType=0 action=com.android.internal.telephony.PROVISION0
D/ConnectivityService( 1027): setProvNotificationVisibleIntent: E visible=false networkType=0 extraInfo=null
D/ConnectivityService( 1027): registerNetworkAgent NetworkAgentInfo{ ni{[type: MOBILE[LTE], state: CONNECTED/CONNECTED, reason: connected, extra: cmnet, roaming: false, failover: false, isAvailable: true, isConnectedToProvisioningNetwork: false]}  network{null}  lp{{InterfaceName: rmnet0 LinkAddresses: [10.148.84.29/30,]  Routes: [0.0.0.0/0 -> 10.148.84.30 rmnet0,] DnsAddresses: [211.136.112.50,211.136.150.66,] Domains: null MTU: 1500 TcpBufferSizes: 524288,1048576,2097152,262144,524288,1048576}}  nc{[ Transports: CELLULAR Capabilities: SUPL&INTERNET&NOT_RESTRICTED&TRUSTED&NOT_VPN LinkUpBandwidth>=51200Kbps LinkDnBandwidth>=102400Kbps Specifier: <1>]}  Score{10}  everValidated{false}  lastValidated{false}  created{false}  explicitlySelected{false} }
D/ConnectivityService( 1027): NetworkAgentInfo [MOBILE (LTE) - 114] EVENT_NETWORK_INFO_CHANGED, going from null to CONNECTED
D/ConnectivityService( 1027): Adding iface rmnet0 to network 114
D/ConnectivityService( 1027): Setting MTU size: rmnet0, 1500
D/ConnectivityService( 1027): Adding Route [0.0.0.0/0 -> 10.148.84.30 rmnet0] to network 114
D/ConnectivityService( 1027): Setting Dns servers for network 114 to [/211.136.112.50, /211.136.150.66]
D/NetworkManagementService( 1027): getNetworkStatsSummaryXt:NetworkStats: elapsedRealtime=66060319
D/NetworkManagementService( 1027):   [0] iface=rmnet0 uid=-1 set=ALL tag=0x0 rxBytes=70441 rxPackets=119 txBytes=25633 txPackets=439 operations=0
D/NetworkManagementService( 1027):   [1] iface=lo uid=-1 set=ALL tag=0x0 rxBytes=0 rxPackets=0 txBytes=0 txPackets=0 operations=0
D/NetworkManagementService( 1027): getNetworkStatsSummaryDev:NetworkStats: elapsedRealtime=66060319
D/NetworkManagementService( 1027):   [0] iface=rmnet0 uid=-1 set=ALL tag=0x0 rxBytes=70441 rxPackets=119 txBytes=32624 txPackets=438 operations=0
D/NetworkManagementService( 1027):   [1] iface=lo uid=-1 set=ALL tag=0x0 rxBytes=0 rxPackets=0 txBytes=0 txPackets=0 operations=0
D/ConnectivityService( 1027): notifyType IP_CHANGED for NetworkAgentInfo [MOBILE (LTE) - 114]
D/NetworkManagementService( 1027): getNetworkStatsSummaryXt:NetworkStats: elapsedRealtime=66060327
D/NetworkManagementService( 1027):   [0] iface=rmnet0 uid=-1 set=ALL tag=0x0 rxBytes=70441 rxPackets=119 txBytes=25633 txPackets=439 operations=0
D/NetworkManagementService( 1027):   [1] iface=lo uid=-1 set=ALL tag=0x0 rxBytes=0 rxPackets=0 txBytes=0 txPackets=0 operations=0
D/NetworkManagementService( 1027): getNetworkStatsSummaryDev:NetworkStats: elapsedRealtime=66060328
D/NetworkManagementService( 1027):   [0] iface=rmnet0 uid=-1 set=ALL tag=0x0 rxBytes=70441 rxPackets=119 txBytes=32624 txPackets=438 operations=0
D/NetworkManagementService( 1027):   [1] iface=lo uid=-1 set=ALL tag=0x0 rxBytes=0 rxPackets=0 txBytes=0 txPackets=0 operations=0
D/ConnectivityService( 1027): notifyType PRECHECK for NetworkAgentInfo [MOBILE (LTE) - 114]
D/ConnectivityService( 1027): rematching NetworkAgentInfo [MOBILE (LTE) - 114]
D/ConnectivityService( 1027):    accepting network in place of null
D/ConnectivityService( 1027): Switching to new default network: NetworkAgentInfo{ ni{[type: MOBILE[LTE], state: CONNECTED/CONNECTED, reason: connected, extra: cmnet, roaming: false, failover: false, isAvailable: true, isConnectedToProvisioningNetwork: false]}  network{114}  lp{{InterfaceName: rmnet0 LinkAddresses: [10.148.84.29/30,]  Routes: [0.0.0.0/0 -> 10.148.84.30 rmnet0,] DnsAddresses: [211.136.112.50,211.136.150.66,] Domains: null MTU: 1500 TcpBufferSizes: 524288,1048576,2097152,262144,524288,1048576}}  nc{[ Transports: CELLULAR Capabilities: SUPL&INTERNET&NOT_RESTRICTED&TRUSTED&NOT_VPN LinkUpBandwidth>=51200Kbps LinkDnBandwidth>=102400Kbps Specifier: <1>]}  Score{10}  everValidated{false}  lastValidated{false}  created{true}  explicitlySelected{false} }
D/ConnectivityService( 1027): notifyType AVAILABLE for NetworkAgentInfo [MOBILE (LTE) - 114]
D/CSLegacyTypeTracker( 1027): Sending connected broadcast for type 0 NetworkAgentInfo [MOBILE (LTE) - 114] isDefaultNetwork=true
D/ConnectivityService( 1027): sendStickyBroadcast: action=android.net.conn.CONNECTIVITY_CHANGE_IMMEDIATE
D/ConnectivityService( 1027): sendStickyBroadcast: action=android.net.conn.CONNECTIVITY_CHANGE
D/ConnectivityService( 1027): NetTransition Wakelock (NetworkAgentInfo [MOBILE (LTE) - 113] cleared because we found a replacement network
D/ConnectivityService( 1027): setProvNotificationVisibleIntent: E visible=false networkType=0 extraInfo=null
W/BackupManagerService( 1027): dataChanged but no participant pkg='com.android.providers.settings' uid=1001
D/ConnectivityService( 1027): rematching NetworkAgentInfo [MOBILE (LTE) - 114]
D/ConnectivityService( 1027): Network NetworkAgentInfo [MOBILE (LTE) - 114] was already satisfying request 1. No change.
D/ConnectivityService( 1027): notifyType AVAILABLE for NetworkAgentInfo [MOBILE (LTE) - 114]
D/ConnectivityService( 1027): notifyType CAP_CHANGED for NetworkAgentInfo [MOBILE (LTE) - 114]
D/ConnectivityService( 1027): Invalid tcpBufferSizes string: null, using defaults
D/ConnectivityService( 1027): Setting tx/rx TCP buffers to 4096,87380,110208,4096,16384,110208
D/NetworkManagementService( 1027): getNetworkStatsSummaryXt:NetworkStats: elapsedRealtime=66120540
D/NetworkManagementService( 1027):   [0] iface=rmnet0 uid=-1 set=ALL tag=0x0 rxBytes=70635 rxPackets=121 txBytes=26675 txPackets=456 operations=0
D/NetworkManagementService( 1027):   [1] iface=lo uid=-1 set=ALL tag=0x0 rxBytes=0 rxPackets=0 txBytes=0 txPackets=0 operations=0
D/NetworkManagementService( 1027): getNetworkStatsSummaryDev:NetworkStats: elapsedRealtime=66120552
D/NetworkManagementService( 1027):   [0] iface=rmnet0 uid=-1 set=ALL tag=0x0 rxBytes=70635 rxPackets=121 txBytes=33940 txPackets=455 operations=0
D/NetworkManagementService( 1027):   [1] iface=lo uid=-1 set=ALL tag=0x0 rxBytes=0 rxPackets=0 txBytes=0 txPackets=0 operations=0
I/ActivityManager( 1027): Start proc 10330:com.android.cellbroadcastreceiver/u0a3 for broadcast com.android.cellbroadcastreceiver/.CellBroadcastReceiver
D/ConnectivityService( 1027): notifyType IP_CHANGED for NetworkAgentInfo [MOBILE (UNKNOWN) - 114]
D/ConnectivityService( 1027): notifyType IP_CHANGED for NetworkAgentInfo [MOBILE (UNKNOWN) - 114]
I/ActivityThread(10330): Switching default density from 400 to 480
D/ConnectivityService( 1027): NetworkAgentInfo [MOBILE (UNKNOWN) - 114] EVENT_NETWORK_INFO_CHANGED, going from CONNECTED to DISCONNECTED
D/ConnectivityService( 1027): NetworkAgentInfo [MOBILE (UNKNOWN) - 114] got DISCONNECTED, was satisfying 2
D/NetworkManagementService( 1027): getNetworkStatsSummaryXt:NetworkStats: elapsedRealtime=66120739
D/NetworkManagementService( 1027):   [0] iface=rmnet0 uid=-1 set=ALL tag=0x0 rxBytes=70635 rxPackets=121 txBytes=26675 txPackets=456 operations=0
D/NetworkManagementService( 1027):   [1] iface=lo uid=-1 set=ALL tag=0x0 rxBytes=0 rxPackets=0 txBytes=0 txPackets=0 operations=0
D/NetworkManagementService( 1027): getNetworkStatsSummaryDev:NetworkStats: elapsedRealtime=66120740
D/NetworkManagementService( 1027):   [0] iface=rmnet0 uid=-1 set=ALL tag=0x0 rxBytes=70635 rxPackets=121 txBytes=33940 txPackets=455 operations=0
D/NetworkManagementService( 1027):   [1] iface=lo uid=-1 set=ALL tag=0x0 rxBytes=0 rxPackets=0 txBytes=0 txPackets=0 operations=0
D/ConnectivityService( 1027): notifyType LOST for NetworkAgentInfo [MOBILE (UNKNOWN) - 114]
D/CSLegacyTypeTracker( 1027): Sending disconnected broadcast for type 0 NetworkAgentInfo [MOBILE (UNKNOWN) - 114] isDefaultNetwork=true
D/ConnectivityService( 1027): sendStickyBroadcast: action=android.net.conn.CONNECTIVITY_CHANGE_IMMEDIATE
D/ConnectivityService( 1027): sendStickyBroadcast: action=android.net.conn.CONNECTIVITY_CHANGE
D/ConnectivityService( 1027): sendStickyBroadcast: action=android.net.conn.CONNECTIVITY_CHANGE_IMMEDIATE
D/ConnectivityService( 1027): sendStickyBroadcast: action=android.net.conn.CONNECTIVITY_CHANGE
D/ConnectivityService( 1027): Checking for replacement network to handle request NetworkRequest [ id=1, legacyType=-1, [ Capabilities: INTERNET&NOT_RESTRICTED&TRUSTED&NOT_VPN] ]
I/ActivityManager( 1027): Killing 7225:com.svox.pico/u0a41 (adj 15): empty for 2728s
I/ActivityManager( 1027): Start proc 10386:com.android.providers.calendar/u0a2 for content provider com.android.providers.calendar/.CalendarProvider2
I/ActivityThread(10386): Switching default density from 400 to 480
W/ResourcesManager(10386): Asset path '/system/framework/android.test.runner.jar' does not exist or contains no resources.
D/ConnectivityService( 1027): setProvNotificationVisible: E visible=false networkType=0 action=com.android.internal.telephony.PROVISION0
D/ConnectivityService( 1027): setProvNotificationVisibleIntent: E visible=false networkType=0 extraInfo=null
D/ConnectivityService( 1027): registerNetworkAgent NetworkAgentInfo{ ni{[type: MOBILE[LTE], state: CONNECTED/CONNECTED, reason: connected, extra: cmnet, roaming: false, failover: false, isAvailable: true, isConnectedToProvisioningNetwork: false]}  network{null}  lp{{InterfaceName: rmnet0 LinkAddresses: [10.140.248.31/26,]  Routes: [0.0.0.0/0 -> 10.140.248.32 rmnet0,] DnsAddresses: [211.136.112.50,211.136.150.66,] Domains: null MTU: 1500 TcpBufferSizes: 524288,1048576,2097152,262144,524288,1048576}}  nc{[ Transports: CELLULAR Capabilities: SUPL&INTERNET&NOT_RESTRICTED&TRUSTED&NOT_VPN LinkUpBandwidth>=51200Kbps LinkDnBandwidth>=102400Kbps Specifier: <1>]}  Score{10}  everValidated{false}  lastValidated{false}  created{false}  explicitlySelected{false} }
D/ConnectivityService( 1027): NetworkAgentInfo [MOBILE (LTE) - 115] EVENT_NETWORK_INFO_CHANGED, going from null to CONNECTED
D/ConnectivityService( 1027): Adding iface rmnet0 to network 115
D/ConnectivityService( 1027): Setting MTU size: rmnet0, 1500
D/ConnectivityService( 1027): Adding Route [0.0.0.0/0 -> 10.140.248.32 rmnet0] to network 115
D/ConnectivityService( 1027): Setting Dns servers for network 115 to [/211.136.112.50, /211.136.150.66]
D/NetworkManagementService( 1027): getNetworkStatsSummaryXt:NetworkStats: elapsedRealtime=66122446
D/NetworkManagementService( 1027):   [0] iface=rmnet0 uid=-1 set=ALL tag=0x0 rxBytes=70635 rxPackets=121 txBytes=26863 txPackets=459 operations=0
D/NetworkManagementService( 1027):   [1] iface=lo uid=-1 set=ALL tag=0x0 rxBytes=0 rxPackets=0 txBytes=0 txPackets=0 operations=0
D/NetworkManagementService( 1027): getNetworkStatsSummaryDev:NetworkStats: elapsedRealtime=66122447
D/NetworkManagementService( 1027):   [0] iface=rmnet0 uid=-1 set=ALL tag=0x0 rxBytes=70635 rxPackets=121 txBytes=34176 txPackets=458 operations=0
D/NetworkManagementService( 1027):   [1] iface=lo uid=-1 set=ALL tag=0x0 rxBytes=0 rxPackets=0 txBytes=0 txPackets=0 operations=0
D/ConnectivityService( 1027): notifyType IP_CHANGED for NetworkAgentInfo [MOBILE (LTE) - 115]
D/NetworkManagementService( 1027): getNetworkStatsSummaryXt:NetworkStats: elapsedRealtime=66122450
D/NetworkManagementService( 1027):   [0] iface=rmnet0 uid=-1 set=ALL tag=0x0 rxBytes=70635 rxPackets=121 txBytes=26863 txPackets=459 operations=0
D/NetworkManagementService( 1027):   [1] iface=lo uid=-1 set=ALL tag=0x0 rxBytes=0 rxPackets=0 txBytes=0 txPackets=0 operations=0
D/NetworkManagementService( 1027): getNetworkStatsSummaryDev:NetworkStats: elapsedRealtime=66122451
D/NetworkManagementService( 1027):   [0] iface=rmnet0 uid=-1 set=ALL tag=0x0 rxBytes=70635 rxPackets=121 txBytes=34176 txPackets=458 operations=0
D/NetworkManagementService( 1027):   [1] iface=lo uid=-1 set=ALL tag=0x0 rxBytes=0 rxPackets=0 txBytes=0 txPackets=0 operations=0
D/ConnectivityService( 1027): notifyType PRECHECK for NetworkAgentInfo [MOBILE (LTE) - 115]
D/ConnectivityService( 1027): rematching NetworkAgentInfo [MOBILE (LTE) - 115]
D/ConnectivityService( 1027):    accepting network in place of null
D/ConnectivityService( 1027): Switching to new default network: NetworkAgentInfo{ ni{[type: MOBILE[LTE], state: CONNECTED/CONNECTED, reason: connected, extra: cmnet, roaming: false, failover: false, isAvailable: true, isConnectedToProvisioningNetwork: false]}  network{115}  lp{{InterfaceName: rmnet0 LinkAddresses: [10.140.248.31/26,]  Routes: [0.0.0.0/0 -> 10.140.248.32 rmnet0,] DnsAddresses: [211.136.112.50,211.136.150.66,] Domains: null MTU: 1500 TcpBufferSizes: 524288,1048576,2097152,262144,524288,1048576}}  nc{[ Transports: CELLULAR Capabilities: SUPL&INTERNET&NOT_RESTRICTED&TRUSTED&NOT_VPN LinkUpBandwidth>=51200Kbps LinkDnBandwidth>=102400Kbps Specifier: <1>]}  Score{10}  everValidated{false}  lastValidated{false}  created{true}  explicitlySelected{false} }
D/ConnectivityService( 1027): Setting tx/rx TCP buffers to 524288,1048576,2097152,262144,524288,1048576
D/ConnectivityService( 1027): notifyType AVAILABLE for NetworkAgentInfo [MOBILE (LTE) - 115]
D/CSLegacyTypeTracker( 1027): Sending connected broadcast for type 0 NetworkAgentInfo [MOBILE (LTE) - 115] isDefaultNetwork=true
D/ConnectivityService( 1027): sendStickyBroadcast: action=android.net.conn.CONNECTIVITY_CHANGE_IMMEDIATE
D/ConnectivityService( 1027): sendStickyBroadcast: action=android.net.conn.CONNECTIVITY_CHANGE
D/ConnectivityService( 1027): NetTransition Wakelock (NetworkAgentInfo [MOBILE (UNKNOWN) - 114] cleared because we found a replacement network
I/ActivityManager( 1027): Killing 7159:net.nurik.roman.dashclock/u0a25 (adj 15): empty for 2735s
D/ConnectivityService( 1027): setProvNotificationVisibleIntent: E visible=false networkType=0 extraInfo=null
W/BackupManagerService( 1027): dataChanged but no participant pkg='com.android.providers.settings' uid=1001
D/ConnectivityService( 1027): setProvNotificationVisibleIntent: E visible=false networkType=0 extraInfo=null
D/ConnectivityService( 1027): setProvNotificationVisibleIntent: E visible=false networkType=0 extraInfo=null
D/NetworkManagementService( 1027): getNetworkStatsSummaryXt:NetworkStats: elapsedRealtime=67743636
D/NetworkManagementService( 1027):   [0] iface=rmnet0 uid=-1 set=ALL tag=0x0 rxBytes=71216 rxPackets=131 txBytes=28705 txPackets=492 operations=0
D/NetworkManagementService( 1027):   [1] iface=lo uid=-1 set=ALL tag=0x0 rxBytes=0 rxPackets=0 txBytes=0 txPackets=0 operations=0
D/NetworkManagementService( 1027): getNetworkStatsSummaryDev:NetworkStats: elapsedRealtime=67743641
D/NetworkManagementService( 1027):   [0] iface=rmnet0 uid=-1 set=ALL tag=0x0 rxBytes=71216 rxPackets=131 txBytes=36548 txPackets=491 operations=0
D/NetworkManagementService( 1027):   [1] iface=lo uid=-1 set=ALL tag=0x0 rxBytes=0 rxPackets=0 txBytes=0 txPackets=0 operations=0
I/ProcessStatsService( 1027): Prepared write state in 2ms
I/ActivityManager( 1027): Idle maintenance over +4h11m44s305ms low RAM for 0
I/MountService( 1027): Running fstrim idle maintenance
I/MountServiceIdler( 1027): Got mount service completion callback
I/fstrim  (  252): Starting fstrim work...
I/fstrim  (  252): Invoking FITRIM ioctl on /data
D/DownloadManager( 2451): Removed 0 stale downloads
D/DownloadManager( 2451): Found 0 files in database
D/DownloadManager( 2451): Found 0 files on disk
I/fstrim  (  252): Trimmed 820559872 bytes on /data
I/fstrim  (  252): Invoking FITRIM ioctl on /data
I/fstrim  (  252): Trimmed 127926272 bytes on /data
I/fstrim  (  252): Invoking FITRIM ioctl on /cache
I/fstrim  (  252): Trimmed 129994752 bytes on /cache
I/fstrim  (  252): Invoking FITRIM ioctl on /cache
I/fstrim  (  252): Trimmed 0 bytes on /cache
I/fstrim  (  252): Invoking FITRIM ioctl on /persist
I/fstrim  (  252): Trimmed 0 bytes on /persist
I/fstrim  (  252): Finished fstrim work.
D/ConnectivityService( 1027): setProvNotificationVisibleIntent: E visible=false networkType=0 extraInfo=null
D/NetworkManagementService( 1027): getNetworkStatsSummaryXt:NetworkStats: elapsedRealtime=68532977
D/NetworkManagementService( 1027):   [0] iface=rmnet0 uid=-1 set=ALL tag=0x0 rxBytes=71216 rxPackets=131 txBytes=28945 txPackets=496 operations=0
D/NetworkManagementService( 1027):   [1] iface=lo uid=-1 set=ALL tag=0x0 rxBytes=0 rxPackets=0 txBytes=0 txPackets=0 operations=0
D/NetworkManagementService( 1027): getNetworkStatsSummaryDev:NetworkStats: elapsedRealtime=68532979
D/NetworkManagementService( 1027):   [0] iface=rmnet0 uid=-1 set=ALL tag=0x0 rxBytes=71216 rxPackets=131 txBytes=36852 txPackets=495 operations=0
D/NetworkManagementService( 1027):   [1] iface=lo uid=-1 set=ALL tag=0x0 rxBytes=0 rxPackets=0 txBytes=0 txPackets=0 operations=0
D/ConnectivityService( 1027): setProvNotificationVisibleIntent: E visible=false networkType=0 extraInfo=null
W/BackupManagerService( 1027): dataChanged but no participant pkg='com.android.providers.settings' uid=1001
I/PowerManagerService( 1027): Waking up from dozing (uid 1000)...
I/DreamManagerService( 1027): Gently waking up from dream.
I/DisplayPowerController( 1027): Blocking screen on until initial contents have been drawn.
I/DreamManagerService( 1027): Leaving dreamland.
I/DreamController( 1027): Stopping dream: name=ComponentInfo{com.android.systemui/com.android.systemui.doze.DozeService}, isTest=false, canDoze=true, userId=0
I/DisplayManagerService( 1027): Display device changed: DisplayDeviceInfo{"内置屏幕": uniqueId="local:0", 1080 x 1920, 63.0 fps, supportedRefreshRates [63.0], density 480, 403.411 x 403.041 dpi, appVsyncOff 7500000, presDeadline 11873016, touch INTERNAL, rotation 0, type BUILT_IN, state ON, FLAG_DEFAULT_DISPLAY, FLAG_ROTATES_WITH_CONTENT, FLAG_SECURE, FLAG_SUPPORTS_PROTECTED_BUFFERS}
V/ActivityManager( 1027): Display changed displayId=0
I/DisplayPowerController( 1027): Unblocked screen on after 146 ms
I/ActivityManager( 1027): START u0 {act=android.intent.action.VIEW flg=0x10200000 cmp=com.slim.slimlauncher/.Launcher bnds=[451,1714][655,1934] (has extras)} from uid 10044 on display 0
I/ActivityManager( 1027): START u0 {act=android.intent.action.MAIN cat=[android.intent.category.LAUNCHER] flg=0x10200000 cmp=com.shen.activityfragmentdemo/.GlassBaseActivity (has extras)} from uid 10044 on display 0
V/WindowManager( 1027): addAppToken: AppWindowToken{9989a4b token=Token{15825f1a ActivityRecord{bfe09c5 u0 com.shen.activityfragmentdemo/.GlassBaseActivity t26}}} to stack=1 task=26 at 0
V/ActivityManager( 1027): Display changed displayId=0
I/ActivityManager( 1027): Config changes=480 {1.0 460mcc7mnc zh_CN ?layoutDir sw432dp w768dp h406dp 480dpi nrml long land finger -keyb/v/h -nav/h s.49}
I/ActivityThread( 2764): Switching default density from 400 to 480
I/ActivityThread( 2376): Switching default density from 400 to 480
I/ActivityThread( 2357): Switching default density from 400 to 480
I/ActivityThread( 2332): Switching default density from 400 to 480
I/ActivityThread( 2310): Switching default density from 400 to 480
I/ActivityThread( 1922): Switching default density from 400 to 480
I/ActivityThread( 1027): Switching default density from 400 to 480
I/ActivityThread( 3004): Switching default density from 400 to 480
I/ActivityThread( 2451): Switching default density from 400 to 480
I/ActivityThread( 2219): Switching default density from 400 to 480
I/ActivityThread( 9918): Switching default density from 400 to 480
I/ActivityThread(10222): Switching default density from 400 to 480
I/ActivityThread(10386): Switching default density from 400 to 480
I/ActivityThread(10330): Switching default density from 400 to 480
I/ActivityThread( 3377): Switching default density from 400 to 480
I/ActivityThread( 9798): Switching default density from 400 to 480
I/ActivityThread( 7085): Switching default density from 400 to 480
I/ActivityThread( 3184): Switching default density from 400 to 480
I/ActivityThread( 9942): Switching default density from 400 to 480
I/ActivityThread( 3537): Switching default density from 400 to 480
I/ActivityThread( 9798): Switching default density from 400 to 480
I/ActivityThread( 3122): Switching default density from 400 to 480
V/WindowManager( 1027): Adding window Window{31c15d1f u0 com.shen.activityfragmentdemo/com.shen.activityfragmentdemo.GlassBaseActivity} at 4 of 9 (after Window{cc69a7b u0 com.android.settings/com.android.settings.SubSettings})
I/WindowManager( 1027): Screen frozen for +251ms due to Window{29b98f07 u0 NavigationBar}
D/WifiService( 1027): setWifiEnabled: true pid=9798, uid=10032
E/WifiService( 1027): Invoking mWifiStateMachine.setWifiEnabled
E/NetdConnector( 1027): NDC Command {888 softap fwreload wlan0 STA} took too long (650ms)
D/NetworkManagementService( 1027): getNetworkStatsSummaryXt:NetworkStats: elapsedRealtime=69205982
D/NetworkManagementService( 1027):   [0] iface=rmnet0 uid=-1 set=ALL tag=0x0 rxBytes=71307 rxPackets=132 txBytes=29380 txPackets=503 operations=0
D/NetworkManagementService( 1027):   [1] iface=lo uid=-1 set=ALL tag=0x0 rxBytes=0 rxPackets=0 txBytes=0 txPackets=0 operations=0
D/NetworkManagementService( 1027): getNetworkStatsSummaryDev:NetworkStats: elapsedRealtime=69205983
D/NetworkManagementService( 1027):   [0] iface=rmnet0 uid=-1 set=ALL tag=0x0 rxBytes=71307 rxPackets=132 txBytes=37400 txPackets=502 operations=0
D/NetworkManagementService( 1027):   [1] iface=lo uid=-1 set=ALL tag=0x0 rxBytes=0 rxPackets=0 txBytes=0 txPackets=0 operations=0
D/NetworkManagementService( 1027): getNetworkStatsSummaryXt:NetworkStats: elapsedRealtime=69205997
D/NetworkManagementService( 1027):   [0] iface=rmnet0 uid=-1 set=ALL tag=0x0 rxBytes=71307 rxPackets=132 txBytes=29380 txPackets=503 operations=0
D/NetworkManagementService( 1027):   [1] iface=lo uid=-1 set=ALL tag=0x0 rxBytes=0 rxPackets=0 txBytes=0 txPackets=0 operations=0
D/NetworkManagementService( 1027): getNetworkStatsSummaryDev:NetworkStats: elapsedRealtime=69205998
D/NetworkManagementService( 1027):   [0] iface=rmnet0 uid=-1 set=ALL tag=0x0 rxBytes=71307 rxPackets=132 txBytes=37400 txPackets=502 operations=0
D/NetworkManagementService( 1027):   [1] iface=lo uid=-1 set=ALL tag=0x0 rxBytes=0 rxPackets=0 txBytes=0 txPackets=0 operations=0
D/ConnectivityService( 1027): setProvNotificationVisibleIntent: E visible=false networkType=0 extraInfo=null
D/WifiService( 1027): setWifiEnabled: false pid=9798, uid=10032
E/WifiService( 1027): Invoking mWifiStateMachine.setWifiEnabled
V/ActivityManager( 1027): Display changed displayId=0
I/ActivityManager( 1027): Config changes=480 {1.0 460mcc7mnc zh_CN ?layoutDir sw432dp w432dp h742dp 480dpi nrml long port finger -keyb/v/h -nav/h s.50}
I/ActivityThread( 3122): Switching default density from 400 to 480
I/ActivityThread( 2764): Switching default density from 400 to 480
I/ActivityThread( 2376): Switching default density from 400 to 480
I/ActivityThread( 2357): Switching default density from 400 to 480
I/ActivityThread( 2332): Switching default density from 400 to 480
I/ActivityThread( 2310): Switching default density from 400 to 480
I/ActivityThread(10222): Switching default density from 400 to 480
I/ActivityThread(10386): Switching default density from 400 to 480
I/ActivityThread(10330): Switching default density from 400 to 480
I/ActivityThread( 9942): Switching default density from 400 to 480
I/ActivityThread( 7085): Switching default density from 400 to 480
I/ActivityThread( 3184): Switching default density from 400 to 480
I/ActivityThread( 3377): Switching default density from 400 to 480
I/ActivityThread( 1027): Switching default density from 400 to 480
I/ActivityThread( 1922): Switching default density from 400 to 480
I/ActivityThread( 3004): Switching default density from 400 to 480
I/ActivityThread( 9918): Switching default density from 400 to 480
I/ActivityThread( 2451): Switching default density from 400 to 480
I/ActivityThread( 3537): Switching default density from 400 to 480
I/ActivityThread( 2219): Switching default density from 400 to 480
I/WindowManager( 1027): Screen frozen for +200ms due to Window{d94e795 u0 com.android.systemui.ImageWallpaper}
E/ActivityThread( 9798): Activity com.shen.activityfragmentdemo.GlassBaseActivity has leaked IntentReceiver com.shen.activityfragmentdemo.GlassBaseActivity$1@36abf1ed that was originally registered here. Are you missing a call to unregisterReceiver()?
E/ActivityThread( 9798): android.app.IntentReceiverLeaked: Activity com.shen.activityfragmentdemo.GlassBaseActivity has leaked IntentReceiver com.shen.activityfragmentdemo.GlassBaseActivity$1@36abf1ed that was originally registered here. Are you missing a call to unregisterReceiver()?
E/ActivityThread( 9798): 	at android.app.LoadedApk$ReceiverDispatcher.<init>(LoadedApk.java:903)
E/ActivityThread( 9798): 	at android.app.LoadedApk.getReceiverDispatcher(LoadedApk.java:704)
E/ActivityThread( 9798): 	at android.app.ContextImpl.registerReceiverInternal(ContextImpl.java:1659)
E/ActivityThread( 9798): 	at android.app.ContextImpl.registerReceiver(ContextImpl.java:1639)
E/ActivityThread( 9798): 	at android.app.ContextImpl.registerReceiver(ContextImpl.java:1633)
E/ActivityThread( 9798): 	at android.content.ContextWrapper.registerReceiver(ContextWrapper.java:489)
E/ActivityThread( 9798): 	at com.shen.activityfragmentdemo.GlassBaseActivity.onResume(GlassBaseActivity.java:53)
E/ActivityThread( 9798): 	at android.app.Instrumentation.callActivityOnResume(Instrumentation.java:1257)
E/ActivityThread( 9798): 	at android.app.Activity.performResume(Activity.java:6120)
E/ActivityThread( 9798): 	at android.app.ActivityThread.performResumeActivity(ActivityThread.java:2990)
E/ActivityThread( 9798): 	at android.app.ActivityThread.handleResumeActivity(ActivityThread.java:3032)
E/ActivityThread( 9798): 	at android.app.ActivityThread.handleLaunchActivity(ActivityThread.java:2407)
E/ActivityThread( 9798): 	at android.app.ActivityThread.access$900(ActivityThread.java:151)
E/ActivityThread( 9798): 	at android.app.ActivityThread$H.handleMessage(ActivityThread.java:1318)
E/ActivityThread( 9798): 	at android.os.Handler.dispatchMessage(Handler.java:102)
E/ActivityThread( 9798): 	at android.os.Looper.loop(Looper.java:135)
E/ActivityThread( 9798): 	at android.app.ActivityThread.main(ActivityThread.java:5269)
E/ActivityThread( 9798): 	at java.lang.reflect.Method.invoke(Native Method)
E/ActivityThread( 9798): 	at java.lang.reflect.Method.invoke(Method.java:372)
E/ActivityThread( 9798): 	at com.android.internal.os.ZygoteInit$MethodAndArgsCaller.run(ZygoteInit.java:904)
E/ActivityThread( 9798): 	at com.android.internal.os.ZygoteInit.main(ZygoteInit.java:699)
I/ActivityManager( 1027): START u0 {act=android.intent.action.MAIN cat=[android.intent.category.LAUNCHER] flg=0x10200000 cmp=com.android.settings/.Settings bnds=[434,1084][646,1366] (has extras)} from uid 10044 on display 0
I/ActivityManager( 1027): START u0 {act=android.intent.action.MAIN cmp=com.android.settings/.SubSettings (has extras)} from uid 1000 on display 0
V/WindowManager( 1027): addAppToken: AppWindowToken{3a60d0e8 token=Token{c170a0b ActivityRecord{23b9b5da u0 com.android.settings/.SubSettings t6}}} to stack=1 task=6 at 1
I/ActivityThread( 3537): Switching default density from 400 to 480
V/WindowManager( 1027): Adding window Window{1d2c7456 u0 com.android.settings/com.android.settings.SubSettings} at 3 of 8 (after Window{6881889 u0 com.android.settings/com.android.settings.Settings})
D/TaskPersister( 1027): removeObsoleteFile: deleting file=25_task_thumbnail.png
D/WifiService( 1027): setWifiEnabled: true pid=3537, uid=1000
E/WifiService( 1027): Invoking mWifiStateMachine.setWifiEnabled
E/NetdConnector( 1027): NDC Command {904 softap fwreload wlan0 STA} took too long (578ms)
D/NetworkManagementService( 1027): getNetworkStatsSummaryXt:NetworkStats: elapsedRealtime=69255564
D/NetworkManagementService( 1027):   [0] iface=rmnet0 uid=-1 set=ALL tag=0x0 rxBytes=71307 rxPackets=132 txBytes=29500 txPackets=505 operations=0
D/NetworkManagementService( 1027):   [1] iface=lo uid=-1 set=ALL tag=0x0 rxBytes=0 rxPackets=0 txBytes=0 txPackets=0 operations=0
D/NetworkManagementService( 1027): getNetworkStatsSummaryDev:NetworkStats: elapsedRealtime=69255565
D/NetworkManagementService( 1027):   [0] iface=rmnet0 uid=-1 set=ALL tag=0x0 rxBytes=71307 rxPackets=132 txBytes=37552 txPackets=504 operations=0
D/NetworkManagementService( 1027):   [1] iface=lo uid=-1 set=ALL tag=0x0 rxBytes=0 rxPackets=0 txBytes=0 txPackets=0 operations=0
D/NetworkManagementService( 1027): getNetworkStatsSummaryXt:NetworkStats: elapsedRealtime=69255571
D/NetworkManagementService( 1027):   [0] iface=rmnet0 uid=-1 set=ALL tag=0x0 rxBytes=71307 rxPackets=132 txBytes=29500 txPackets=505 operations=0
D/NetworkManagementService( 1027):   [1] iface=lo uid=-1 set=ALL tag=0x0 rxBytes=0 rxPackets=0 txBytes=0 txPackets=0 operations=0
D/NetworkManagementService( 1027): getNetworkStatsSummaryDev:NetworkStats: elapsedRealtime=69255573
D/NetworkManagementService( 1027):   [0] iface=rmnet0 uid=-1 set=ALL tag=0x0 rxBytes=71307 rxPackets=132 txBytes=37552 txPackets=504 operations=0
D/NetworkManagementService( 1027):   [1] iface=lo uid=-1 set=ALL tag=0x0 rxBytes=0 rxPackets=0 txBytes=0 txPackets=0 operations=0
V/WindowManager( 1027): not Base app: Adding window Window{3221293a u0 prime-max} at 4 of 9
E/WiFiServiceImpl ( 1027): CONNECT  nid=-1 uid=1000
D/WifiService( 1027): Connect with config* ID: -1 SSID: "prime-max" BSSID: null FQDN: null REALM: null PRIO: 0
D/WifiService( 1027):  KeyMgmt: WPA_PSK Protocols:
D/WifiService( 1027):  AuthAlgorithms:
D/WifiService( 1027):  PairwiseCiphers:
D/WifiService( 1027):  GroupCiphers:
D/WifiService( 1027):  PSK: *
D/WifiService( 1027):  sim_num 
D/WifiService( 1027): Enterprise config:
D/WifiService( 1027): IP config:
D/WifiService( 1027): IP assignment: DHCP
D/WifiService( 1027): Proxy settings: NONE
D/WifiService( 1027):  uid=1000roamingFailureBlackListTimeMilli: 1000
D/WifiService( 1027): triggeredLow: 0 triggeredBad: 0 triggeredNotHigh: 0
D/WifiService( 1027): ticksLow: 0 ticksBad: 0 ticksNotHigh: 0
D/WifiService( 1027): triggeredJoin: 0
D/WifiService( 1027): autoJoinBailedDueToLowRssi: false
D/WifiService( 1027): autoJoinUseAggressiveJoinAttemptThreshold: 0
D/NetworkManagementService( 1027): getNetworkStatsSummaryXt:NetworkStats: elapsedRealtime=69274432
D/NetworkManagementService( 1027):   [0] iface=rmnet0 uid=-1 set=ALL tag=0x0 rxBytes=71307 rxPackets=132 txBytes=29500 txPackets=505 operations=0
D/NetworkManagementService( 1027):   [1] iface=lo uid=-1 set=ALL tag=0x0 rxBytes=0 rxPackets=0 txBytes=0 txPackets=0 operations=0
D/NetworkManagementService( 1027): getNetworkStatsSummaryDev:NetworkStats: elapsedRealtime=69274442
D/NetworkManagementService( 1027):   [0] iface=rmnet0 uid=-1 set=ALL tag=0x0 rxBytes=71307 rxPackets=132 txBytes=37552 txPackets=504 operations=0
D/NetworkManagementService( 1027):   [1] iface=lo uid=-1 set=ALL tag=0x0 rxBytes=0 rxPackets=0 txBytes=0 txPackets=0 operations=0
D/ConnectivityService( 1027): registerNetworkAgent NetworkAgentInfo{ ni{[type: WIFI[], state: CONNECTING/CONNECTING, reason: (unspecified), extra: "prime-max", roaming: false, failover: false, isAvailable: true, isConnectedToProvisioningNetwork: false]}  network{null}  lp{{LinkAddresses: []  Routes: [] DnsAddresses: [] Domains: null MTU: 0 TcpBufferSizes: 524288,1048576,2097152,262144,524288,1048576}}  nc{[ Transports: WIFI Capabilities: INTERNET&NOT_RESTRICTED&TRUSTED&NOT_VPN LinkUpBandwidth>=1048576Kbps LinkDnBandwidth>=1048576Kbps]}  Score{20}  everValidated{false}  lastValidated{false}  created{false}  explicitlySelected{false} }
D/ConnectivityService( 1027): NetworkAgentInfo [WIFI () - 116] EVENT_NETWORK_INFO_CHANGED, going from null to CONNECTING
D/ConnectivityService( 1027): updateNetworkScore for NetworkAgentInfo [WIFI () - 116] to 60
D/ConnectivityService( 1027): rematching NetworkAgentInfo [MOBILE (LTE) - 115]
D/ConnectivityService( 1027): Network NetworkAgentInfo [MOBILE (LTE) - 115] was already satisfying request 1. No change.
D/ConnectivityService( 1027): notifyType AVAILABLE for NetworkAgentInfo [MOBILE (LTE) - 115]
D/ConnectivityService( 1027): NetworkAgentInfo [WIFI () - 116] EVENT_NETWORK_INFO_CHANGED, going from CONNECTING to CONNECTED
D/ConnectivityService( 1027): Adding iface wlan0 to network 116
E/ConnectivityService( 1027): Unexpected mtu value: 0, wlan0
D/ConnectivityService( 1027): Adding Route [fe80::/64 -> :: wlan0] to network 116
D/ConnectivityService( 1027): Adding Route [192.168.1.0/24 -> 0.0.0.0 wlan0] to network 116
D/ConnectivityService( 1027): Adding Route [0.0.0.0/0 -> 192.168.1.254 wlan0] to network 116
D/ConnectivityService( 1027): Setting Dns servers for network 116 to [/192.168.1.254, /0.0.0.0]
D/NetworkManagementService( 1027): getNetworkStatsSummaryXt:NetworkStats: elapsedRealtime=69275196
D/NetworkManagementService( 1027):   [0] iface=wlan0 uid=-1 set=ALL tag=0x0 rxBytes=656 rxPackets=2 txBytes=140 txPackets=2 operations=0
D/NetworkManagementService( 1027):   [1] iface=rmnet0 uid=-1 set=ALL tag=0x0 rxBytes=71307 rxPackets=132 txBytes=29560 txPackets=506 operations=0
D/NetworkManagementService( 1027):   [2] iface=lo uid=-1 set=ALL tag=0x0 rxBytes=0 rxPackets=0 txBytes=0 txPackets=0 operations=0
D/NetworkManagementService( 1027): getNetworkStatsSummaryDev:NetworkStats: elapsedRealtime=69275197
D/NetworkManagementService( 1027):   [0] iface=wlan0 uid=-1 set=ALL tag=0x0 rxBytes=938 rxPackets=5 txBytes=1130 txPackets=6 operations=0
D/NetworkManagementService( 1027):   [1] iface=rmnet0 uid=-1 set=ALL tag=0x0 rxBytes=71307 rxPackets=132 txBytes=37628 txPackets=505 operations=0
D/NetworkManagementService( 1027):   [2] iface=lo uid=-1 set=ALL tag=0x0 rxBytes=0 rxPackets=0 txBytes=0 txPackets=0 operations=0
D/ConnectivityService( 1027): notifyType IP_CHANGED for NetworkAgentInfo [WIFI () - 116]
D/NetworkManagementService( 1027): getNetworkStatsSummaryXt:NetworkStats: elapsedRealtime=69275204
D/NetworkManagementService( 1027):   [0] iface=wlan0 uid=-1 set=ALL tag=0x0 rxBytes=656 rxPackets=2 txBytes=140 txPackets=2 operations=0
D/NetworkManagementService( 1027):   [1] iface=rmnet0 uid=-1 set=ALL tag=0x0 rxBytes=71307 rxPackets=132 txBytes=29560 txPackets=506 operations=0
D/NetworkManagementService( 1027):   [2] iface=lo uid=-1 set=ALL tag=0x0 rxBytes=0 rxPackets=0 txBytes=0 txPackets=0 operations=0
D/NetworkManagementService( 1027): getNetworkStatsSummaryDev:NetworkStats: elapsedRealtime=69275206
D/NetworkManagementService( 1027):   [0] iface=wlan0 uid=-1 set=ALL tag=0x0 rxBytes=938 rxPackets=5 txBytes=1130 txPackets=6 operations=0
D/NetworkManagementService( 1027):   [1] iface=rmnet0 uid=-1 set=ALL tag=0x0 rxBytes=71307 rxPackets=132 txBytes=37628 txPackets=505 operations=0
D/NetworkManagementService( 1027):   [2] iface=lo uid=-1 set=ALL tag=0x0 rxBytes=0 rxPackets=0 txBytes=0 txPackets=0 operations=0
D/ConnectivityService( 1027): notifyType PRECHECK for NetworkAgentInfo [WIFI () - 116]
D/ConnectivityService( 1027): rematching NetworkAgentInfo [WIFI () - 116]
D/ConnectivityService( 1027):    accepting network in place of NetworkAgentInfo [MOBILE (LTE) - 115]
D/ConnectivityService( 1027): Switching to new default network: NetworkAgentInfo{ ni{[type: WIFI[], state: CONNECTED/CONNECTED, reason: (unspecified), extra: "prime-max", roaming: false, failover: false, isAvailable: true, isConnectedToProvisioningNetwork: false]}  network{116}  lp{{InterfaceName: wlan0 LinkAddresses: [fe80::c2ee:fbff:fe00:6e4/64,192.168.1.100/24,]  Routes: [fe80::/64 -> :: wlan0,192.168.1.0/24 -> 0.0.0.0 wlan0,0.0.0.0/0 -> 192.168.1.254 wlan0,] DnsAddresses: [192.168.1.254,0.0.0.0,] Domains:  MTU: 0 TcpBufferSizes: 524288,1048576,2097152,262144,524288,1048576}}  nc{[ Transports: WIFI Capabilities: INTERNET&NOT_RESTRICTED&TRUSTED&NOT_VPN LinkUpBandwidth>=1048576Kbps LinkDnBandwidth>=1048576Kbps]}  Score{100}  everValidated{false}  lastValidated{false}  created{true}  explicitlySelected{true} }
D/ConnectivityService( 1027): notifyType AVAILABLE for NetworkAgentInfo [WIFI () - 116]
D/CSLegacyTypeTracker( 1027): Sending disconnected broadcast for type 0 NetworkAgentInfo [MOBILE (LTE) - 115] isDefaultNetwork=false
D/ConnectivityService( 1027): sendStickyBroadcast: action=android.net.conn.CONNECTIVITY_CHANGE_IMMEDIATE
D/ConnectivityService( 1027): sendStickyBroadcast: action=android.net.conn.CONNECTIVITY_CHANGE
D/CSLegacyTypeTracker( 1027): Sending connected broadcast for type 1 NetworkAgentInfo [WIFI () - 116] isDefaultNetwork=true
D/ConnectivityService( 1027): sendStickyBroadcast: action=android.net.conn.CONNECTIVITY_CHANGE_IMMEDIATE
D/ConnectivityService( 1027): sendStickyBroadcast: action=android.net.conn.CONNECTIVITY_CHANGE
D/ConnectivityService( 1027): Reaping NetworkAgentInfo [MOBILE (LTE) - 115]
D/ConnectivityService( 1027): NetworkAgentInfo [MOBILE (LTE) - 115] got DISCONNECTED, was satisfying 1
D/NetworkManagementService( 1027): getNetworkStatsSummaryXt:NetworkStats: elapsedRealtime=69275477
D/NetworkManagementService( 1027):   [0] iface=wlan0 uid=-1 set=ALL tag=0x0 rxBytes=831 rxPackets=4 txBytes=415 txPackets=6 operations=0
D/NetworkManagementService( 1027):   [1] iface=rmnet0 uid=-1 set=ALL tag=0x0 rxBytes=71307 rxPackets=132 txBytes=29560 txPackets=506 operations=0
D/NetworkManagementService( 1027):   [2] iface=lo uid=-1 set=ALL tag=0x0 rxBytes=0 rxPackets=0 txBytes=0 txPackets=0 operations=0
D/NetworkManagementService( 1027): getNetworkStatsSummaryDev:NetworkStats: elapsedRealtime=69275479
D/NetworkManagementService( 1027):   [0] iface=wlan0 uid=-1 set=ALL tag=0x0 rxBytes=1159 rxPackets=8 txBytes=1433 txPackets=10 operations=0
D/NetworkManagementService( 1027):   [1] iface=rmnet0 uid=-1 set=ALL tag=0x0 rxBytes=71307 rxPackets=132 txBytes=37628 txPackets=505 operations=0
D/NetworkManagementService( 1027):   [2] iface=lo uid=-1 set=ALL tag=0x0 rxBytes=0 rxPackets=0 txBytes=0 txPackets=0 operations=0
D/ConnectivityService( 1027): notifyType LOST for NetworkAgentInfo [MOBILE (LTE) - 115]
D/ConnectivityService( 1027): notifyType IP_CHANGED for NetworkAgentInfo [WIFI () - 116]
W/ViewRootImpl( 3537): Dropping event due to no window focus: KeyEvent { action=ACTION_DOWN, keyCode=KEYCODE_BACK, scanCode=0, metaState=0, flags=0x48, repeatCount=0, eventTime=16692606, downTime=16692606, deviceId=-1, source=0x101 }
W/ViewRootImpl( 3537): Cancelling event due to no window focus: KeyEvent { action=ACTION_UP, keyCode=KEYCODE_BACK, scanCode=0, metaState=0, flags=0x68, repeatCount=0, eventTime=16692606, downTime=16692606, deviceId=-1, source=0x101 }
W/ViewRootImpl( 3537): Cancelling event due to no window focus: KeyEvent { action=ACTION_UP, keyCode=KEYCODE_BACK, scanCode=0, metaState=0, flags=0x68, repeatCount=0, eventTime=16692606, downTime=16692606, deviceId=-1, source=0x101 }
W/ViewRootImpl( 3537): Cancelling event due to no window focus: KeyEvent { action=ACTION_UP, keyCode=KEYCODE_BACK, scanCode=0, metaState=0, flags=0x68, repeatCount=0, eventTime=16692606, downTime=16692606, deviceId=-1, source=0x101 }
I/ActivityManager( 1027): Killing 7085:com.android.defcontainer/u0a5 (adj 15): empty for 5878s
