E/MP-Decision(  278): Error(-22) changing core 2 status to offline
E/MP-Decision(  278): Error(-22) changing core 3 status to offline
E/MP-Decision(  278): Error(-22) changing core 2 status to offline
E/MP-Decision(  278): Error(-22) changing core 3 status to offline
E/MP-Decision(  278): Error(-22) changing core 2 status to offline
E/MP-Decision(  278): Error(-22) changing core 3 status to offline
E/MP-Decision(  278): Error(-22) changing core 2 status to offline
E/MP-Decision(  278): Error(-22) changing core 3 status to offline
E/MP-Decision(  278): Error(-22) changing core 2 status to offline
E/MP-Decision(  278): Error(-22) changing core 3 status to offline
E/MP-Decision(  278): Error(-22) changing core 2 status to offline
E/MP-Decision(  278): Error(-22) changing core 3 status to offline
E/MP-Decision(  278): Error(-22) changing core 2 status to offline
E/MP-Decision(  278): Error(-22) changing core 3 status to offline
E/MP-Decision(  278): Error(-22) changing core 2 status to offline
E/MP-Decision(  278): Error(-22) changing core 3 status to offline
E/MP-Decision(  278): Error(-22) changing core 2 status to offline
E/MP-Decision(  278): Error(-22) changing core 3 status to offline
E/MP-Decision(  278): Error(-22) changing core 2 status to offline
E/MP-Decision(  278): Error(-22) changing core 3 status to offline
E/MP-Decision(  278): Error(-22) changing core 2 status to offline
E/MP-Decision(  278): Error(-22) changing core 3 status to offline
E/MP-Decision(  278): Error(-22) changing core 2 status to offline
E/MP-Decision(  278): Error(-22) changing core 3 status to offline
E/MP-Decision(  278): Error(-22) changing core 2 status to offline
E/MP-Decision(  278): Error(-22) changing core 3 status to offline
E/MP-Decision(  278): Error(-22) changing core 2 status to offline
E/MP-Decision(  278): Error(-22) changing core 3 status to offline
E/MP-Decision(  278): Error(-22) changing core 2 status to offline
E/MP-Decision(  278): Error(-22) changing core 3 status to offline
E/MP-Decision(  278): Error(-22) changing core 2 status to offline
E/MP-Decision(  278): Error(-22) changing core 3 status to offline
E/MP-Decision(  278): Error(-22) changing core 2 status to offline
E/MP-Decision(  278): Error(-22) changing core 3 status to offline
E/MP-Decision(  278): Error(-22) changing core 2 status to offline
E/MP-Decision(  278): Error(-22) changing core 3 status to offline
E/MP-Decision(  278): Error(-22) changing core 2 status to offline
E/MP-Decision(  278): Error(-22) changing core 3 status to offline
E/MP-Decision(  278): Error(-22) changing core 2 status to offline
E/MP-Decision(  278): Error(-22) changing core 3 status to offline
E/MP-Decision(  278): Error(-22) changing core 2 status to offline
E/MP-Decision(  278): Error(-22) changing core 3 status to offline
E/MP-Decision(  278): Error(-22) changing core 2 status to offline
E/MP-Decision(  278): Error(-22) changing core 3 status to offline
E/MP-Decision(  278): Error(-22) changing core 2 status to offline
E/MP-Decision(  278): Error(-22) changing core 3 status to offline
E/MP-Decision(  278): Error(-22) changing core 2 status to offline
E/MP-Decision(  278): Error(-22) changing core 3 status to offline
E/MP-Decision(  278): Error(-22) changing core 2 status to offline
E/MP-Decision(  278): Error(-22) changing core 3 status to offline
E/MP-Decision(  278): Error(-22) changing core 2 status to offline
E/MP-Decision(  278): Error(-22) changing core 3 status to offline
E/MP-Decision(  278): Error(-22) changing core 2 status to offline
E/MP-Decision(  278): Error(-22) changing core 3 status to offline
E/MP-Decision(  278): Error(-22) changing core 2 status to offline
E/MP-Decision(  278): Error(-22) changing core 3 status to offline
E/MP-Decision(  278): Error(-22) changing core 2 status to offline
E/MP-Decision(  278): Error(-22) changing core 3 status to offline
E/MP-Decision(  278): Error(-22) changing core 2 status to offline
E/MP-Decision(  278): Error(-22) changing core 3 status to offline
E/MP-Decision(  278): Error(-22) changing core 2 status to offline
E/MP-Decision(  278): Error(-22) changing core 3 status to offline
E/MP-Decision(  278): Error(-22) changing core 2 status to offline
E/MP-Decision(  278): Error(-22) changing core 3 status to offline
E/MP-Decision(  278): Error(-22) changing core 2 status to offline
E/MP-Decision(  278): Error(-22) changing core 3 status to offline
E/MP-Decision(  278): Error(-22) changing core 2 status to offline
E/MP-Decision(  278): Error(-22) changing core 3 status to offline
E/MP-Decision(  278): Error(-22) changing core 2 status to offline
E/MP-Decision(  278): Error(-22) changing core 3 status to offline
E/MP-Decision(  278): Error(-22) changing core 2 status to offline
E/MP-Decision(  278): Error(-22) changing core 3 status to offline
E/MP-Decision(  278): Error(-22) changing core 2 status to offline
E/MP-Decision(  278): Error(-22) changing core 3 status to offline
E/MP-Decision(  278): Error(-22) changing core 2 status to offline
E/MP-Decision(  278): Error(-22) changing core 3 status to offline
E/MP-Decision(  278): Error(-22) changing core 2 status to offline
E/MP-Decision(  278): Error(-22) changing core 3 status to offline
E/MP-Decision(  278): Error(-22) changing core 2 status to offline
E/MP-Decision(  278): Error(-22) changing core 3 status to offline
E/MP-Decision(  278): Error(-22) changing core 2 status to offline
E/MP-Decision(  278): Error(-22) changing core 3 status to offline
E/MP-Decision(  278): Error(-22) changing core 2 status to offline
E/MP-Decision(  278): Error(-22) changing core 3 status to offline
E/MP-Decision(  278): Error(-22) changing core 2 status to offline
E/MP-Decision(  278): Error(-22) changing core 3 status to offline
E/MP-Decision(  278): Error(-22) changing core 2 status to offline
E/MP-Decision(  278): Error(-22) changing core 3 status to offline
E/MP-Decision(  278): Error(-22) changing core 2 status to offline
E/MP-Decision(  278): Error(-22) changing core 3 status to offline
E/MP-Decision(  278): Error(-22) changing core 2 status to offline
E/MP-Decision(  278): Error(-22) changing core 3 status to offline
E/MP-Decision(  278): Error(-22) changing core 2 status to offline
E/MP-Decision(  278): Error(-22) changing core 3 status to offline
E/MP-Decision(  278): Error(-22) changing core 2 status to offline
E/MP-Decision(  278): Error(-22) changing core 3 status to offline
E/MP-Decision(  278): Error(-22) changing core 2 status to offline
E/MP-Decision(  278): Error(-22) changing core 3 status to offline
E/MP-Decision(  278): Error(-22) changing core 2 status to offline
E/MP-Decision(  278): Error(-22) changing core 3 status to offline
E/MP-Decision(  278): Error(-22) changing core 2 status to offline
E/MP-Decision(  278): Error(-22) changing core 3 status to offline
E/MP-Decision(  278): Error(-22) changing core 2 status to offline
E/MP-Decision(  278): Error(-22) changing core 3 status to offline
E/MP-Decision(  278): Error(-22) changing core 2 status to offline
E/MP-Decision(  278): Error(-22) changing core 3 status to offline
E/MP-Decision(  278): Error(-22) changing core 2 status to offline
E/MP-Decision(  278): Error(-22) changing core 3 status to offline
E/MP-Decision(  278): Error(-22) changing core 2 status to offline
E/MP-Decision(  278): Error(-22) changing core 3 status to offline
E/MP-Decision(  278): Error(-22) changing core 2 status to offline
E/MP-Decision(  278): Error(-22) changing core 3 status to offline
E/MP-Decision(  278): Error(-22) changing core 2 status to offline
E/MP-Decision(  278): Error(-22) changing core 3 status to offline
E/MP-Decision(  278): Error(-22) changing core 2 status to offline
E/MP-Decision(  278): Error(-22) changing core 3 status to offline
E/MP-Decision(  278): Error(-22) changing core 2 status to offline
E/MP-Decision(  278): Error(-22) changing core 3 status to offline
E/MP-Decision(  278): Error(-22) changing core 2 status to offline
E/MP-Decision(  278): Error(-22) changing core 3 status to offline
E/MP-Decision(  278): Error(-22) changing core 2 status to offline
E/MP-Decision(  278): Error(-22) changing core 3 status to offline
E/MP-Decision(  278): Error(-22) changing core 2 status to offline
E/MP-Decision(  278): Error(-22) changing core 3 status to offline
E/MP-Decision(  278): Error(-22) changing core 2 status to offline
E/MP-Decision(  278): Error(-22) changing core 3 status to offline
E/MP-Decision(  278): Error(-22) changing core 2 status to offline
E/MP-Decision(  278): Error(-22) changing core 3 status to offline
E/MP-Decision(  278): Error(-22) changing core 2 status to offline
E/MP-Decision(  278): Error(-22) changing core 3 status to offline
E/MP-Decision(  278): Error(-22) changing core 2 status to offline
E/MP-Decision(  278): Error(-22) changing core 3 status to offline
E/MP-Decision(  278): Error(-22) changing core 2 status to offline
E/MP-Decision(  278): Error(-22) changing core 3 status to offline
E/MP-Decision(  278): Error(-22) changing core 2 status to offline
E/MP-Decision(  278): Error(-22) changing core 3 status to offline
E/MP-Decision(  278): Error(-22) changing core 2 status to offline
E/MP-Decision(  278): Error(-22) changing core 3 status to offline
E/MP-Decision(  278): Error(-22) changing core 2 status to offline
E/MP-Decision(  278): Error(-22) changing core 3 status to offline
E/MP-Decision(  278): Error(-22) changing core 2 status to offline
E/MP-Decision(  278): Error(-22) changing core 3 status to offline
E/MP-Decision(  278): Error(-22) changing core 2 status to offline
E/MP-Decision(  278): Error(-22) changing core 3 status to offline
E/MP-Decision(  278): Error(-22) changing core 2 status to offline
E/MP-Decision(  278): Error(-22) changing core 3 status to offline
E/MP-Decision(  278): Error(-22) changing core 2 status to offline
E/MP-Decision(  278): Error(-22) changing core 3 status to offline
E/MP-Decision(  278): Error(-22) changing core 2 status to offline
E/MP-Decision(  278): Error(-22) changing core 3 status to offline
E/MP-Decision(  278): Error(-22) changing core 2 status to offline
E/MP-Decision(  278): Error(-22) changing core 3 status to offline
E/MP-Decision(  278): Error(-22) changing core 2 status to offline
E/MP-Decision(  278): Error(-22) changing core 3 status to offline
E/MP-Decision(  278): Error(-22) changing core 2 status to offline
E/MP-Decision(  278): Error(-22) changing core 3 status to offline
E/MP-Decision(  278): Error(-22) changing core 2 status to offline
E/MP-Decision(  278): Error(-22) changing core 3 status to offline
E/MP-Decision(  278): Error(-22) changing core 2 status to offline
E/MP-Decision(  278): Error(-22) changing core 3 status to offline
E/MP-Decision(  278): Error(-22) changing core 2 status to offline
E/MP-Decision(  278): Error(-22) changing core 3 status to offline
E/MP-Decision(  278): Error(-22) changing core 2 status to offline
E/MP-Decision(  278): Error(-22) changing core 3 status to offline
E/MP-Decision(  278): Error(-22) changing core 2 status to offline
E/MP-Decision(  278): Error(-22) changing core 3 status to offline
E/MP-Decision(  278): Error(-22) changing core 2 status to offline
E/MP-Decision(  278): Error(-22) changing core 3 status to offline
E/MP-Decision(  278): Error(-22) changing core 2 status to offline
E/MP-Decision(  278): Error(-22) changing core 3 status to offline
E/MP-Decision(  278): Error(-22) changing core 2 status to offline
E/MP-Decision(  278): Error(-22) changing core 3 status to offline
E/MP-Decision(  278): Error(-22) changing core 2 status to offline
E/MP-Decision(  278): Error(-22) changing core 3 status to offline
E/MP-Decision(  278): Error(-22) changing core 2 status to offline
E/MP-Decision(  278): Error(-22) changing core 3 status to offline
E/MP-Decision(  278): Error(-22) changing core 2 status to offline
E/MP-Decision(  278): Error(-22) changing core 3 status to offline
E/MP-Decision(  278): Error(-22) changing core 2 status to offline
E/MP-Decision(  278): Error(-22) changing core 3 status to offline
E/MP-Decision(  278): Error(-22) changing core 2 status to offline
E/MP-Decision(  278): Error(-22) changing core 3 status to offline
E/MP-Decision(  278): Error(-22) changing core 2 status to offline
E/MP-Decision(  278): Error(-22) changing core 3 status to offline
E/MP-Decision(  278): Error(-22) changing core 2 status to offline
E/MP-Decision(  278): Error(-22) changing core 3 status to offline
E/MP-Decision(  278): Error(-22) changing core 2 status to offline
E/MP-Decision(  278): Error(-22) changing core 3 status to offline
E/MP-Decision(  278): Error(-22) changing core 2 status to offline
E/MP-Decision(  278): Error(-22) changing core 3 status to offline
E/MP-Decision(  278): Error(-22) changing core 2 status to offline
E/MP-Decision(  278): Error(-22) changing core 3 status to offline
E/MP-Decision(  278): Error(-22) changing core 2 status to offline
E/MP-Decision(  278): Error(-22) changing core 3 status to offline
E/MP-Decision(  278): Error(-22) changing core 2 status to offline
E/MP-Decision(  278): Error(-22) changing core 3 status to offline
E/MP-Decision(  278): Error(-22) changing core 2 status to offline
E/MP-Decision(  278): Error(-22) changing core 3 status to offline
E/MP-Decision(  278): Error(-22) changing core 2 status to offline
E/MP-Decision(  278): Error(-22) changing core 3 status to offline
E/MP-Decision(  278): Error(-22) changing core 2 status to offline
E/MP-Decision(  278): Error(-22) changing core 3 status to offline
E/MP-Decision(  278): Error(-22) changing core 2 status to offline
E/MP-Decision(  278): Error(-22) changing core 3 status to offline
E/MP-Decision(  278): Error(-22) changing core 2 status to offline
E/MP-Decision(  278): Error(-22) changing core 3 status to offline
E/MP-Decision(  278): Error(-22) changing core 2 status to offline
E/MP-Decision(  278): Error(-22) changing core 3 status to offline
E/MP-Decision(  278): Error(-22) changing core 2 status to offline
E/MP-Decision(  278): Error(-22) changing core 3 status to offline
E/MP-Decision(  278): Error(-22) changing core 2 status to offline
E/MP-Decision(  278): Error(-22) changing core 3 status to offline
E/MP-Decision(  278): Error(-22) changing core 2 status to offline
E/MP-Decision(  278): Error(-22) changing core 3 status to offline
E/MP-Decision(  278): Error(-22) changing core 2 status to offline
E/MP-Decision(  278): Error(-22) changing core 3 status to offline
E/MP-Decision(  278): Error(-22) changing core 2 status to offline
E/MP-Decision(  278): Error(-22) changing core 3 status to offline
E/MP-Decision(  278): Error(-22) changing core 2 status to offline
E/MP-Decision(  278): Error(-22) changing core 3 status to offline
E/MP-Decision(  278): Error(-22) changing core 2 status to offline
E/MP-Decision(  278): Error(-22) changing core 3 status to offline
E/MP-Decision(  278): Error(-22) changing core 2 status to offline
E/MP-Decision(  278): Error(-22) changing core 3 status to offline
E/MP-Decision(  278): Error(-22) changing core 2 status to offline
E/MP-Decision(  278): Error(-22) changing core 3 status to offline
E/MP-Decision(  278): Error(-22) changing core 2 status to offline
E/MP-Decision(  278): Error(-22) changing core 3 status to offline
E/MP-Decision(  278): Error(-22) changing core 2 status to offline
E/MP-Decision(  278): Error(-22) changing core 3 status to offline
E/MP-Decision(  278): Error(-22) changing core 2 status to offline
E/MP-Decision(  278): Error(-22) changing core 3 status to offline
E/MP-Decision(  278): Error(-22) changing core 2 status to offline
E/MP-Decision(  278): Error(-22) changing core 3 status to offline
E/MP-Decision(  278): Error(-22) changing core 2 status to offline
E/MP-Decision(  278): Error(-22) changing core 3 status to offline
E/MP-Decision(  278): Error(-22) changing core 2 status to offline
E/MP-Decision(  278): Error(-22) changing core 3 status to offline
E/MP-Decision(  278): Error(-22) changing core 2 status to offline
E/MP-Decision(  278): Error(-22) changing core 3 status to offline
E/MP-Decision(  278): Error(-22) changing core 2 status to offline
E/MP-Decision(  278): Error(-22) changing core 3 status to offline
E/MP-Decision(  278): Error(-22) changing core 2 status to offline
E/MP-Decision(  278): Error(-22) changing core 3 status to offline
E/MP-Decision(  278): Error(-22) changing core 2 status to offline
E/MP-Decision(  278): Error(-22) changing core 3 status to offline
E/MP-Decision(  278): Error(-22) changing core 2 status to offline
E/MP-Decision(  278): Error(-22) changing core 3 status to offline
E/MP-Decision(  278): Error(-22) changing core 2 status to offline
E/MP-Decision(  278): Error(-22) changing core 3 status to offline
E/MP-Decision(  278): Error(-22) changing core 2 status to offline
E/MP-Decision(  278): Error(-22) changing core 3 status to offline
E/MP-Decision(  278): Error(-22) changing core 2 status to offline
E/MP-Decision(  278): Error(-22) changing core 3 status to offline
E/MP-Decision(  278): Error(-22) changing core 2 status to offline
E/MP-Decision(  278): Error(-22) changing core 3 status to offline
E/MP-Decision(  278): Error(-22) changing core 2 status to offline
E/MP-Decision(  278): Error(-22) changing core 3 status to offline
E/MP-Decision(  278): Error(-22) changing core 2 status to offline
E/MP-Decision(  278): Error(-22) changing core 3 status to offline
E/MP-Decision(  278): Error(-22) changing core 2 status to offline
E/MP-Decision(  278): Error(-22) changing core 3 status to offline
E/MP-Decision(  278): Error(-22) changing core 2 status to offline
E/MP-Decision(  278): Error(-22) changing core 3 status to offline
E/MP-Decision(  278): Error(-22) changing core 2 status to offline
E/MP-Decision(  278): Error(-22) changing core 3 status to offline
E/MP-Decision(  278): Error(-22) changing core 2 status to offline
E/MP-Decision(  278): Error(-22) changing core 3 status to offline
E/MP-Decision(  278): Error(-22) changing core 2 status to offline
E/MP-Decision(  278): Error(-22) changing core 3 status to offline
E/MP-Decision(  278): Error(-22) changing core 2 status to offline
E/MP-Decision(  278): Error(-22) changing core 3 status to offline
E/MP-Decision(  278): Error(-22) changing core 2 status to offline
E/MP-Decision(  278): Error(-22) changing core 3 status to offline
E/MP-Decision(  278): Error(-22) changing core 2 status to offline
E/MP-Decision(  278): Error(-22) changing core 3 status to offline
E/MP-Decision(  278): Error(-22) changing core 2 status to offline
E/MP-Decision(  278): Error(-22) changing core 3 status to offline
E/MP-Decision(  278): Error(-22) changing core 2 status to offline
E/MP-Decision(  278): Error(-22) changing core 3 status to offline
E/MP-Decision(  278): Error(-22) changing core 2 status to offline
E/MP-Decision(  278): Error(-22) changing core 3 status to offline
E/MP-Decision(  278): Error(-22) changing core 2 status to offline
E/MP-Decision(  278): Error(-22) changing core 3 status to offline
E/MP-Decision(  278): Error(-22) changing core 2 status to offline
E/MP-Decision(  278): Error(-22) changing core 3 status to offline
E/MP-Decision(  278): Error(-22) changing core 2 status to offline
E/MP-Decision(  278): Error(-22) changing core 3 status to offline
E/MP-Decision(  278): Error(-22) changing core 2 status to offline
E/MP-Decision(  278): Error(-22) changing core 3 status to offline
E/MP-Decision(  278): Error(-22) changing core 2 status to offline
E/MP-Decision(  278): Error(-22) changing core 3 status to offline
E/MP-Decision(  278): Error(-22) changing core 2 status to offline
E/MP-Decision(  278): Error(-22) changing core 3 status to offline
E/MP-Decision(  278): Error(-22) changing core 2 status to offline
E/MP-Decision(  278): Error(-22) changing core 3 status to offline
E/MP-Decision(  278): Error(-22) changing core 2 status to offline
E/MP-Decision(  278): Error(-22) changing core 3 status to offline
E/MP-Decision(  278): Error(-22) changing core 2 status to offline
E/MP-Decision(  278): Error(-22) changing core 3 status to offline
E/MP-Decision(  278): Error(-22) changing core 2 status to offline
E/MP-Decision(  278): Error(-22) changing core 3 status to offline
D/Ulp_jni ( 1027): Location CB invoked
E/MP-Decision(  278): Error(-22) changing core 2 status to offline
E/MP-Decision(  278): Error(-22) changing core 3 status to offline
E/MP-Decision(  278): Error(-22) changing core 2 status to offline
E/MP-Decision(  278): Error(-22) changing core 3 status to offline
E/MP-Decision(  278): Error(-22) changing core 2 status to offline
E/MP-Decision(  278): Error(-22) changing core 3 status to offline
E/MP-Decision(  278): Error(-22) changing core 2 status to offline
E/MP-Decision(  278): Error(-22) changing core 3 status to offline
E/MP-Decision(  278): Error(-22) changing core 2 status to offline
E/MP-Decision(  278): Error(-22) changing core 3 status to offline
E/MP-Decision(  278): Error(-22) changing core 2 status to offline
E/MP-Decision(  278): Error(-22) changing core 3 status to offline
E/MP-Decision(  278): Error(-22) changing core 2 status to offline
E/MP-Decision(  278): Error(-22) changing core 3 status to offline
E/MP-Decision(  278): Error(-22) changing core 2 status to offline
E/MP-Decision(  278): Error(-22) changing core 3 status to offline
E/MP-Decision(  278): Error(-22) changing core 2 status to offline
E/MP-Decision(  278): Error(-22) changing core 3 status to offline
E/MP-Decision(  278): Error(-22) changing core 2 status to offline
E/MP-Decision(  278): Error(-22) changing core 3 status to offline
E/MP-Decision(  278): Error(-22) changing core 2 status to offline
E/MP-Decision(  278): Error(-22) changing core 3 status to offline
E/MP-Decision(  278): Error(-22) changing core 2 status to offline
E/MP-Decision(  278): Error(-22) changing core 3 status to offline
E/MP-Decision(  278): Error(-22) changing core 2 status to offline
E/MP-Decision(  278): Error(-22) changing core 3 status to offline
E/MP-Decision(  278): Error(-22) changing core 2 status to offline
E/MP-Decision(  278): Error(-22) changing core 3 status to offline
E/MP-Decision(  278): Error(-22) changing core 2 status to offline
E/MP-Decision(  278): Error(-22) changing core 3 status to offline
E/MP-Decision(  278): Error(-22) changing core 2 status to offline
E/MP-Decision(  278): Error(-22) changing core 3 status to offline
E/MP-Decision(  278): Error(-22) changing core 2 status to offline
E/MP-Decision(  278): Error(-22) changing core 3 status to offline
E/MP-Decision(  278): Error(-22) changing core 2 status to offline
E/MP-Decision(  278): Error(-22) changing core 3 status to offline
E/MP-Decision(  278): Error(-22) changing core 2 status to offline
E/MP-Decision(  278): Error(-22) changing core 3 status to offline
E/MP-Decision(  278): Error(-22) changing core 2 status to offline
E/MP-Decision(  278): Error(-22) changing core 3 status to offline
E/MP-Decision(  278): Error(-22) changing core 2 status to offline
E/MP-Decision(  278): Error(-22) changing core 3 status to offline
E/MP-Decision(  278): Error(-22) changing core 2 status to offline
E/MP-Decision(  278): Error(-22) changing core 3 status to offline
E/MP-Decision(  278): Error(-22) changing core 2 status to offline
E/MP-Decision(  278): Error(-22) changing core 3 status to offline
E/MP-Decision(  278): Error(-22) changing core 2 status to offline
E/MP-Decision(  278): Error(-22) changing core 3 status to offline
E/MP-Decision(  278): Error(-22) changing core 2 status to offline
E/MP-Decision(  278): Error(-22) changing core 3 status to offline
E/MP-Decision(  278): Error(-22) changing core 2 status to offline
E/MP-Decision(  278): Error(-22) changing core 3 status to offline
E/MP-Decision(  278): Error(-22) changing core 2 status to offline
E/MP-Decision(  278): Error(-22) changing core 3 status to offline
E/MP-Decision(  278): Error(-22) changing core 2 status to offline
E/MP-Decision(  278): Error(-22) changing core 3 status to offline
E/MP-Decision(  278): Error(-22) changing core 2 status to offline
E/MP-Decision(  278): Error(-22) changing core 3 status to offline
E/MP-Decision(  278): Error(-22) changing core 2 status to offline
E/MP-Decision(  278): Error(-22) changing core 3 status to offline
E/MP-Decision(  278): Error(-22) changing core 2 status to offline
E/MP-Decision(  278): Error(-22) changing core 3 status to offline
E/MP-Decision(  278): Error(-22) changing core 2 status to offline
E/MP-Decision(  278): Error(-22) changing core 3 status to offline
E/MP-Decision(  278): Error(-22) changing core 2 status to offline
E/MP-Decision(  278): Error(-22) changing core 3 status to offline
E/MP-Decision(  278): Error(-22) changing core 2 status to offline
E/MP-Decision(  278): Error(-22) changing core 3 status to offline
E/MP-Decision(  278): Error(-22) changing core 2 status to offline
E/MP-Decision(  278): Error(-22) changing core 3 status to offline
E/MP-Decision(  278): Error(-22) changing core 2 status to offline
E/MP-Decision(  278): Error(-22) changing core 3 status to offline
E/MP-Decision(  278): Error(-22) changing core 2 status to offline
E/MP-Decision(  278): Error(-22) changing core 3 status to offline
E/MP-Decision(  278): Error(-22) changing core 2 status to offline
E/MP-Decision(  278): Error(-22) changing core 3 status to offline
E/MP-Decision(  278): Error(-22) changing core 2 status to offline
E/MP-Decision(  278): Error(-22) changing core 3 status to offline
E/MP-Decision(  278): Error(-22) changing core 2 status to offline
E/MP-Decision(  278): Error(-22) changing core 3 status to offline
E/MP-Decision(  278): Error(-22) changing core 2 status to offline
E/MP-Decision(  278): Error(-22) changing core 3 status to offline
E/MP-Decision(  278): Error(-22) changing core 2 status to offline
E/MP-Decision(  278): Error(-22) changing core 3 status to offline
E/MP-Decision(  278): Error(-22) changing core 2 status to offline
E/MP-Decision(  278): Error(-22) changing core 3 status to offline
E/MP-Decision(  278): Error(-22) changing core 2 status to offline
E/MP-Decision(  278): Error(-22) changing core 3 status to offline
E/MP-Decision(  278): Error(-22) changing core 2 status to offline
E/MP-Decision(  278): Error(-22) changing core 3 status to offline
E/MP-Decision(  278): Error(-22) changing core 2 status to offline
E/MP-Decision(  278): Error(-22) changing core 3 status to offline
E/MP-Decision(  278): Error(-22) changing core 2 status to offline
E/MP-Decision(  278): Error(-22) changing core 3 status to offline
E/MP-Decision(  278): Error(-22) changing core 2 status to offline
E/MP-Decision(  278): Error(-22) changing core 3 status to offline
E/MP-Decision(  278): Error(-22) changing core 2 status to offline
E/MP-Decision(  278): Error(-22) changing core 3 status to offline
E/MP-Decision(  278): Error(-22) changing core 2 status to offline
E/MP-Decision(  278): Error(-22) changing core 3 status to offline
E/MP-Decision(  278): Error(-22) changing core 2 status to offline
E/MP-Decision(  278): Error(-22) changing core 3 status to offline
E/MP-Decision(  278): Error(-22) changing core 2 status to offline
E/MP-Decision(  278): Error(-22) changing core 3 status to offline
E/MP-Decision(  278): Error(-22) changing core 2 status to offline
E/MP-Decision(  278): Error(-22) changing core 3 status to offline
E/MP-Decision(  278): Error(-22) changing core 2 status to offline
E/MP-Decision(  278): Error(-22) changing core 3 status to offline
E/MP-Decision(  278): Error(-22) changing core 2 status to offline
E/MP-Decision(  278): Error(-22) changing core 3 status to offline
E/MP-Decision(  278): Error(-22) changing core 2 status to offline
E/MP-Decision(  278): Error(-22) changing core 3 status to offline
E/MP-Decision(  278): Error(-22) changing core 2 status to offline
E/MP-Decision(  278): Error(-22) changing core 3 status to offline
E/MP-Decision(  278): Error(-22) changing core 2 status to offline
E/MP-Decision(  278): Error(-22) changing core 3 status to offline
E/MP-Decision(  278): Error(-22) changing core 2 status to offline
E/MP-Decision(  278): Error(-22) changing core 3 status to offline
E/MP-Decision(  278): Error(-22) changing core 2 status to offline
E/MP-Decision(  278): Error(-22) changing core 3 status to offline
E/MP-Decision(  278): Error(-22) changing core 2 status to offline
E/MP-Decision(  278): Error(-22) changing core 3 status to offline
E/MP-Decision(  278): Error(-22) changing core 2 status to offline
E/MP-Decision(  278): Error(-22) changing core 3 status to offline
E/MP-Decision(  278): Error(-22) changing core 2 status to offline
E/MP-Decision(  278): Error(-22) changing core 3 status to offline
E/MP-Decision(  278): Error(-22) changing core 2 status to offline
E/MP-Decision(  278): Error(-22) changing core 3 status to offline
E/MP-Decision(  278): Error(-22) changing core 2 status to offline
E/MP-Decision(  278): Error(-22) changing core 3 status to offline
E/MP-Decision(  278): Error(-22) changing core 2 status to offline
E/MP-Decision(  278): Error(-22) changing core 3 status to offline
E/MP-Decision(  278): Error(-22) changing core 2 status to offline
E/MP-Decision(  278): Error(-22) changing core 3 status to offline
E/MP-Decision(  278): Error(-22) changing core 2 status to offline
E/MP-Decision(  278): Error(-22) changing core 3 status to offline
E/MP-Decision(  278): Error(-22) changing core 2 status to offline
E/MP-Decision(  278): Error(-22) changing core 3 status to offline
E/MP-Decision(  278): Error(-22) changing core 2 status to offline
E/MP-Decision(  278): Error(-22) changing core 3 status to offline
E/MP-Decision(  278): Error(-22) changing core 2 status to offline
E/MP-Decision(  278): Error(-22) changing core 3 status to offline
E/MP-Decision(  278): Error(-22) changing core 2 status to offline
E/MP-Decision(  278): Error(-22) changing core 3 status to offline
E/MP-Decision(  278): Error(-22) changing core 2 status to offline
E/MP-Decision(  278): Error(-22) changing core 3 status to offline
E/MP-Decision(  278): Error(-22) changing core 2 status to offline
E/MP-Decision(  278): Error(-22) changing core 3 status to offline
E/MP-Decision(  278): Error(-22) changing core 2 status to offline
E/MP-Decision(  278): Error(-22) changing core 3 status to offline
E/MP-Decision(  278): Error(-22) changing core 2 status to offline
E/MP-Decision(  278): Error(-22) changing core 3 status to offline
E/MP-Decision(  278): Error(-22) changing core 2 status to offline
E/MP-Decision(  278): Error(-22) changing core 3 status to offline
D/AndroidRuntime(11532): >>>>>> START com.android.internal.os.RuntimeInit uid 0 <<<<<<
D/AndroidRuntime(11532): CheckJNI is OFF
E/MP-Decision(  278): Error(-22) changing core 2 status to offline
E/MP-Decision(  278): Error(-22) changing core 3 status to offline
E/MP-Decision(  278): Error(-22) changing core 2 status to offline
E/MP-Decision(  278): Error(-22) changing core 3 status to offline
E/MP-Decision(  278): Error(-22) changing core 2 status to offline
E/MP-Decision(  278): Error(-22) changing core 3 status to offline
D/AndroidRuntime(11532): Calling main entry com.android.commands.pm.Pm
D/DefContainer(11297): Copying /data/local/tmp/GlassCodesLauncher.apk to base.apk
D/PackageManager( 1027): Renaming /data/app/vmdl1039798611.tmp to /data/app/com.shen.activityfragmentdemo-1
I/ActivityManager( 1027): Force stopping com.shen.activityfragmentdemo appid=10032 user=-1: replace sys pkg
I/ActivityManager( 1027): Killing 11454:com.shen.activityfragmentdemo/u0a32 (adj 0): stop com.shen.activityfragmentdemo
I/WindowState( 1027): WIN DEATH: Window{1eafca63 u0 com.shen.activityfragmentdemo/com.shen.activityfragmentdemo.GlassBaseActivity}
W/PackageManager( 1027): Trying to update system app code path from /data/app/com.shen.activityfragmentdemo-2 to /data/app/com.shen.activityfragmentdemo-1
I/PackageManager( 1027): Running dexopt on: /data/app/com.shen.activityfragmentdemo-1/base.apk pkg=com.shen.activityfragmentdemo isa=arm vmSafeMode=false
I/dex2oat (11545): /system/bin/dex2oat --zip-fd=6 --zip-location=/data/app/com.shen.activityfragmentdemo-1/base.apk --oat-fd=7 --oat-location=/data/dalvik-cache/arm/data@app@com.shen.activityfragmentdemo-1@base.apk@classes.dex --instruction-set=arm --instruction-set-features=div --runtime-arg -Xms64m --runtime-arg -Xmx512m --swap-fd=10
W/ActivityManager( 1027): Scheduling restart of crashed service com.shen.activityfragmentdemo/com.shen.service.MonitorPhoneStatusServer in 1000ms
W/ActivityManager( 1027): Force removing ActivityRecord{9611571 u0 com.shen.activityfragmentdemo/.GlassBaseActivity t28}: app died, no saved state
V/ActivityManager( 1027): Display changed displayId=0
I/ActivityManager( 1027): Config changes=480 {1.0 460mcc7mnc zh_CN ?layoutDir sw432dp w432dp h742dp 480dpi nrml long port finger -keyb/v/h -nav/h s.54}
I/ActivityThread( 1027): Switching default density from 400 to 480
I/InputReader( 1027): Reconfiguring input devices.  changes=0x00000004
I/InputReader( 1027): Device reconfigured: id=5, name='synaptics-rmi-ts', size 1080x1920, orientation 0, mode 1, display id 0
I/ActivityThread(11297): Switching default density from 400 to 480
I/ActivityThread( 2764): Switching default density from 400 to 480
I/ActivityThread( 2376): Switching default density from 400 to 480
I/ActivityThread( 2357): Switching default density from 400 to 480
I/ActivityThread( 2332): Switching default density from 400 to 480
I/ActivityThread( 2310): Switching default density from 400 to 480
I/ActivityThread( 1922): Switching default density from 400 to 480
I/ActivityThread( 3122): Switching default density from 400 to 480
I/ActivityThread( 2219): Switching default density from 400 to 480
I/ActivityThread( 3004): Switching default density from 400 to 480
I/ActivityThread( 3377): Switching default density from 400 to 480
I/ActivityThread(11327): Switching default density from 400 to 480
I/ActivityThread(11393): Switching default density from 400 to 480
I/ActivityThread(11347): Switching default density from 400 to 480
I/ActivityThread(11368): Switching default density from 400 to 480
I/ActivityThread(10222): Switching default density from 400 to 480
I/ActivityThread( 2451): Switching default density from 400 to 480
I/ActivityThread( 3537): Switching default density from 400 to 480
I/ActivityThread( 3184): Switching default density from 400 to 480
I/ActivityManager( 1027):   Force stopping service ServiceRecord{36ca0f65 u0 com.shen.activityfragmentdemo/com.shen.service.MonitorPhoneStatusServer}
W/ActivityManager( 1027): Spurious death for ProcessRecord{31bfff69 0:com.shen.activityfragmentdemo/u0a32}, curProc for 11454: null
W/InputMethodManagerService( 1027): Got RemoteException sending setActive(false) notification to pid 11454 uid 10032
I/Timeline( 3122): Timeline: Activity_idle id: android.os.BinderProxy@1c1823f8 time:17613539
I/Timeline( 1027): Timeline: Activity_windows_visible id: ActivityRecord{27be4baa u0 com.slim.slimlauncher/.Launcher t4} time:17613542
I/dex2oat (11545): Decided to run without swap.
W/WindowManager( 1027): App freeze timeout expired.
E/MP-Decision(  278): Error(-22) changing core 2 status to offline
E/MP-Decision(  278): Error(-22) changing core 3 status to offline
I/dex2oat (11545): dex2oat took 3.644s (threads: 4) arena alloc=97KB java alloc=12MB native alloc=7MB free=8MB
E/MP-Decision(  278): Error(-22) changing core 2 status to offline
E/MP-Decision(  278): Error(-22) changing core 3 status to offline
I/ActivityManager( 1027): Force stopping com.shen.activityfragmentdemo appid=10032 user=-1: update pkg
W/PackageManager( 1027): Code path for pkg : com.shen.activityfragmentdemo changing from /data/app/com.shen.activityfragmentdemo-2 to /data/app/com.shen.activityfragmentdemo-1
W/PackageManager( 1027): Resource path for pkg : com.shen.activityfragmentdemo changing from /data/app/com.shen.activityfragmentdemo-2 to /data/app/com.shen.activityfragmentdemo-1
E/MP-Decision(  278): Error(-22) changing core 2 status to offline
E/MP-Decision(  278): Error(-22) changing core 3 status to offline
I/ActivityManager( 1027): Force stopping com.shen.activityfragmentdemo appid=10032 user=0: pkg removed
D/JobSchedulerService( 1027): Receieved: android.intent.action.PACKAGE_REMOVED
D/BackupManagerService( 1027): Received broadcast Intent { act=android.intent.action.PACKAGE_REMOVED dat=package:com.shen.activityfragmentdemo flg=0x4000010 (has extras) }
I/InputReader( 1027): Reconfiguring input devices.  changes=0x00000020
I/InputReader( 1027): Reconfiguring input devices.  changes=0x00000020
D/BackupManagerService( 1027): Received broadcast Intent { act=android.intent.action.PACKAGE_ADDED dat=package:com.shen.activityfragmentdemo flg=0x4000010 (has extras) }
W/BackupManagerService( 1027): Removing schedule queue dupe of com.shen.activityfragmentdemo
W/ContextImpl(11368): Calling a method in the system process without a qualified user: android.app.ContextImpl.startService:1708 android.content.ContextWrapper.startService:516 android.content.ContextWrapper.startService:516 com.android.keychain.KeyChainBroadcastReceiver.onReceive:12 android.app.ActivityThread.handleReceiver:2624 
W/Launcher( 3122): setApplicationContext called twice! old=com.slim.slimlauncher.LauncherApplication@13f9ccdd new=com.slim.slimlauncher.LauncherApplication@13f9ccdd
I/InputReader( 1027): Reconfiguring input devices.  changes=0x00000020
W/Settings( 1027): Setting install_non_market_apps has moved from android.provider.Settings.Global to android.provider.Settings.Secure, returning read-only value.
W/Launcher( 3122): setApplicationContext called twice! old=com.slim.slimlauncher.LauncherApplication@13f9ccdd new=com.slim.slimlauncher.LauncherApplication@13f9ccdd
W/Searchables( 1027): No global search activity found
W/Searchables( 1027): No global search activity found
W/VoiceInteractionManagerService( 1027): no available voice recognition services found for user 0
I/art     ( 1027): Explicit concurrent mark sweep GC freed 59722(3MB) AllocSpace objects, 6(96KB) LOS objects, 33% free, 26MB/39MB, paused 1.875ms total 72.810ms
W/AppDrawerScrubber( 3122): Found 11# custom headers when 8 is allowed!
I/art     (11532): System.exit called, status: 0
I/AndroidRuntime(11532): VM exiting with result code 0.
E/MP-Decision(  278): Error(-22) changing core 2 status to offline
E/MP-Decision(  278): Error(-22) changing core 3 status to offline
E/MP-Decision(  278): Error(-22) changing core 2 status to offline
E/MP-Decision(  278): Error(-22) changing core 3 status to offline
E/MP-Decision(  278): Error(-22) changing core 2 status to offline
E/MP-Decision(  278): Error(-22) changing core 3 status to offline
E/MP-Decision(  278): Error(-22) changing core 2 status to offline
E/MP-Decision(  278): Error(-22) changing core 3 status to offline
E/MP-Decision(  278): Error(-22) changing core 2 status to offline
E/MP-Decision(  278): Error(-22) changing core 3 status to offline
E/MP-Decision(  278): Error(-22) changing core 2 status to offline
E/MP-Decision(  278): Error(-22) changing core 3 status to offline
E/MP-Decision(  278): Error(-22) changing core 2 status to offline
E/MP-Decision(  278): Error(-22) changing core 3 status to offline
E/MP-Decision(  278): Error(-22) changing core 2 status to offline
E/MP-Decision(  278): Error(-22) changing core 3 status to offline
E/MP-Decision(  278): Error(-22) changing core 2 status to offline
E/MP-Decision(  278): Error(-22) changing core 3 status to offline
E/MP-Decision(  278): Error(-22) changing core 2 status to offline
E/MP-Decision(  278): Error(-22) changing core 3 status to offline
E/MP-Decision(  278): Error(-22) changing core 2 status to offline
E/MP-Decision(  278): Error(-22) changing core 3 status to offline
E/MP-Decision(  278): Error(-22) changing core 2 status to offline
E/MP-Decision(  278): Error(-22) changing core 3 status to offline
E/MP-Decision(  278): Error(-22) changing core 2 status to offline
E/MP-Decision(  278): Error(-22) changing core 3 status to offline
E/MP-Decision(  278): Error(-22) changing core 2 status to offline
E/MP-Decision(  278): Error(-22) changing core 3 status to offline
E/MP-Decision(  278): Error(-22) changing core 2 status to offline
E/MP-Decision(  278): Error(-22) changing core 3 status to offline
E/MP-Decision(  278): Error(-22) changing core 2 status to offline
E/MP-Decision(  278): Error(-22) changing core 3 status to offline
E/MP-Decision(  278): Error(-22) changing core 2 status to offline
E/MP-Decision(  278): Error(-22) changing core 3 status to offline
E/MP-Decision(  278): Error(-22) changing core 2 status to offline
E/MP-Decision(  278): Error(-22) changing core 3 status to offline
E/MP-Decision(  278): Error(-22) changing core 2 status to offline
E/MP-Decision(  278): Error(-22) changing core 3 status to offline
E/MP-Decision(  278): Error(-22) changing core 2 status to offline
E/MP-Decision(  278): Error(-22) changing core 3 status to offline
E/MP-Decision(  278): Error(-22) changing core 2 status to offline
E/MP-Decision(  278): Error(-22) changing core 3 status to offline
E/MP-Decision(  278): Error(-22) changing core 2 status to offline
E/MP-Decision(  278): Error(-22) changing core 3 status to offline
E/MP-Decision(  278): Error(-22) changing core 2 status to offline
E/MP-Decision(  278): Error(-22) changing core 3 status to offline
E/MP-Decision(  278): Error(-22) changing core 2 status to offline
E/MP-Decision(  278): Error(-22) changing core 3 status to offline
E/MP-Decision(  278): Error(-22) changing core 2 status to offline
E/MP-Decision(  278): Error(-22) changing core 3 status to offline
E/MP-Decision(  278): Error(-22) changing core 2 status to offline
E/MP-Decision(  278): Error(-22) changing core 3 status to offline
E/MP-Decision(  278): Error(-22) changing core 2 status to offline
E/MP-Decision(  278): Error(-22) changing core 3 status to offline
E/MP-Decision(  278): Error(-22) changing core 2 status to offline
E/MP-Decision(  278): Error(-22) changing core 3 status to offline
E/MP-Decision(  278): Error(-22) changing core 2 status to offline
E/MP-Decision(  278): Error(-22) changing core 3 status to offline
E/MP-Decision(  278): Error(-22) changing core 2 status to offline
E/MP-Decision(  278): Error(-22) changing core 3 status to offline
E/MP-Decision(  278): Error(-22) changing core 2 status to offline
E/MP-Decision(  278): Error(-22) changing core 3 status to offline
E/MP-Decision(  278): Error(-22) changing core 2 status to offline
E/MP-Decision(  278): Error(-22) changing core 3 status to offline
D/Ulp_jni ( 1027): Location CB invoked
I/PowerManagerService( 1027): Waking up from dozing (uid 1000)...
I/QCOM PowerHAL( 1027): Got set_interactive hint
I/DreamManagerService( 1027): Gently waking up from dream.
I/DisplayPowerController( 1027): Blocking screen on until initial contents have been drawn.
I/DreamManagerService( 1027): Leaving dreamland.
I/DreamController( 1027): Stopping dream: name=ComponentInfo{com.android.systemui/com.android.systemui.doze.DozeService}, isTest=false, canDoze=true, userId=0
D/SurfaceFlinger(  253): Set power mode=2, type=0 flinger=0xb6482000
D/qdhwcomposer(  253): hwc_setPowerMode: Setting mode 2 on display: 0
I/DisplayManagerService( 1027): Display device changed: DisplayDeviceInfo{"内置屏幕": uniqueId="local:0", 1080 x 1920, 63.0 fps, supportedRefreshRates [63.0], density 480, 403.411 x 403.041 dpi, appVsyncOff 7500000, presDeadline 11873016, touch INTERNAL, rotation 0, type BUILT_IN, state ON, FLAG_DEFAULT_DISPLAY, FLAG_ROTATES_WITH_CONTENT, FLAG_SECURE, FLAG_SUPPORTS_PROTECTED_BUFFERS}
V/KeyguardServiceDelegate( 1027): onScreenTurnedOn(showListener = com.android.internal.policy.impl.PhoneWindowManager$2@2be7b6fc)
V/ActivityManager( 1027): Display changed displayId=0
V/KeyguardServiceDelegate( 1027): **** SHOWN CALLED ****
W/OpenGLRenderer( 3122): Incorrectly called buildLayer on View: ShortcutAndWidgetContainer, destroying layer...
W/art     ( 1027): Long monitor contention event with owner method=void com.android.server.LocationManagerService.handleLocationChanged(android.location.Location, boolean) from LocationManagerService.java:2418 waiters=0 for 132ms
E/WifiStateMachine( 1027): cancelDelayedScan -> 126
D/audio_hw_primary(  264): adev_set_parameters: enter: screen_state=on
E/BrcmNfcJni( 2332): nfaConnectionCallback: unknown event ????
D/BrcmNfcJni( 2332): RoutingManager::nfaEeCallback: NFA_EE_SET_TECH_CFG_EVT; status=0x0
D/BrcmNfcJni( 2332): RoutingManager::nfaEeCallback: NFA_EE_SET_PROTO_CFG_EVT; status=0x0
D/BrcmNfcJni( 2332): RoutingManager::commitRouting
E/NxpTml  ( 2332): _i2c_write() errno : 5
E/NxpTml  ( 2332): PN54X - Error in I2C Write.....
I/DisplayPowerController( 1027): Unblocked screen on after 134 ms
E/NxpHal  ( 2332): write error status = 0x1ff
E/NxpHal  ( 2332): write_unlocked failed - PN54X Maybe in Standby Mode - Retry
E/NxpTml  ( 2332): _i2c_write() errno : 5
E/NxpTml  ( 2332): PN54X - Error in I2C Write.....
E/NxpHal  ( 2332): write error status = 0x1ff
E/NxpHal  ( 2332): write_unlocked failed - PN54X Maybe in Standby Mode - Retry
D/Ulp_jni ( 1027): JNI:system_update. Event-0
D/BrcmNfcJni( 2332): RoutingManager::nfaEeCallback: NFA_EE_UPDATED_EVT
D/NfcService( 2332): Discovery configuration equal, not updating.
I/qdhwcomposer(  253): handle_blank_event: dpy:0 panel power state: 1
D/qdhwcomposer(  253): hwc_setPowerMode: Done setting mode 2 on display 0
D/SurfaceControl( 1027): Excessive delay in setPowerMode(): 333ms
I/Timeline( 3122): Timeline: Activity_launch_request id:com.slim.slimlauncher time:17620347
D/audio_hw_primary(  264): out_set_parameters: enter: usecase(1: low-latency-playback) kvpairs: routing=2
I/ActivityManager( 1027): START u0 {act=android.intent.action.VIEW flg=0x10200000 cmp=com.slim.slimlauncher/.Launcher bnds=[451,1714][655,1934] (has extras)} from uid 10044 on display 0
D/audio_hw_primary(  264): start_output_stream: enter: stream(0xb5880600)usecase(1: low-latency-playback) devices(0x2)
D/audio_hw_primary(  264): start_output_stream: enter: usecase(1: low-latency-playback) devices(0x2)
D/audio_hw_primary(  264): select_devices: out_snd_device(2: speaker) in_snd_device(0: )
W/msm8974_platform(  264): Codec backend bitwidth 16, samplerate 48000
D/hardware_info(  264): hw_info_append_hw_type : device_name = speaker
I/msm8974_platform(  264): platform_send_audio_calibration: sending audio calibration for snd_device(2) acdb_id(15)
D/ACDB-LOADER(  264): ACDB -> send_audio_cal, acdb_id = 15, path =  0
D/ACDB-LOADER(  264): ACDB -> send_adm_topology
D/ACDB-LOADER(  264): ACDB -> ACDB_CMD_GET_AUDPROC_COMMON_TOPOLOGY_ID
D/ACDB-LOADER(  264): ACDB -> send_asm_topology
D/ACDB-LOADER(  264): ACDB -> ACDB_CMD_GET_AUDPROC_STREAM_TOPOLOGY_ID
D/ACDB-LOADER(  264): ACDB -> send_audtable
D/ACDB-LOADER(  264): ACDB -> ACDB_CMD_GET_AUDPROC_COMMON_TABLE
D/ACDB-LOADER(  264): ACDB -> AUDIO_SET_AUDPROC_CAL
D/ACDB-LOADER(  264): ACDB -> send_audvoltable
D/ACDB-LOADER(  264): ACDB -> ACDB_CMD_GET_AUDPROC_GAIN_DEP_STEP_TABLE
D/        (  264): Failed to fetch the lookup information of the device 0000000F 
E/ACDB-LOADER(  264): Error: ACDB AudProc vol returned = -19
D/ACDB-LOADER(  264): ACDB -> AUDIO_SET_AUDPROC_VOL_CAL
D/ACDB-LOADER(  264): ACDB -> send_afe_cal
D/ACDB-LOADER(  264): ACDB -> ACDB_CMD_GET_AFE_COMMON_TABLE
D/        (  264): Failed to fetch the lookup information of the device 0000000F 
E/ACDB-LOADER(  264): Error: ACDB AFE returned = -19
D/ACDB-LOADER(  264): ACDB -> AUDIO_SET_AFE_CAL
D/audio_hw_primary(  264): select_devices: done
W/OpenGLRenderer( 3122): Incorrectly called buildLayer on View: RelativeLayout, destroying layer...
I/Timeline( 3122): Timeline: Activity_launch_request id:com.shen.activityfragmentdemo time:17621072
I/ActivityManager( 1027): START u0 {act=android.intent.action.MAIN cat=[android.intent.category.LAUNCHER] flg=0x10200000 cmp=com.shen.activityfragmentdemo/.GlassBaseActivity (has extras)} from uid 10044 on display 0
V/WindowManager( 1027): addAppToken: AppWindowToken{3f797e5a token=Token{96d1e05 ActivityRecord{36b0157c u0 com.shen.activityfragmentdemo/.GlassBaseActivity t29}}} to stack=1 task=29 at 0
W/WindowManager( 1027): Token{96d1e05 ActivityRecord{36b0157c u0 com.shen.activityfragmentdemo/.GlassBaseActivity t29}} failed creating starting window
W/WindowManager( 1027): java.lang.RuntimeException: Failed to resolve attribute at index 6
W/WindowManager( 1027): 	at android.content.res.TypedArray.getLayoutDimension(TypedArray.java:603)
W/WindowManager( 1027): 	at android.view.ViewGroup$LayoutParams.setBaseAttributes(ViewGroup.java:6474)
W/WindowManager( 1027): 	at android.view.ViewGroup$MarginLayoutParams.<init>(ViewGroup.java:6642)
W/WindowManager( 1027): 	at android.widget.LinearLayout$LayoutParams.<init>(LinearLayout.java:1864)
W/WindowManager( 1027): 	at android.widget.LinearLayout.generateLayoutParams(LinearLayout.java:1776)
W/WindowManager( 1027): 	at android.widget.LinearLayout.generateLayoutParams(LinearLayout.java:62)
W/WindowManager( 1027): 	at android.view.LayoutInflater.rInflate(LayoutInflater.java:808)
W/WindowManager( 1027): 	at android.view.LayoutInflater.inflate(LayoutInflater.java:504)
