I/ActivityManager( 1027): START u0 {act=android.intent.action.VIEW flg=0x10200000 cmp=com.slim.slimlauncher/.Launcher bnds=[451,1714][655,1934] (has extras)} from uid 10044 on display 0
I/ActivityManager( 1027): START u0 {act=android.intent.action.MAIN cat=[android.intent.category.LAUNCHER] flg=0x10200000 cmp=com.shen.activityfragmentdemo/.GlassBaseActivity (has extras)} from uid 10044 on display 0
V/WindowManager( 1027): addAppToken: AppWindowToken{3a197323 token=Token{37e3452 ActivityRecord{28b90dd u0 com.shen.activityfragmentdemo/.GlassBaseActivity t27}}} to stack=1 task=27 at 0
V/ActivityManager( 1027): Display changed displayId=0
I/ActivityManager( 1027): Config changes=480 {1.0 460mcc7mnc zh_CN ?layoutDir sw432dp w768dp h406dp 480dpi nrml long land finger -keyb/v/h -nav/h s.51}
I/ActivityThread( 2219): Switching default density from 400 to 480
I/ActivityThread(10222): Switching default density from 400 to 480
I/ActivityThread( 3377): Switching default density from 400 to 480
I/ActivityThread( 2451): Switching default density from 400 to 480
I/ActivityThread( 9798): Switching default density from 400 to 480
I/ActivityThread( 1027): Switching default density from 400 to 480
I/ActivityThread( 2310): Switching default density from 400 to 480
I/ActivityThread( 1922): Switching default density from 400 to 480
I/ActivityThread( 3004): Switching default density from 400 to 480
I/ActivityThread(10386): Switching default density from 400 to 480
I/ActivityThread( 9918): Switching default density from 400 to 480
I/ActivityThread(10330): Switching default density from 400 to 480
I/ActivityThread( 9942): Switching default density from 400 to 480
I/ActivityThread( 2764): Switching default density from 400 to 480
I/ActivityThread( 3184): Switching default density from 400 to 480
I/ActivityThread( 2332): Switching default density from 400 to 480
I/ActivityThread( 2376): Switching default density from 400 to 480
I/ActivityThread( 2357): Switching default density from 400 to 480
I/ActivityThread( 9798): Switching default density from 400 to 480
I/ActivityThread( 3122): Switching default density from 400 to 480
V/WindowManager( 1027): Adding window Window{161b5e77 u0 com.shen.activityfragmentdemo/com.shen.activityfragmentdemo.GlassBaseActivity} at 2 of 8 (after Window{ecff49 u0 com.slim.slimlauncher/com.slim.slimlauncher.Launcher})
I/WindowManager( 1027): Screen frozen for +184ms due to Window{29b98f07 u0 NavigationBar}
D/TaskPersister( 1027): removeObsoleteFile: deleting file=26_task_thumbnail.png
W/InputMethodManagerService( 1027): Window already focused, ignoring focus gain of: com.android.internal.view.IInputMethodClient$Stub$Proxy@1b96457 attribute=null, token = android.os.BinderProxy@3afa2876
D/WifiService( 1027): setWifiEnabled: true pid=9798, uid=10032
E/WifiService( 1027): Invoking mWifiStateMachine.setWifiEnabled
D/ConnectivityService( 1027): setProvNotificationVisibleIntent: E visible=false networkType=0 extraInfo=null
D/WifiService( 1027): setWifiEnabled: false pid=9798, uid=10032
E/WifiService( 1027): Invoking mWifiStateMachine.setWifiEnabled
D/ConnectivityService( 1027): NetworkAgentInfo [WIFI () - 116] EVENT_NETWORK_INFO_CHANGED, going from CONNECTED to DISCONNECTED
D/ConnectivityService( 1027): NetworkAgentInfo [WIFI () - 116] got DISCONNECTED, was satisfying 2
D/NetworkManagementService( 1027): getNetworkStatsSummaryXt:NetworkStats: elapsedRealtime=69319624
D/NetworkManagementService( 1027):   [0] iface=wlan0 uid=-1 set=ALL tag=0x0 rxBytes=3406 rxPackets=18 txBytes=1263 txPackets=20 operations=0
D/NetworkManagementService( 1027):   [1] iface=rmnet0 uid=-1 set=ALL tag=0x0 rxBytes=71307 rxPackets=132 txBytes=29560 txPackets=506 operations=0
D/NetworkManagementService( 1027):   [2] iface=lo uid=-1 set=ALL tag=0x0 rxBytes=0 rxPackets=0 txBytes=0 txPackets=0 operations=0
D/NetworkManagementService( 1027): getNetworkStatsSummaryDev:NetworkStats: elapsedRealtime=69319625
D/NetworkManagementService( 1027):   [0] iface=wlan0 uid=-1 set=ALL tag=0x0 rxBytes=3836 rxPackets=25 txBytes=2673 txPackets=28 operations=0
D/NetworkManagementService( 1027):   [1] iface=rmnet0 uid=-1 set=ALL tag=0x0 rxBytes=71307 rxPackets=132 txBytes=37628 txPackets=505 operations=0
D/NetworkManagementService( 1027):   [2] iface=lo uid=-1 set=ALL tag=0x0 rxBytes=0 rxPackets=0 txBytes=0 txPackets=0 operations=0
D/ConnectivityService( 1027): notifyType LOST for NetworkAgentInfo [WIFI () - 116]
D/CSLegacyTypeTracker( 1027): Sending disconnected broadcast for type 1 NetworkAgentInfo [WIFI () - 116] isDefaultNetwork=true
D/ConnectivityService( 1027): sendStickyBroadcast: action=android.net.conn.CONNECTIVITY_CHANGE_IMMEDIATE
D/ConnectivityService( 1027): sendStickyBroadcast: action=android.net.conn.CONNECTIVITY_CHANGE
D/ConnectivityService( 1027): sendStickyBroadcast: action=android.net.conn.CONNECTIVITY_CHANGE_IMMEDIATE
D/ConnectivityService( 1027): sendStickyBroadcast: action=android.net.conn.CONNECTIVITY_CHANGE
D/ConnectivityService( 1027): Checking for replacement network to handle request NetworkRequest [ id=1, legacyType=-1, [ Capabilities: INTERNET&NOT_RESTRICTED&TRUSTED&NOT_VPN] ]
D/NetworkManagementService( 1027): getNetworkStatsSummaryXt:NetworkStats: elapsedRealtime=69319708
D/NetworkManagementService( 1027):   [0] iface=wlan0 uid=-1 set=ALL tag=0x0 rxBytes=3406 rxPackets=18 txBytes=1263 txPackets=20 operations=0
D/NetworkManagementService( 1027):   [1] iface=rmnet0 uid=-1 set=ALL tag=0x0 rxBytes=71307 rxPackets=132 txBytes=29560 txPackets=506 operations=0
D/NetworkManagementService( 1027):   [2] iface=lo uid=-1 set=ALL tag=0x0 rxBytes=0 rxPackets=0 txBytes=0 txPackets=0 operations=0
D/NetworkManagementService( 1027): getNetworkStatsSummaryDev:NetworkStats: elapsedRealtime=69319709
D/NetworkManagementService( 1027):   [0] iface=wlan0 uid=-1 set=ALL tag=0x0 rxBytes=3836 rxPackets=25 txBytes=2673 txPackets=28 operations=0
D/NetworkManagementService( 1027):   [1] iface=rmnet0 uid=-1 set=ALL tag=0x0 rxBytes=71307 rxPackets=132 txBytes=37628 txPackets=505 operations=0
D/NetworkManagementService( 1027):   [2] iface=lo uid=-1 set=ALL tag=0x0 rxBytes=0 rxPackets=0 txBytes=0 txPackets=0 operations=0
D/ConnectivityService( 1027): setProvNotificationVisible: E visible=false networkType=0 action=com.android.internal.telephony.PROVISION0
D/ConnectivityService( 1027): setProvNotificationVisibleIntent: E visible=false networkType=0 extraInfo=null
D/ConnectivityService( 1027): registerNetworkAgent NetworkAgentInfo{ ni{[type: MOBILE[LTE], state: CONNECTED/CONNECTED, reason: connected, extra: cmnet, roaming: false, failover: false, isAvailable: true, isConnectedToProvisioningNetwork: false]}  network{null}  lp{{InterfaceName: rmnet0 LinkAddresses: [10.140.248.31/26,]  Routes: [0.0.0.0/0 -> 10.140.248.32 rmnet0,] DnsAddresses: [211.136.112.50,211.136.150.66,] Domains: null MTU: 1500 TcpBufferSizes: 524288,1048576,2097152,262144,524288,1048576}}  nc{[ Transports: CELLULAR Capabilities: SUPL&INTERNET&NOT_RESTRICTED&TRUSTED&NOT_VPN LinkUpBandwidth>=51200Kbps LinkDnBandwidth>=102400Kbps Specifier: <1>]}  Score{10}  everValidated{false}  lastValidated{false}  created{false}  explicitlySelected{false} }
D/ConnectivityService( 1027): NetworkAgentInfo [MOBILE (LTE) - 117] EVENT_NETWORK_INFO_CHANGED, going from null to CONNECTED
D/ConnectivityService( 1027): Adding iface rmnet0 to network 117
D/ConnectivityService( 1027): Setting MTU size: rmnet0, 1500
D/ConnectivityService( 1027): Adding Route [0.0.0.0/0 -> 10.140.248.32 rmnet0] to network 117
D/ConnectivityService( 1027): Setting Dns servers for network 117 to [/211.136.112.50, /211.136.150.66]
D/NetworkManagementService( 1027): getNetworkStatsSummaryXt:NetworkStats: elapsedRealtime=69320148
D/NetworkManagementService( 1027):   [0] iface=wlan0 uid=-1 set=ALL tag=0x0 rxBytes=3406 rxPackets=18 txBytes=1263 txPackets=20 operations=0
D/NetworkManagementService( 1027):   [1] iface=rmnet0 uid=-1 set=ALL tag=0x0 rxBytes=71307 rxPackets=132 txBytes=29748 txPackets=509 operations=0
D/NetworkManagementService( 1027):   [2] iface=lo uid=-1 set=ALL tag=0x0 rxBytes=0 rxPackets=0 txBytes=0 txPackets=0 operations=0
D/NetworkManagementService( 1027): getNetworkStatsSummaryDev:NetworkStats: elapsedRealtime=69320150
D/NetworkManagementService( 1027):   [0] iface=wlan0 uid=-1 set=ALL tag=0x0 rxBytes=3836 rxPackets=25 txBytes=2673 txPackets=28 operations=0
D/NetworkManagementService( 1027):   [1] iface=rmnet0 uid=-1 set=ALL tag=0x0 rxBytes=71307 rxPackets=132 txBytes=37864 txPackets=508 operations=0
D/NetworkManagementService( 1027):   [2] iface=lo uid=-1 set=ALL tag=0x0 rxBytes=0 rxPackets=0 txBytes=0 txPackets=0 operations=0
D/ConnectivityService( 1027): notifyType IP_CHANGED for NetworkAgentInfo [MOBILE (LTE) - 117]
D/NetworkManagementService( 1027): getNetworkStatsSummaryXt:NetworkStats: elapsedRealtime=69320156
D/NetworkManagementService( 1027):   [0] iface=wlan0 uid=-1 set=ALL tag=0x0 rxBytes=3406 rxPackets=18 txBytes=1263 txPackets=20 operations=0
D/NetworkManagementService( 1027):   [1] iface=rmnet0 uid=-1 set=ALL tag=0x0 rxBytes=71307 rxPackets=132 txBytes=29748 txPackets=509 operations=0
D/NetworkManagementService( 1027):   [2] iface=lo uid=-1 set=ALL tag=0x0 rxBytes=0 rxPackets=0 txBytes=0 txPackets=0 operations=0
D/NetworkManagementService( 1027): getNetworkStatsSummaryDev:NetworkStats: elapsedRealtime=69320159
D/NetworkManagementService( 1027):   [0] iface=wlan0 uid=-1 set=ALL tag=0x0 rxBytes=3836 rxPackets=25 txBytes=2673 txPackets=28 operations=0
D/NetworkManagementService( 1027):   [1] iface=rmnet0 uid=-1 set=ALL tag=0x0 rxBytes=71307 rxPackets=132 txBytes=37864 txPackets=508 operations=0
D/NetworkManagementService( 1027):   [2] iface=lo uid=-1 set=ALL tag=0x0 rxBytes=0 rxPackets=0 txBytes=0 txPackets=0 operations=0
D/ConnectivityService( 1027): notifyType PRECHECK for NetworkAgentInfo [MOBILE (LTE) - 117]
D/ConnectivityService( 1027): rematching NetworkAgentInfo [MOBILE (LTE) - 117]
D/ConnectivityService( 1027):    accepting network in place of null
D/ConnectivityService( 1027): Switching to new default network: NetworkAgentInfo{ ni{[type: MOBILE[LTE], state: CONNECTED/CONNECTED, reason: connected, extra: cmnet, roaming: false, failover: false, isAvailable: true, isConnectedToProvisioningNetwork: false]}  network{117}  lp{{InterfaceName: rmnet0 LinkAddresses: [10.140.248.31/26,]  Routes: [0.0.0.0/0 -> 10.140.248.32 rmnet0,] DnsAddresses: [211.136.112.50,211.136.150.66,] Domains: null MTU: 1500 TcpBufferSizes: 524288,1048576,2097152,262144,524288,1048576}}  nc{[ Transports: CELLULAR Capabilities: SUPL&INTERNET&NOT_RESTRICTED&TRUSTED&NOT_VPN LinkUpBandwidth>=51200Kbps LinkDnBandwidth>=102400Kbps Specifier: <1>]}  Score{10}  everValidated{false}  lastValidated{false}  created{true}  explicitlySelected{false} }
D/ConnectivityService( 1027): notifyType AVAILABLE for NetworkAgentInfo [MOBILE (LTE) - 117]
D/CSLegacyTypeTracker( 1027): Sending connected broadcast for type 0 NetworkAgentInfo [MOBILE (LTE) - 117] isDefaultNetwork=true
D/ConnectivityService( 1027): sendStickyBroadcast: action=android.net.conn.CONNECTIVITY_CHANGE_IMMEDIATE
D/ConnectivityService( 1027): sendStickyBroadcast: action=android.net.conn.CONNECTIVITY_CHANGE
D/ConnectivityService( 1027): NetTransition Wakelock (NetworkAgentInfo [WIFI () - 116] cleared because we found a replacement network
D/WifiService( 1027): setWifiEnabled: true pid=9798, uid=10032
E/WifiService( 1027): Invoking mWifiStateMachine.setWifiEnabled
E/NetdConnector( 1027): NDC Command {972 softap fwreload wlan0 STA} took too long (716ms)
D/NetworkManagementService( 1027): getNetworkStatsSummaryXt:NetworkStats: elapsedRealtime=69323219
D/NetworkManagementService( 1027):   [0] iface=wlan0 uid=-1 set=ALL tag=0x0 rxBytes=3406 rxPackets=18 txBytes=1263 txPackets=20 operations=0
D/NetworkManagementService( 1027):   [1] iface=rmnet0 uid=-1 set=ALL tag=0x0 rxBytes=71501 rxPackets=134 txBytes=30018 txPackets=513 operations=0
D/NetworkManagementService( 1027):   [2] iface=lo uid=-1 set=ALL tag=0x0 rxBytes=0 rxPackets=0 txBytes=0 txPackets=0 operations=0
D/NetworkManagementService( 1027): getNetworkStatsSummaryDev:NetworkStats: elapsedRealtime=69323222
D/NetworkManagementService( 1027):   [0] iface=wlan0 uid=-1 set=ALL tag=0x0 rxBytes=3836 rxPackets=25 txBytes=2673 txPackets=28 operations=0
D/NetworkManagementService( 1027):   [1] iface=rmnet0 uid=-1 set=ALL tag=0x0 rxBytes=71501 rxPackets=134 txBytes=38200 txPackets=512 operations=0
D/NetworkManagementService( 1027):   [2] iface=lo uid=-1 set=ALL tag=0x0 rxBytes=0 rxPackets=0 txBytes=0 txPackets=0 operations=0
D/NetworkManagementService( 1027): getNetworkStatsSummaryXt:NetworkStats: elapsedRealtime=69323248
D/NetworkManagementService( 1027):   [0] iface=wlan0 uid=-1 set=ALL tag=0x0 rxBytes=3406 rxPackets=18 txBytes=1263 txPackets=20 operations=0
D/NetworkManagementService( 1027):   [1] iface=rmnet0 uid=-1 set=ALL tag=0x0 rxBytes=71501 rxPackets=134 txBytes=30018 txPackets=513 operations=0
D/NetworkManagementService( 1027):   [2] iface=lo uid=-1 set=ALL tag=0x0 rxBytes=0 rxPackets=0 txBytes=0 txPackets=0 operations=0
D/NetworkManagementService( 1027): getNetworkStatsSummaryDev:NetworkStats: elapsedRealtime=69323252
D/NetworkManagementService( 1027):   [0] iface=wlan0 uid=-1 set=ALL tag=0x0 rxBytes=3836 rxPackets=25 txBytes=2673 txPackets=28 operations=0
D/NetworkManagementService( 1027):   [1] iface=rmnet0 uid=-1 set=ALL tag=0x0 rxBytes=71501 rxPackets=134 txBytes=38200 txPackets=512 operations=0
D/NetworkManagementService( 1027):   [2] iface=lo uid=-1 set=ALL tag=0x0 rxBytes=0 rxPackets=0 txBytes=0 txPackets=0 operations=0
D/NetworkManagementService( 1027): getNetworkStatsSummaryXt:NetworkStats: elapsedRealtime=69324650
D/NetworkManagementService( 1027):   [0] iface=wlan0 uid=-1 set=ALL tag=0x0 rxBytes=3406 rxPackets=18 txBytes=1263 txPackets=20 operations=0
D/NetworkManagementService( 1027):   [1] iface=rmnet0 uid=-1 set=ALL tag=0x0 rxBytes=71501 rxPackets=134 txBytes=30126 txPackets=515 operations=0
D/NetworkManagementService( 1027):   [2] iface=lo uid=-1 set=ALL tag=0x0 rxBytes=0 rxPackets=0 txBytes=0 txPackets=0 operations=0
D/NetworkManagementService( 1027): getNetworkStatsSummaryDev:NetworkStats: elapsedRealtime=69324657
D/NetworkManagementService( 1027):   [0] iface=wlan0 uid=-1 set=ALL tag=0x0 rxBytes=3836 rxPackets=25 txBytes=2673 txPackets=28 operations=0
D/NetworkManagementService( 1027):   [1] iface=rmnet0 uid=-1 set=ALL tag=0x0 rxBytes=71501 rxPackets=134 txBytes=38340 txPackets=514 operations=0
D/NetworkManagementService( 1027):   [2] iface=lo uid=-1 set=ALL tag=0x0 rxBytes=0 rxPackets=0 txBytes=0 txPackets=0 operations=0
D/ConnectivityService( 1027): registerNetworkAgent NetworkAgentInfo{ ni{[type: WIFI[], state: CONNECTING/CONNECTING, reason: (unspecified), extra: "prime-max", roaming: false, failover: false, isAvailable: true, isConnectedToProvisioningNetwork: false]}  network{null}  lp{{LinkAddresses: []  Routes: [] DnsAddresses: [] Domains: null MTU: 0 TcpBufferSizes: 524288,1048576,2097152,262144,524288,1048576}}  nc{[ Transports: WIFI Capabilities: INTERNET&NOT_RESTRICTED&TRUSTED&NOT_VPN LinkUpBandwidth>=1048576Kbps LinkDnBandwidth>=1048576Kbps]}  Score{20}  everValidated{false}  lastValidated{false}  created{false}  explicitlySelected{false} }
D/ConnectivityService( 1027): NetworkAgentInfo [WIFI () - 118] EVENT_NETWORK_INFO_CHANGED, going from null to CONNECTING
D/ConnectivityService( 1027): updateNetworkScore for NetworkAgentInfo [WIFI () - 118] to 60
D/ConnectivityService( 1027): rematching NetworkAgentInfo [MOBILE (LTE) - 117]
D/ConnectivityService( 1027): Network NetworkAgentInfo [MOBILE (LTE) - 117] was already satisfying request 1. No change.
D/ConnectivityService( 1027): notifyType AVAILABLE for NetworkAgentInfo [MOBILE (LTE) - 117]
D/ConnectivityService( 1027): NetworkAgentInfo [WIFI () - 118] EVENT_NETWORK_INFO_CHANGED, going from CONNECTING to CONNECTED
D/ConnectivityService( 1027): Adding iface wlan0 to network 118
E/ConnectivityService( 1027): Unexpected mtu value: 0, wlan0
D/ConnectivityService( 1027): Adding Route [fe80::/64 -> :: wlan0] to network 118
D/ConnectivityService( 1027): Adding Route [192.168.1.0/24 -> 0.0.0.0 wlan0] to network 118
D/ConnectivityService( 1027): Adding Route [0.0.0.0/0 -> 192.168.1.254 wlan0] to network 118
D/ConnectivityService( 1027): Setting Dns servers for network 118 to [/192.168.1.254, /0.0.0.0]
D/NetworkManagementService( 1027): getNetworkStatsSummaryXt:NetworkStats: elapsedRealtime=69325625
D/NetworkManagementService( 1027):   [0] iface=wlan0 uid=-1 set=ALL tag=0x0 rxBytes=3734 rxPackets=19 txBytes=1403 txPackets=22 operations=0
D/NetworkManagementService( 1027):   [1] iface=rmnet0 uid=-1 set=ALL tag=0x0 rxBytes=71501 rxPackets=134 txBytes=30186 txPackets=516 operations=0
D/NetworkManagementService( 1027):   [2] iface=lo uid=-1 set=ALL tag=0x0 rxBytes=0 rxPackets=0 txBytes=0 txPackets=0 operations=0
D/NetworkManagementService( 1027): getNetworkStatsSummaryDev:NetworkStats: elapsedRealtime=69325626
D/NetworkManagementService( 1027):   [0] iface=wlan0 uid=-1 set=ALL tag=0x0 rxBytes=4418 rxPackets=28 txBytes=3446 txPackets=33 operations=0
D/NetworkManagementService( 1027):   [1] iface=rmnet0 uid=-1 set=ALL tag=0x0 rxBytes=71501 rxPackets=134 txBytes=38416 txPackets=515 operations=0
D/NetworkManagementService( 1027):   [2] iface=lo uid=-1 set=ALL tag=0x0 rxBytes=0 rxPackets=0 txBytes=0 txPackets=0 operations=0
D/ConnectivityService( 1027): notifyType IP_CHANGED for NetworkAgentInfo [WIFI () - 118]
D/NetworkManagementService( 1027): getNetworkStatsSummaryXt:NetworkStats: elapsedRealtime=69325631
D/NetworkManagementService( 1027):   [0] iface=wlan0 uid=-1 set=ALL tag=0x0 rxBytes=3734 rxPackets=19 txBytes=1403 txPackets=22 operations=0
D/NetworkManagementService( 1027):   [1] iface=rmnet0 uid=-1 set=ALL tag=0x0 rxBytes=71501 rxPackets=134 txBytes=30186 txPackets=516 operations=0
D/NetworkManagementService( 1027):   [2] iface=lo uid=-1 set=ALL tag=0x0 rxBytes=0 rxPackets=0 txBytes=0 txPackets=0 operations=0
D/NetworkManagementService( 1027): getNetworkStatsSummaryDev:NetworkStats: elapsedRealtime=69325632
D/NetworkManagementService( 1027):   [0] iface=wlan0 uid=-1 set=ALL tag=0x0 rxBytes=4418 rxPackets=28 txBytes=3446 txPackets=33 operations=0
D/NetworkManagementService( 1027):   [1] iface=rmnet0 uid=-1 set=ALL tag=0x0 rxBytes=71501 rxPackets=134 txBytes=38416 txPackets=515 operations=0
D/NetworkManagementService( 1027):   [2] iface=lo uid=-1 set=ALL tag=0x0 rxBytes=0 rxPackets=0 txBytes=0 txPackets=0 operations=0
D/ConnectivityService( 1027): notifyType PRECHECK for NetworkAgentInfo [WIFI () - 118]
D/ConnectivityService( 1027): rematching NetworkAgentInfo [WIFI () - 118]
D/ConnectivityService( 1027):    accepting network in place of NetworkAgentInfo [MOBILE (LTE) - 117]
D/ConnectivityService( 1027): Switching to new default network: NetworkAgentInfo{ ni{[type: WIFI[], state: CONNECTED/CONNECTED, reason: (unspecified), extra: "prime-max", roaming: false, failover: false, isAvailable: true, isConnectedToProvisioningNetwork: false]}  network{118}  lp{{InterfaceName: wlan0 LinkAddresses: [fe80::c2ee:fbff:fe00:6e4/64,192.168.1.100/24,]  Routes: [fe80::/64 -> :: wlan0,192.168.1.0/24 -> 0.0.0.0 wlan0,0.0.0.0/0 -> 192.168.1.254 wlan0,] DnsAddresses: [192.168.1.254,0.0.0.0,] Domains:  MTU: 0 TcpBufferSizes: 524288,1048576,2097152,262144,524288,1048576}}  nc{[ Transports: WIFI Capabilities: INTERNET&NOT_RESTRICTED&TRUSTED&NOT_VPN LinkUpBandwidth>=1048576Kbps LinkDnBandwidth>=1048576Kbps]}  Score{20}  everValidated{false}  lastValidated{false}  created{true}  explicitlySelected{false} }
D/ConnectivityService( 1027): notifyType AVAILABLE for NetworkAgentInfo [WIFI () - 118]
D/CSLegacyTypeTracker( 1027): Sending disconnected broadcast for type 0 NetworkAgentInfo [MOBILE (LTE) - 117] isDefaultNetwork=false
D/ConnectivityService( 1027): sendStickyBroadcast: action=android.net.conn.CONNECTIVITY_CHANGE_IMMEDIATE
D/ConnectivityService( 1027): sendStickyBroadcast: action=android.net.conn.CONNECTIVITY_CHANGE
D/CSLegacyTypeTracker( 1027): Sending connected broadcast for type 1 NetworkAgentInfo [WIFI () - 118] isDefaultNetwork=true
D/ConnectivityService( 1027): sendStickyBroadcast: action=android.net.conn.CONNECTIVITY_CHANGE_IMMEDIATE
D/ConnectivityService( 1027): sendStickyBroadcast: action=android.net.conn.CONNECTIVITY_CHANGE
D/ConnectivityService( 1027): notifyType IP_CHANGED for NetworkAgentInfo [WIFI () - 118]
D/ConnectivityService( 1027): setProvNotificationVisibleIntent: E visible=false networkType=0 extraInfo=null
D/ConnectivityService( 1027): setProvNotificationVisibleIntent: E visible=false networkType=0 extraInfo=null
I/PowerManagerService( 1027): Going to sleep due to screen timeout (uid 1000)...
I/DisplayManagerService( 1027): Display device changed: DisplayDeviceInfo{"内置屏幕": uniqueId="local:0", 1080 x 1920, 63.0 fps, supportedRefreshRates [63.0], density 480, 403.411 x 403.041 dpi, appVsyncOff 7500000, presDeadline 11873016, touch INTERNAL, rotation 0, type BUILT_IN, state OFF, FLAG_DEFAULT_DISPLAY, FLAG_ROTATES_WITH_CONTENT, FLAG_SECURE, FLAG_SUPPORTS_PROTECTED_BUFFERS}
V/ActivityManager( 1027): Display changed displayId=0
I/DreamManagerService( 1027): Entering dreamland.
I/DreamController( 1027): Starting dream: name=ComponentInfo{com.android.systemui/com.android.systemui.doze.DozeService}, isTest=false, canDoze=true, userId=0
I/PowerManagerService( 1027): Dozing...
I/PowerManagerService( 1027): Waking up from dozing (uid 1000)...
I/DisplayPowerController( 1027): Blocking screen on until initial contents have been drawn.
I/DisplayManagerService( 1027): Display device changed: DisplayDeviceInfo{"内置屏幕": uniqueId="local:0", 1080 x 1920, 63.0 fps, supportedRefreshRates [63.0], density 480, 403.411 x 403.041 dpi, appVsyncOff 7500000, presDeadline 11873016, touch INTERNAL, rotation 0, type BUILT_IN, state ON, FLAG_DEFAULT_DISPLAY, FLAG_ROTATES_WITH_CONTENT, FLAG_SECURE, FLAG_SUPPORTS_PROTECTED_BUFFERS}
V/ActivityManager( 1027): Display changed displayId=0
I/DisplayPowerController( 1027): Unblocked screen on after 63 ms
I/DreamManagerService( 1027): Gently waking up from dream.
I/DreamManagerService( 1027): Leaving dreamland.
I/DreamController( 1027): Stopping dream: name=ComponentInfo{com.android.systemui/com.android.systemui.doze.DozeService}, isTest=false, canDoze=true, userId=0
W/BackupManagerService( 1027): dataChanged but no participant pkg='com.android.providers.settings' uid=1001
I/PowerManagerService( 1027): Going to sleep due to screen timeout (uid 1000)...
I/DisplayManagerService( 1027): Display device changed: DisplayDeviceInfo{"内置屏幕": uniqueId="local:0", 1080 x 1920, 63.0 fps, supportedRefreshRates [63.0], density 480, 403.411 x 403.041 dpi, appVsyncOff 7500000, presDeadline 11873016, touch INTERNAL, rotation 0, type BUILT_IN, state OFF, FLAG_DEFAULT_DISPLAY, FLAG_ROTATES_WITH_CONTENT, FLAG_SECURE, FLAG_SUPPORTS_PROTECTED_BUFFERS}
V/ActivityManager( 1027): Display changed displayId=0
I/DreamManagerService( 1027): Entering dreamland.
I/DreamController( 1027): Starting dream: name=ComponentInfo{com.android.systemui/com.android.systemui.doze.DozeService}, isTest=false, canDoze=true, userId=0
I/PowerManagerService( 1027): Dozing...
I/ProcessStatsService( 1027): Prepared write state in 5ms
I/ProcessStatsService( 1027): Prepared write state in 4ms
D/ConnectivityService( 1027): setProvNotificationVisibleIntent: E visible=false networkType=0 extraInfo=null
D/ConnectivityService( 1027): setProvNotificationVisibleIntent: E visible=false networkType=0 extraInfo=null
I/ActivityManager( 1027): Start proc 11297:com.android.defcontainer/u0a5 for service com.android.defcontainer/.DefaultContainerService
I/ActivityThread(11297): Switching default density from 400 to 480
D/DefContainer(11297): Copying /data/local/tmp/GlassCodesLauncher.apk to base.apk
D/PackageManager( 1027): Renaming /data/app/vmdl2057223945.tmp to /data/app/com.shen.activityfragmentdemo-2
I/ActivityManager( 1027): Force stopping com.shen.activityfragmentdemo appid=10032 user=-1: replace sys pkg
W/PackageManager( 1027): Trying to update system app code path from /data/app/com.shen.activityfragmentdemo-1 to /data/app/com.shen.activityfragmentdemo-2
I/ActivityManager( 1027): Killing 9798:com.shen.activityfragmentdemo/u0a32 (adj 0): stop com.shen.activityfragmentdemo
I/WindowState( 1027): WIN DEATH: Window{161b5e77 u0 com.shen.activityfragmentdemo/com.shen.activityfragmentdemo.GlassBaseActivity}
D/WifiService( 1027): Client connection lost with reason: 4
W/ActivityManager( 1027): Scheduling restart of crashed service com.shen.activityfragmentdemo/com.shen.service.MonitorPhoneStatusServer in 1000ms
W/ActivityManager( 1027): Force removing ActivityRecord{28b90dd u0 com.shen.activityfragmentdemo/.GlassBaseActivity t27}: app died, no saved state
V/ActivityManager( 1027): Display changed displayId=0
I/ActivityManager( 1027): Config changes=480 {1.0 460mcc7mnc zh_CN ?layoutDir sw432dp w432dp h742dp 480dpi nrml long port finger -keyb/v/h -nav/h s.52}
I/ActivityThread(11297): Switching default density from 400 to 480
I/ActivityThread( 2764): Switching default density from 400 to 480
I/ActivityThread( 2357): Switching default density from 400 to 480
I/ActivityThread( 2376): Switching default density from 400 to 480
I/ActivityThread( 2332): Switching default density from 400 to 480
I/ActivityThread( 2310): Switching default density from 400 to 480
I/ActivityThread( 1027): Switching default density from 400 to 480
I/ActivityThread( 3004): Switching default density from 400 to 480
I/ActivityThread( 2219): Switching default density from 400 to 480
I/ActivityThread(10386): Switching default density from 400 to 480
I/ActivityThread( 3377): Switching default density from 400 to 480
I/ActivityThread( 1922): Switching default density from 400 to 480
I/ActivityThread(10330): Switching default density from 400 to 480
I/ActivityThread( 9942): Switching default density from 400 to 480
I/ActivityThread( 3184): Switching default density from 400 to 480
I/ActivityThread(10222): Switching default density from 400 to 480
I/ActivityThread( 2451): Switching default density from 400 to 480
I/ActivityThread( 3537): Switching default density from 400 to 480
I/ActivityThread( 9918): Switching default density from 400 to 480
I/ActivityManager( 1027):   Force stopping service ServiceRecord{f061e7f u0 com.shen.activityfragmentdemo/com.shen.service.MonitorPhoneStatusServer}
I/ActivityThread( 3122): Switching default density from 400 to 480
W/ActivityManager( 1027): Spurious death for ProcessRecord{30165215 0:com.shen.activityfragmentdemo/u0a32}, curProc for 9798: null
W/InputMethodManagerService( 1027): Got RemoteException sending setActive(false) notification to pid 9798 uid 10032
W/WindowManager( 1027): App freeze timeout expired.
I/ActivityManager( 1027): Force stopping com.shen.activityfragmentdemo appid=10032 user=-1: update pkg
W/PackageManager( 1027): Code path for pkg : com.shen.activityfragmentdemo changing from /data/app/com.shen.activityfragmentdemo-1 to /data/app/com.shen.activityfragmentdemo-2
W/PackageManager( 1027): Resource path for pkg : com.shen.activityfragmentdemo changing from /data/app/com.shen.activityfragmentdemo-1 to /data/app/com.shen.activityfragmentdemo-2
I/ActivityManager( 1027): Force stopping com.shen.activityfragmentdemo appid=10032 user=0: pkg removed
D/JobSchedulerService( 1027): Receieved: android.intent.action.PACKAGE_REMOVED
D/BackupManagerService( 1027): Received broadcast Intent { act=android.intent.action.PACKAGE_REMOVED dat=package:com.shen.activityfragmentdemo flg=0x4000010 (has extras) }
I/ActivityManager( 1027): Start proc 11327:net.nurik.roman.dashclock/u0a25 for broadcast net.nurik.roman.dashclock/com.google.android.apps.dashclock.ExtensionPackageChangeReceiver
D/BackupManagerService( 1027): Received broadcast Intent { act=android.intent.action.PACKAGE_ADDED dat=package:com.shen.activityfragmentdemo flg=0x4000010 (has extras) }
W/BackupManagerService( 1027): Removing schedule queue dupe of com.shen.activityfragmentdemo
W/VoiceInteractionManagerService( 1027): no available voice recognition services found for user 0
I/ActivityManager( 1027): Start proc 11347:com.android.gallery3d/u0a31 for broadcast com.android.gallery3d/.app.PackagesMonitor
I/ActivityManager( 1027): Start proc 11368:com.android.keychain/1000 for broadcast com.android.keychain/.KeyChainBroadcastReceiver
I/ActivityManager( 1027): Killing 9942:com.qualcomm.timeservice/1000 (adj 15): empty for 3857s
W/ContextImpl(11368): Calling a method in the system process without a qualified user: android.app.ContextImpl.startService:1708 android.content.ContextWrapper.startService:516 android.content.ContextWrapper.startService:516 com.android.keychain.KeyChainBroadcastReceiver.onReceive:12 android.app.ActivityThread.handleReceiver:2624 
I/ActivityManager( 1027): Start proc 11393:com.svox.pico/u0a41 for broadcast com.svox.pico/.VoiceDataInstallerReceiver
I/ActivityManager( 1027): Killing 10330:com.android.cellbroadcastreceiver/u0a3 (adj 15): empty for 3857s
I/ActivityManager( 1027): Killing 10386:com.android.providers.calendar/u0a2 (adj 15): empty for 3857s
I/PowerManagerService( 1027): Waking up from dozing (uid 1000)...
I/DreamManagerService( 1027): Gently waking up from dream.
I/DisplayPowerController( 1027): Blocking screen on until initial contents have been drawn.
I/DisplayManagerService( 1027): Display device changed: DisplayDeviceInfo{"内置屏幕": uniqueId="local:0", 1080 x 1920, 63.0 fps, supportedRefreshRates [63.0], density 480, 403.411 x 403.041 dpi, appVsyncOff 7500000, presDeadline 11873016, touch INTERNAL, rotation 0, type BUILT_IN, state ON, FLAG_DEFAULT_DISPLAY, FLAG_ROTATES_WITH_CONTENT, FLAG_SECURE, FLAG_SUPPORTS_PROTECTED_BUFFERS}
I/DreamManagerService( 1027): Leaving dreamland.
I/DreamController( 1027): Stopping dream: name=ComponentInfo{com.android.systemui/com.android.systemui.doze.DozeService}, isTest=false, canDoze=true, userId=0
V/ActivityManager( 1027): Display changed displayId=0
I/DisplayPowerController( 1027): Unblocked screen on after 100 ms
I/ActivityManager( 1027): START u0 {act=android.intent.action.VIEW flg=0x10200000 cmp=com.slim.slimlauncher/.Launcher bnds=[451,1714][655,1934] (has extras)} from uid 10044 on display 0
I/ActivityManager( 1027): START u0 {act=android.intent.action.MAIN cat=[android.intent.category.LAUNCHER] flg=0x10200000 cmp=com.shen.activityfragmentdemo/.GlassBaseActivity (has extras)} from uid 10044 on display 0
V/WindowManager( 1027): addAppToken: AppWindowToken{715dbd7 token=Token{1944bf56 ActivityRecord{9611571 u0 com.shen.activityfragmentdemo/.GlassBaseActivity t28}}} to stack=1 task=28 at 0
I/ActivityManager( 1027): Start proc 11454:com.shen.activityfragmentdemo/u0a32 for activity com.shen.activityfragmentdemo/.GlassBaseActivity
V/ActivityManager( 1027): Display changed displayId=0
I/ActivityManager( 1027): Config changes=480 {1.0 460mcc7mnc zh_CN ?layoutDir sw432dp w768dp h406dp 480dpi nrml long land finger -keyb/v/h -nav/h s.53}
I/ActivityThread( 3122): Switching default density from 400 to 480
I/ActivityThread( 2219): Switching default density from 400 to 480
I/ActivityThread( 2310): Switching default density from 400 to 480
I/ActivityThread(11297): Switching default density from 400 to 480
I/ActivityThread( 2376): Switching default density from 400 to 480
I/ActivityThread(11368): Switching default density from 400 to 480
I/ActivityThread( 2764): Switching default density from 400 to 480
I/ActivityThread( 2451): Switching default density from 400 to 480
I/ActivityThread( 3004): Switching default density from 400 to 480
I/ActivityThread(11327): Switching default density from 400 to 480
I/ActivityThread( 3184): Switching default density from 400 to 480
I/ActivityThread( 9918): Switching default density from 400 to 480
I/ActivityThread(10222): Switching default density from 400 to 480
I/ActivityThread( 3377): Switching default density from 400 to 480
I/ActivityThread( 2357): Switching default density from 400 to 480
I/ActivityThread( 2332): Switching default density from 400 to 480
I/ActivityThread( 1922): Switching default density from 400 to 480
I/ActivityThread( 1027): Switching default density from 400 to 480
I/ActivityThread(11393): Switching default density from 400 to 480
I/ActivityThread( 3537): Switching default density from 400 to 480
I/ActivityThread(11347): Switching default density from 400 to 480
I/ActivityThread(11454): Switching default density from 400 to 480
V/WindowManager( 1027): Adding window Window{1eafca63 u0 com.shen.activityfragmentdemo/com.shen.activityfragmentdemo.GlassBaseActivity} at 2 of 9 (after Window{ecff49 u0 com.slim.slimlauncher/com.slim.slimlauncher.Launcher})
I/WindowManager( 1027): Screen frozen for +278ms due to Window{1eafca63 u0 com.shen.activityfragmentdemo/com.shen.activityfragmentdemo.GlassBaseActivity}
I/ActivityManager( 1027): Killing 9918:com.android.calendar/u0a21 (adj 15): empty for 3862s
W/InputMethodManagerService( 1027): Window already focused, ignoring focus gain of: com.android.internal.view.IInputMethodClient$Stub$Proxy@cf478a8 attribute=null, token = android.os.BinderProxy@2266092
I/PowerManagerService( 1027): Going to sleep due to screen timeout (uid 1000)...
I/DisplayManagerService( 1027): Display device changed: DisplayDeviceInfo{"内置屏幕": uniqueId="local:0", 1080 x 1920, 63.0 fps, supportedRefreshRates [63.0], density 480, 403.411 x 403.041 dpi, appVsyncOff 7500000, presDeadline 11873016, touch INTERNAL, rotation 0, type BUILT_IN, state OFF, FLAG_DEFAULT_DISPLAY, FLAG_ROTATES_WITH_CONTENT, FLAG_SECURE, FLAG_SUPPORTS_PROTECTED_BUFFERS}
V/ActivityManager( 1027): Display changed displayId=0
I/DreamManagerService( 1027): Entering dreamland.
I/DreamController( 1027): Starting dream: name=ComponentInfo{com.android.systemui/com.android.systemui.doze.DozeService}, isTest=false, canDoze=true, userId=0
I/PowerManagerService( 1027): Dozing...
--------- beginning of main
E/MP-Decision(  278): Error(-22) changing core 3 status to offline
E/MP-Decision(  278): Error(-22) changing core 2 status to offline
E/MP-Decision(  278): Error(-22) changing core 3 status to offline
E/MP-Decision(  278): Error(-22) changing core 2 status to offline
E/MP-Decision(  278): Error(-22) changing core 3 status to offline
E/MP-Decision(  278): Error(-22) changing core 2 status to offline
E/MP-Decision(  278): Error(-22) changing core 3 status to offline
E/MP-Decision(  278): Error(-22) changing core 2 status to offline
E/MP-Decision(  278): Error(-22) changing core 3 status to offline
E/MP-Decision(  278): Error(-22) changing core 2 status to offline
E/MP-Decision(  278): Error(-22) changing core 3 status to offline
E/MP-Decision(  278): Error(-22) changing core 2 status to offline
E/MP-Decision(  278): Error(-22) changing core 3 status to offline
E/MP-Decision(  278): Error(-22) changing core 2 status to offline
E/MP-Decision(  278): Error(-22) changing core 3 status to offline
E/MP-Decision(  278): Error(-22) changing core 2 status to offline
E/MP-Decision(  278): Error(-22) changing core 3 status to offline
E/MP-Decision(  278): Error(-22) changing core 2 status to offline
E/MP-Decision(  278): Error(-22) changing core 3 status to offline
E/MP-Decision(  278): Error(-22) changing core 2 status to offline
E/MP-Decision(  278): Error(-22) changing core 3 status to offline
E/MP-Decision(  278): Error(-22) changing core 2 status to offline
E/MP-Decision(  278): Error(-22) changing core 3 status to offline
E/MP-Decision(  278): Error(-22) changing core 2 status to offline
E/MP-Decision(  278): Error(-22) changing core 3 status to offline
E/MP-Decision(  278): Error(-22) changing core 2 status to offline
E/MP-Decision(  278): Error(-22) changing core 3 status to offline
E/MP-Decision(  278): Error(-22) changing core 2 status to offline
E/MP-Decision(  278): Error(-22) changing core 3 status to offline
E/MP-Decision(  278): Error(-22) changing core 2 status to offline
E/MP-Decision(  278): Error(-22) changing core 3 status to offline
E/MP-Decision(  278): Error(-22) changing core 2 status to offline
E/MP-Decision(  278): Error(-22) changing core 3 status to offline
E/MP-Decision(  278): Error(-22) changing core 2 status to offline
E/MP-Decision(  278): Error(-22) changing core 3 status to offline
E/MP-Decision(  278): Error(-22) changing core 2 status to offline
E/MP-Decision(  278): Error(-22) changing core 3 status to offline
E/MP-Decision(  278): Error(-22) changing core 2 status to offline
E/MP-Decision(  278): Error(-22) changing core 3 status to offline
E/MP-Decision(  278): Error(-22) changing core 2 status to offline
E/MP-Decision(  278): Error(-22) changing core 3 status to offline
E/MP-Decision(  278): Error(-22) changing core 2 status to offline
E/MP-Decision(  278): Error(-22) changing core 3 status to offline
E/MP-Decision(  278): Error(-22) changing core 2 status to offline
E/MP-Decision(  278): Error(-22) changing core 3 status to offline
E/MP-Decision(  278): Error(-22) changing core 2 status to offline
E/MP-Decision(  278): Error(-22) changing core 3 status to offline
E/MP-Decision(  278): Error(-22) changing core 2 status to offline
E/MP-Decision(  278): Error(-22) changing core 3 status to offline
E/MP-Decision(  278): Error(-22) changing core 2 status to offline
E/MP-Decision(  278): Error(-22) changing core 3 status to offline
E/MP-Decision(  278): Error(-22) changing core 2 status to offline
E/MP-Decision(  278): Error(-22) changing core 3 status to offline
E/MP-Decision(  278): Error(-22) changing core 2 status to offline
E/MP-Decision(  278): Error(-22) changing core 3 status to offline
E/MP-Decision(  278): Error(-22) changing core 2 status to offline
E/MP-Decision(  278): Error(-22) changing core 3 status to offline
E/MP-Decision(  278): Error(-22) changing core 2 status to offline
E/MP-Decision(  278): Error(-22) changing core 3 status to offline
E/MP-Decision(  278): Error(-22) changing core 2 status to offline
E/MP-Decision(  278): Error(-22) changing core 3 status to offline
E/MP-Decision(  278): Error(-22) changing core 2 status to offline
E/MP-Decision(  278): Error(-22) changing core 3 status to offline
E/MP-Decision(  278): Error(-22) changing core 2 status to offline
E/MP-Decision(  278): Error(-22) changing core 3 status to offline
E/MP-Decision(  278): Error(-22) changing core 2 status to offline
E/MP-Decision(  278): Error(-22) changing core 3 status to offline
E/MP-Decision(  278): Error(-22) changing core 2 status to offline
E/MP-Decision(  278): Error(-22) changing core 3 status to offline
E/MP-Decision(  278): Error(-22) changing core 2 status to offline
E/MP-Decision(  278): Error(-22) changing core 3 status to offline
E/MP-Decision(  278): Error(-22) changing core 2 status to offline
E/MP-Decision(  278): Error(-22) changing core 3 status to offline
E/MP-Decision(  278): Error(-22) changing core 2 status to offline
E/MP-Decision(  278): Error(-22) changing core 3 status to offline
E/MP-Decision(  278): Error(-22) changing core 2 status to offline
E/MP-Decision(  278): Error(-22) changing core 3 status to offline
E/MP-Decision(  278): Error(-22) changing core 2 status to offline
E/MP-Decision(  278): Error(-22) changing core 3 status to offline
E/MP-Decision(  278): Error(-22) changing core 2 status to offline
E/MP-Decision(  278): Error(-22) changing core 3 status to offline
E/MP-Decision(  278): Error(-22) changing core 2 status to offline
E/MP-Decision(  278): Error(-22) changing core 3 status to offline
E/MP-Decision(  278): Error(-22) changing core 2 status to offline
E/MP-Decision(  278): Error(-22) changing core 3 status to offline
E/MP-Decision(  278): Error(-22) changing core 2 status to offline
E/MP-Decision(  278): Error(-22) changing core 3 status to offline
E/MP-Decision(  278): Error(-22) changing core 2 status to offline
E/MP-Decision(  278): Error(-22) changing core 3 status to offline
E/MP-Decision(  278): Error(-22) changing core 2 status to offline
E/MP-Decision(  278): Error(-22) changing core 3 status to offline
E/MP-Decision(  278): Error(-22) changing core 2 status to offline
E/MP-Decision(  278): Error(-22) changing core 3 status to offline
E/MP-Decision(  278): Error(-22) changing core 2 status to offline
E/MP-Decision(  278): Error(-22) changing core 3 status to offline
E/MP-Decision(  278): Error(-22) changing core 2 status to offline
E/MP-Decision(  278): Error(-22) changing core 3 status to offline
E/MP-Decision(  278): Error(-22) changing core 2 status to offline
E/MP-Decision(  278): Error(-22) changing core 3 status to offline
E/MP-Decision(  278): Error(-22) changing core 2 status to offline
E/MP-Decision(  278): Error(-22) changing core 3 status to offline
E/MP-Decision(  278): Error(-22) changing core 2 status to offline
E/MP-Decision(  278): Error(-22) changing core 3 status to offline
E/MP-Decision(  278): Error(-22) changing core 2 status to offline
E/MP-Decision(  278): Error(-22) changing core 3 status to offline
E/MP-Decision(  278): Error(-22) changing core 2 status to offline
E/MP-Decision(  278): Error(-22) changing core 3 status to offline
E/MP-Decision(  278): Error(-22) changing core 2 status to offline
E/MP-Decision(  278): Error(-22) changing core 3 status to offline
E/MP-Decision(  278): Error(-22) changing core 2 status to offline
E/MP-Decision(  278): Error(-22) changing core 3 status to offline
E/MP-Decision(  278): Error(-22) changing core 2 status to offline
E/MP-Decision(  278): Error(-22) changing core 3 status to offline
E/MP-Decision(  278): Error(-22) changing core 2 status to offline
E/MP-Decision(  278): Error(-22) changing core 3 status to offline
E/MP-Decision(  278): Error(-22) changing core 2 status to offline
E/MP-Decision(  278): Error(-22) changing core 3 status to offline
E/MP-Decision(  278): Error(-22) changing core 2 status to offline
E/MP-Decision(  278): Error(-22) changing core 3 status to offline
E/MP-Decision(  278): Error(-22) changing core 2 status to offline
E/MP-Decision(  278): Error(-22) changing core 3 status to offline
E/MP-Decision(  278): Error(-22) changing core 2 status to offline
E/MP-Decision(  278): Error(-22) changing core 3 status to offline
E/MP-Decision(  278): Error(-22) changing core 2 status to offline
E/MP-Decision(  278): Error(-22) changing core 3 status to offline
E/MP-Decision(  278): Error(-22) changing core 2 status to offline
E/MP-Decision(  278): Error(-22) changing core 3 status to offline
E/MP-Decision(  278): Error(-22) changing core 2 status to offline
E/MP-Decision(  278): Error(-22) changing core 3 status to offline
E/MP-Decision(  278): Error(-22) changing core 2 status to offline
E/MP-Decision(  278): Error(-22) changing core 3 status to offline
E/MP-Decision(  278): Error(-22) changing core 2 status to offline
E/MP-Decision(  278): Error(-22) changing core 3 status to offline
E/MP-Decision(  278): Error(-22) changing core 2 status to offline
E/MP-Decision(  278): Error(-22) changing core 3 status to offline
E/MP-Decision(  278): Error(-22) changing core 2 status to offline
E/MP-Decision(  278): Error(-22) changing core 3 status to offline
E/MP-Decision(  278): Error(-22) changing core 2 status to offline
E/MP-Decision(  278): Error(-22) changing core 3 status to offline
D/Ulp_jni ( 1027): Location CB invoked
E/MP-Decision(  278): Error(-22) changing core 2 status to offline
E/MP-Decision(  278): Error(-22) changing core 3 status to offline
E/MP-Decision(  278): Error(-22) changing core 2 status to offline
E/MP-Decision(  278): Error(-22) changing core 3 status to offline
E/MP-Decision(  278): Error(-22) changing core 2 status to offline
E/MP-Decision(  278): Error(-22) changing core 3 status to offline
E/MP-Decision(  278): Error(-22) changing core 2 status to offline
E/MP-Decision(  278): Error(-22) changing core 3 status to offline
E/MP-Decision(  278): Error(-22) changing core 2 status to offline
E/MP-Decision(  278): Error(-22) changing core 3 status to offline
E/MP-Decision(  278): Error(-22) changing core 2 status to offline
E/MP-Decision(  278): Error(-22) changing core 3 status to offline
E/MP-Decision(  278): Error(-22) changing core 2 status to offline
E/MP-Decision(  278): Error(-22) changing core 3 status to offline
E/MP-Decision(  278): Error(-22) changing core 2 status to offline
E/MP-Decision(  278): Error(-22) changing core 3 status to offline
E/MP-Decision(  278): Error(-22) changing core 2 status to offline
E/MP-Decision(  278): Error(-22) changing core 3 status to offline
E/MP-Decision(  278): Error(-22) changing core 2 status to offline
E/MP-Decision(  278): Error(-22) changing core 3 status to offline
E/MP-Decision(  278): Error(-22) changing core 2 status to offline
E/MP-Decision(  278): Error(-22) changing core 3 status to offline
E/MP-Decision(  278): Error(-22) changing core 2 status to offline
E/MP-Decision(  278): Error(-22) changing core 3 status to offline
E/MP-Decision(  278): Error(-22) changing core 2 status to offline
E/MP-Decision(  278): Error(-22) changing core 3 status to offline
E/MP-Decision(  278): Error(-22) changing core 2 status to offline
E/MP-Decision(  278): Error(-22) changing core 3 status to offline
E/MP-Decision(  278): Error(-22) changing core 2 status to offline
E/MP-Decision(  278): Error(-22) changing core 3 status to offline
E/MP-Decision(  278): Error(-22) changing core 2 status to offline
E/MP-Decision(  278): Error(-22) changing core 3 status to offline
E/MP-Decision(  278): Error(-22) changing core 2 status to offline
E/MP-Decision(  278): Error(-22) changing core 3 status to offline
E/MP-Decision(  278): Error(-22) changing core 2 status to offline
E/MP-Decision(  278): Error(-22) changing core 3 status to offline
E/MP-Decision(  278): Error(-22) changing core 2 status to offline
E/MP-Decision(  278): Error(-22) changing core 3 status to offline
E/MP-Decision(  278): Error(-22) changing core 2 status to offline
E/MP-Decision(  278): Error(-22) changing core 3 status to offline
E/MP-Decision(  278): Error(-22) changing core 2 status to offline
E/MP-Decision(  278): Error(-22) changing core 3 status to offline
E/MP-Decision(  278): Error(-22) changing core 2 status to offline
E/MP-Decision(  278): Error(-22) changing core 3 status to offline
E/MP-Decision(  278): Error(-22) changing core 2 status to offline
E/MP-Decision(  278): Error(-22) changing core 3 status to offline
E/MP-Decision(  278): Error(-22) changing core 2 status to offline
E/MP-Decision(  278): Error(-22) changing core 3 status to offline
E/MP-Decision(  278): Error(-22) changing core 2 status to offline
E/MP-Decision(  278): Error(-22) changing core 3 status to offline
E/MP-Decision(  278): Error(-22) changing core 2 status to offline
E/MP-Decision(  278): Error(-22) changing core 3 status to offline
E/MP-Decision(  278): Error(-22) changing core 2 status to offline
E/MP-Decision(  278): Error(-22) changing core 3 status to offline
E/MP-Decision(  278): Error(-22) changing core 2 status to offline
E/MP-Decision(  278): Error(-22) changing core 3 status to offline
E/MP-Decision(  278): Error(-22) changing core 2 status to offline
E/MP-Decision(  278): Error(-22) changing core 3 status to offline
E/MP-Decision(  278): Error(-22) changing core 2 status to offline
E/MP-Decision(  278): Error(-22) changing core 3 status to offline
E/MP-Decision(  278): Error(-22) changing core 2 status to offline
E/MP-Decision(  278): Error(-22) changing core 3 status to offline
E/MP-Decision(  278): Error(-22) changing core 2 status to offline
E/MP-Decision(  278): Error(-22) changing core 3 status to offline
E/MP-Decision(  278): Error(-22) changing core 2 status to offline
E/MP-Decision(  278): Error(-22) changing core 3 status to offline
E/MP-Decision(  278): Error(-22) changing core 2 status to offline
E/MP-Decision(  278): Error(-22) changing core 3 status to offline
E/MP-Decision(  278): Error(-22) changing core 2 status to offline
E/MP-Decision(  278): Error(-22) changing core 3 status to offline
E/MP-Decision(  278): Error(-22) changing core 2 status to offline
E/MP-Decision(  278): Error(-22) changing core 3 status to offline
E/MP-Decision(  278): Error(-22) changing core 2 status to offline
E/MP-Decision(  278): Error(-22) changing core 3 status to offline
E/MP-Decision(  278): Error(-22) changing core 2 status to offline
E/MP-Decision(  278): Error(-22) changing core 3 status to offline
E/MP-Decision(  278): Error(-22) changing core 2 status to offline
E/MP-Decision(  278): Error(-22) changing core 3 status to offline
E/MP-Decision(  278): Error(-22) changing core 2 status to offline
E/MP-Decision(  278): Error(-22) changing core 3 status to offline
E/MP-Decision(  278): Error(-22) changing core 2 status to offline
E/MP-Decision(  278): Error(-22) changing core 3 status to offline
E/MP-Decision(  278): Error(-22) changing core 2 status to offline
E/MP-Decision(  278): Error(-22) changing core 3 status to offline
E/MP-Decision(  278): Error(-22) changing core 2 status to offline
E/MP-Decision(  278): Error(-22) changing core 3 status to offline
E/MP-Decision(  278): Error(-22) changing core 2 status to offline
E/MP-Decision(  278): Error(-22) changing core 3 status to offline
E/MP-Decision(  278): Error(-22) changing core 2 status to offline
E/MP-Decision(  278): Error(-22) changing core 3 status to offline
