E/AndroidRuntime( 8850): 	at com.shen.widget.HorizontalListView.setAdapter(HorizontalListView.java:104)
E/AndroidRuntime( 8850): 	at com.shen.fragment.SettingsWlanInfoFragment$1.handleMessage(SettingsWlanInfoFragment.java:60)
E/AndroidRuntime( 8850): 	at android.os.Handler.dispatchMessage(Handler.java:102)
E/AndroidRuntime( 8850): 	at android.os.Looper.loop(Looper.java:135)
E/AndroidRuntime( 8850): 	at android.app.ActivityThread.main(ActivityThread.java:5269)
E/AndroidRuntime( 8850): 	at java.lang.reflect.Method.invoke(Native Method)
E/AndroidRuntime( 8850): 	at java.lang.reflect.Method.invoke(Method.java:372)
E/AndroidRuntime( 8850): 	at com.android.internal.os.ZygoteInit$MethodAndArgsCaller.run(ZygoteInit.java:904)
E/AndroidRuntime( 8850): 	at com.android.internal.os.ZygoteInit.main(ZygoteInit.java:699)
W/ActivityManager( 1027):   Force finishing activity 1 com.shen.activityfragmentdemo/.GlassBaseActivity
W/BackupManagerService( 1027): dataChanged but no participant pkg='com.android.providers.settings' uid=1001
W/ActivityManager( 1027): Activity pause timeout for ActivityRecord{7ebac82 u0 com.shen.activityfragmentdemo/.GlassBaseActivity t18 f}
I/ActivityManager( 1027): Config changes=480 {1.0 460mcc7mnc zh_CN ?layoutDir sw432dp w432dp h742dp 480dpi nrml long port finger -keyb/v/h -nav/h s.34}
V/ActivityManager( 1027): Display changed displayId=0
I/ActivityThread( 3122): Switching default density from 400 to 480
I/ActivityThread( 7085): Switching default density from 400 to 480
I/ActivityThread( 7200): Switching default density from 400 to 480
I/ActivityThread( 7179): Switching default density from 400 to 480
I/ActivityThread( 7159): Switching default density from 400 to 480
I/ActivityThread( 3260): Switching default density from 400 to 480
I/ActivityThread( 2451): Switching default density from 400 to 480
I/ActivityThread( 3004): Switching default density from 400 to 480
I/ActivityThread( 7225): Switching default density from 400 to 480
I/ActivityThread( 8677): Switching default density from 400 to 480
I/ActivityThread( 3377): Switching default density from 400 to 480
I/ActivityThread( 3537): Switching default density from 400 to 480
I/ActivityThread( 2357): Switching default density from 400 to 480
I/ActivityThread( 2332): Switching default density from 400 to 480
I/ActivityThread( 2310): Switching default density from 400 to 480
I/ActivityThread( 1922): Switching default density from 400 to 480
I/ActivityThread( 2764): Switching default density from 400 to 480
I/ActivityThread( 2376): Switching default density from 400 to 480
I/ActivityThread( 1027): Switching default density from 400 to 480
I/ActivityThread( 8709): Switching default density from 400 to 480
I/ActivityThread( 2917): Switching default density from 400 to 480
I/ActivityThread( 8597): Switching default density from 400 to 480
I/ActivityThread( 3184): Switching default density from 400 to 480
I/ActivityThread( 2219): Switching default density from 400 to 480
I/WindowManager( 1027): Screen frozen for +388ms due to Window{d94e795 u0 com.android.systemui.ImageWallpaper}
W/BroadcastQueue( 1027): Skipping deliver [background] BroadcastRecord{37da2e24 u-1 android.intent.action.BATTERY_CHANGED} to ReceiverList{38e60794 8850 com.shen.activityfragmentdemo/10032/u0 remote:2a217fe7}: process crashing
D/TaskPersister( 1027): removeObsoleteFile: deleting file=17_task_thumbnail.png
W/BroadcastQueue( 1027): Skipping deliver [foreground] BroadcastRecord{15cccd8d u-1 android.intent.action.TIME_TICK} to ReceiverList{aecdd8a 8850 com.shen.activityfragmentdemo/10032/u0 remote:2002bbf5}: process crashing
W/BroadcastQueue( 1027): Skipping deliver [foreground] BroadcastRecord{15cccd8d u-1 android.intent.action.TIME_TICK} to ReceiverList{3f902271 8850 com.shen.activityfragmentdemo/10032/u0 remote:119bf818}: process crashing
W/BroadcastQueue( 1027): Skipping deliver [foreground] BroadcastRecord{15cccd8d u-1 android.intent.action.TIME_TICK} to ReceiverList{2647dc4 8850 com.shen.activityfragmentdemo/10032/u0 remote:83430d7}: process crashing
W/BroadcastQueue( 1027): Skipping deliver [background] BroadcastRecord{36e2ab42 u-1 android.intent.action.BATTERY_CHANGED} to ReceiverList{38e60794 8850 com.shen.activityfragmentdemo/10032/u0 remote:2a217fe7}: process crashing
W/ActivityManager( 1027): Activity destroy timeout for ActivityRecord{7ebac82 u0 com.shen.activityfragmentdemo/.GlassBaseActivity t18 f}
W/BroadcastQueue( 1027): Skipping deliver [background] BroadcastRecord{25bd3753 u-1 android.intent.action.BATTERY_CHANGED} to ReceiverList{38e60794 8850 com.shen.activityfragmentdemo/10032/u0 remote:2a217fe7}: process crashing
W/BroadcastQueue( 1027): Skipping deliver [background] BroadcastRecord{159e0890 u-1 android.intent.action.BATTERY_CHANGED} to ReceiverList{38e60794 8850 com.shen.activityfragmentdemo/10032/u0 remote:2a217fe7}: process crashing
I/PowerManagerService( 1027): Going to sleep due to screen timeout (uid 1000)...
I/DisplayManagerService( 1027): Display device changed: DisplayDeviceInfo{"内置屏幕": uniqueId="local:0", 1080 x 1920, 63.0 fps, supportedRefreshRates [63.0], density 480, 403.411 x 403.041 dpi, appVsyncOff 7500000, presDeadline 11873016, touch INTERNAL, rotation 0, type BUILT_IN, state OFF, FLAG_DEFAULT_DISPLAY, FLAG_ROTATES_WITH_CONTENT, FLAG_SECURE, FLAG_SUPPORTS_PROTECTED_BUFFERS}
V/ActivityManager( 1027): Display changed displayId=0
I/DreamManagerService( 1027): Entering dreamland.
I/DreamController( 1027): Starting dream: name=ComponentInfo{com.android.systemui/com.android.systemui.doze.DozeService}, isTest=false, canDoze=true, userId=0
I/PowerManagerService( 1027): Dozing...
W/BroadcastQueue( 1027): Skipping deliver [background] BroadcastRecord{23376854 u-1 android.intent.action.BATTERY_CHANGED} to ReceiverList{38e60794 8850 com.shen.activityfragmentdemo/10032/u0 remote:2a217fe7}: process crashing
W/BroadcastQueue( 1027): Skipping deliver [background] BroadcastRecord{255933fd u-1 android.intent.action.BATTERY_CHANGED} to ReceiverList{38e60794 8850 com.shen.activityfragmentdemo/10032/u0 remote:2a217fe7}: process crashing
W/BroadcastQueue( 1027): Skipping deliver [background] BroadcastRecord{78068f2 u-1 android.intent.action.BATTERY_CHANGED} to ReceiverList{38e60794 8850 com.shen.activityfragmentdemo/10032/u0 remote:2a217fe7}: process crashing
W/BroadcastQueue( 1027): Skipping deliver [background] BroadcastRecord{2ed29b43 u-1 android.intent.action.BATTERY_CHANGED} to ReceiverList{38e60794 8850 com.shen.activityfragmentdemo/10032/u0 remote:2a217fe7}: process crashing
I/ProcessStatsService( 1027): Prepared write state in 5ms
I/ProcessStatsService( 1027): Prepared write state in 5ms
I/ProcessStatsService( 1027): Prepared write state in 7ms
W/BroadcastQueue( 1027): Skipping deliver [foreground] BroadcastRecord{33ccb5c0 u-1 android.intent.action.TIME_TICK} to ReceiverList{aecdd8a 8850 com.shen.activityfragmentdemo/10032/u0 remote:2002bbf5}: process crashing
W/BroadcastQueue( 1027): Skipping deliver [foreground] BroadcastRecord{33ccb5c0 u-1 android.intent.action.TIME_TICK} to ReceiverList{3f902271 8850 com.shen.activityfragmentdemo/10032/u0 remote:119bf818}: process crashing
W/BroadcastQueue( 1027): Skipping deliver [foreground] BroadcastRecord{33ccb5c0 u-1 android.intent.action.TIME_TICK} to ReceiverList{2647dc4 8850 com.shen.activityfragmentdemo/10032/u0 remote:83430d7}: process crashing
W/BroadcastQueue( 1027): Skipping deliver [background] BroadcastRecord{a12f9 u-1 android.intent.action.BATTERY_CHANGED} to ReceiverList{38e60794 8850 com.shen.activityfragmentdemo/10032/u0 remote:2a217fe7}: process crashing
W/BroadcastQueue( 1027): Skipping deliver [background] BroadcastRecord{3ba8223e u-1 android.intent.action.BATTERY_CHANGED} to ReceiverList{38e60794 8850 com.shen.activityfragmentdemo/10032/u0 remote:2a217fe7}: process crashing
W/BroadcastQueue( 1027): Skipping deliver [background] BroadcastRecord{1af9a89f u-1 android.intent.action.BATTERY_CHANGED} to ReceiverList{38e60794 8850 com.shen.activityfragmentdemo/10032/u0 remote:2a217fe7}: process crashing
W/BroadcastQueue( 1027): Skipping deliver [background] BroadcastRecord{17a76dec u-1 android.intent.action.BATTERY_CHANGED} to ReceiverList{38e60794 8850 com.shen.activityfragmentdemo/10032/u0 remote:2a217fe7}: process crashing
W/BroadcastQueue( 1027): Skipping deliver [background] BroadcastRecord{64fe5b5 u-1 android.intent.action.BATTERY_CHANGED} to ReceiverList{38e60794 8850 com.shen.activityfragmentdemo/10032/u0 remote:2a217fe7}: process crashing
D/WifiService( 1027): Client connection lost with reason: 4
I/ActivityManager( 1027): Process com.shen.activityfragmentdemo (pid 8850) has died
W/ActivityManager( 1027): Scheduling restart of crashed service com.shen.activityfragmentdemo/com.shen.service.MonitorPhoneStatusServer in 1000ms
I/ActivityManager( 1027): Start proc 8916:com.shen.activityfragmentdemo/u0a32 for service com.shen.activityfragmentdemo/com.shen.service.MonitorPhoneStatusServer
I/ActivityThread( 8916): Switching default density from 400 to 480
D/DefContainer( 7085): Copying /data/local/tmp/GlassCodesLauncher.apk to base.apk
D/PackageManager( 1027): Renaming /data/app/vmdl1361764347.tmp to /data/app/com.shen.activityfragmentdemo-2
I/ActivityManager( 1027): Force stopping com.shen.activityfragmentdemo appid=10032 user=-1: replace sys pkg
I/ActivityManager( 1027): Killing 8916:com.shen.activityfragmentdemo/u0a32 (adj 5): stop com.shen.activityfragmentdemo
W/PackageManager( 1027): Trying to update system app code path from /data/app/com.shen.activityfragmentdemo-1 to /data/app/com.shen.activityfragmentdemo-2
W/ActivityManager( 1027): Scheduling restart of crashed service com.shen.activityfragmentdemo/com.shen.service.MonitorPhoneStatusServer in 1000ms
I/ActivityManager( 1027):   Force stopping service ServiceRecord{238984e8 u0 com.shen.activityfragmentdemo/com.shen.service.MonitorPhoneStatusServer}
W/ActivityManager( 1027): Spurious death for ProcessRecord{323f96ee 0:com.shen.activityfragmentdemo/u0a32}, curProc for 8916: null
I/PowerManagerService( 1027): Waking up from dozing (uid 1000)...
I/DisplayPowerController( 1027): Blocking screen on until initial contents have been drawn.
I/DisplayManagerService( 1027): Display device changed: DisplayDeviceInfo{"内置屏幕": uniqueId="local:0", 1080 x 1920, 63.0 fps, supportedRefreshRates [63.0], density 480, 403.411 x 403.041 dpi, appVsyncOff 7500000, presDeadline 11873016, touch INTERNAL, rotation 0, type BUILT_IN, state ON, FLAG_DEFAULT_DISPLAY, FLAG_ROTATES_WITH_CONTENT, FLAG_SECURE, FLAG_SUPPORTS_PROTECTED_BUFFERS}
V/ActivityManager( 1027): Display changed displayId=0
I/DisplayPowerController( 1027): Unblocked screen on after 66 ms
I/DreamManagerService( 1027): Gently waking up from dream.
I/DreamManagerService( 1027): Leaving dreamland.
I/DreamController( 1027): Stopping dream: name=ComponentInfo{com.android.systemui/com.android.systemui.doze.DozeService}, isTest=false, canDoze=true, userId=0
I/ActivityManager( 1027): Force stopping com.shen.activityfragmentdemo appid=10032 user=-1: update pkg
W/PackageManager( 1027): Code path for pkg : com.shen.activityfragmentdemo changing from /data/app/com.shen.activityfragmentdemo-1 to /data/app/com.shen.activityfragmentdemo-2
W/PackageManager( 1027): Resource path for pkg : com.shen.activityfragmentdemo changing from /data/app/com.shen.activityfragmentdemo-1 to /data/app/com.shen.activityfragmentdemo-2
I/ActivityManager( 1027): Force stopping com.shen.activityfragmentdemo appid=10032 user=0: pkg removed
D/JobSchedulerService( 1027): Receieved: android.intent.action.PACKAGE_REMOVED
D/BackupManagerService( 1027): Received broadcast Intent { act=android.intent.action.PACKAGE_REMOVED dat=package:com.shen.activityfragmentdemo flg=0x4000010 (has extras) }
D/BackupManagerService( 1027): Received broadcast Intent { act=android.intent.action.PACKAGE_ADDED dat=package:com.shen.activityfragmentdemo flg=0x4000010 (has extras) }
W/BackupManagerService( 1027): Removing schedule queue dupe of com.shen.activityfragmentdemo
W/ContextImpl( 7200): Calling a method in the system process without a qualified user: android.app.ContextImpl.startService:1708 android.content.ContextWrapper.startService:516 android.content.ContextWrapper.startService:516 com.android.keychain.KeyChainBroadcastReceiver.onReceive:12 android.app.ActivityThread.handleReceiver:2624 
W/VoiceInteractionManagerService( 1027): no available voice recognition services found for user 0
I/ActivityManager( 1027): START u0 {act=android.intent.action.VIEW flg=0x10200000 cmp=com.slim.slimlauncher/.Launcher bnds=[451,1714][655,1934] (has extras)} from uid 10044 on display 0
I/ActivityManager( 1027): START u0 {act=android.intent.action.MAIN cat=[android.intent.category.LAUNCHER] flg=0x10200000 cmp=com.shen.activityfragmentdemo/.GlassBaseActivity (has extras)} from uid 10044 on display 0
V/WindowManager( 1027): addAppToken: AppWindowToken{6c5244e token=Token{20f09349 ActivityRecord{2056c550 u0 com.shen.activityfragmentdemo/.GlassBaseActivity t19}}} to stack=1 task=19 at 0
I/ActivityManager( 1027): Start proc 9031:com.shen.activityfragmentdemo/u0a32 for activity com.shen.activityfragmentdemo/.GlassBaseActivity
V/ActivityManager( 1027): Display changed displayId=0
I/ActivityManager( 1027): Config changes=480 {1.0 460mcc7mnc zh_CN ?layoutDir sw432dp w768dp h406dp 480dpi nrml long land finger -keyb/v/h -nav/h s.35}
I/ActivityThread( 3122): Switching default density from 400 to 480
I/ActivityThread( 7085): Switching default density from 400 to 480
I/ActivityThread( 2917): Switching default density from 400 to 480
I/ActivityThread( 2332): Switching default density from 400 to 480
I/ActivityThread( 1027): Switching default density from 400 to 480
I/ActivityThread( 1922): Switching default density from 400 to 480
I/ActivityThread( 2451): Switching default density from 400 to 480
I/ActivityThread( 2764): Switching default density from 400 to 480
I/ActivityThread( 3260): Switching default density from 400 to 480
I/ActivityThread( 2219): Switching default density from 400 to 480
I/ActivityThread( 7159): Switching default density from 400 to 480
I/ActivityThread( 7200): Switching default density from 400 to 480
I/ActivityThread( 8677): Switching default density from 400 to 480
I/ActivityThread( 3377): Switching default density from 400 to 480
I/ActivityThread( 7179): Switching default density from 400 to 480
I/ActivityThread( 8597): Switching default density from 400 to 480
I/ActivityThread( 3004): Switching default density from 400 to 480
I/ActivityThread( 7225): Switching default density from 400 to 480
I/ActivityThread( 3184): Switching default density from 400 to 480
I/ActivityThread( 8709): Switching default density from 400 to 480
I/ActivityThread( 3537): Switching default density from 400 to 480
I/ActivityThread( 2357): Switching default density from 400 to 480
I/ActivityThread( 2376): Switching default density from 400 to 480
I/ActivityThread( 2310): Switching default density from 400 to 480
I/ActivityThread( 9031): Switching default density from 400 to 480
V/WindowManager( 1027): Adding window Window{2b182b0a u0 com.shen.activityfragmentdemo/com.shen.activityfragmentdemo.GlassBaseActivity} at 4 of 10 (after Window{cc69a7b u0 com.android.settings/com.android.settings.SubSettings})
I/WindowManager( 1027): Screen frozen for +257ms due to Window{2b182b0a u0 com.shen.activityfragmentdemo/com.shen.activityfragmentdemo.GlassBaseActivity}
D/WifiService( 1027): New client listening to asynchronous messages
E/AndroidRuntime( 9031): FATAL EXCEPTION: main
E/AndroidRuntime( 9031): Process: com.shen.activityfragmentdemo, PID: 9031
E/AndroidRuntime( 9031): java.lang.NullPointerException: Attempt to invoke virtual method 'void com.shen.adapter.HorizontalListViewAdapter.notifyDataSetChanged()' on a null object reference
E/AndroidRuntime( 9031): 	at com.shen.fragment.SettingsWlanInfoFragment$1.handleMessage(SettingsWlanInfoFragment.java:60)
E/AndroidRuntime( 9031): 	at android.os.Handler.dispatchMessage(Handler.java:102)
E/AndroidRuntime( 9031): 	at android.os.Looper.loop(Looper.java:135)
E/AndroidRuntime( 9031): 	at android.app.ActivityThread.main(ActivityThread.java:5269)
E/AndroidRuntime( 9031): 	at java.lang.reflect.Method.invoke(Native Method)
E/AndroidRuntime( 9031): 	at java.lang.reflect.Method.invoke(Method.java:372)
E/AndroidRuntime( 9031): 	at com.android.internal.os.ZygoteInit$MethodAndArgsCaller.run(ZygoteInit.java:904)
E/AndroidRuntime( 9031): 	at com.android.internal.os.ZygoteInit.main(ZygoteInit.java:699)
W/ActivityManager( 1027):   Force finishing activity 1 com.shen.activityfragmentdemo/.GlassBaseActivity
W/ActivityManager( 1027): Activity pause timeout for ActivityRecord{2056c550 u0 com.shen.activityfragmentdemo/.GlassBaseActivity t19 f}
V/ActivityManager( 1027): Display changed displayId=0
I/ActivityManager( 1027): Config changes=480 {1.0 460mcc7mnc zh_CN ?layoutDir sw432dp w432dp h742dp 480dpi nrml long port finger -keyb/v/h -nav/h s.36}
I/ActivityThread( 3122): Switching default density from 400 to 480
I/ActivityThread( 2764): Switching default density from 400 to 480
I/ActivityThread( 2376): Switching default density from 400 to 480
I/ActivityThread( 2357): Switching default density from 400 to 480
I/ActivityThread( 2332): Switching default density from 400 to 480
I/ActivityThread( 2310): Switching default density from 400 to 480
I/ActivityThread( 1922): Switching default density from 400 to 480
I/ActivityThread( 1027): Switching default density from 400 to 480
I/ActivityThread( 7085): Switching default density from 400 to 480
I/ActivityThread( 3377): Switching default density from 400 to 480
I/ActivityThread( 7159): Switching default density from 400 to 480
I/ActivityThread( 7225): Switching default density from 400 to 480
I/ActivityThread( 7179): Switching default density from 400 to 480
I/ActivityThread( 7200): Switching default density from 400 to 480
I/ActivityThread( 3004): Switching default density from 400 to 480
I/ActivityThread( 2917): Switching default density from 400 to 480
I/ActivityThread( 2451): Switching default density from 400 to 480
I/ActivityThread( 8677): Switching default density from 400 to 480
I/ActivityThread( 8709): Switching default density from 400 to 480
I/ActivityThread( 3184): Switching default density from 400 to 480
I/ActivityThread( 3260): Switching default density from 400 to 480
I/ActivityThread( 2219): Switching default density from 400 to 480
I/ActivityThread( 8597): Switching default density from 400 to 480
I/ActivityThread( 3537): Switching default density from 400 to 480
I/WindowManager( 1027): Screen frozen for +345ms due to Window{d94e795 u0 com.android.systemui.ImageWallpaper}
W/BroadcastQueue( 1027): Skipping deliver [background] BroadcastRecord{2fdecf0e u-1 android.intent.action.BATTERY_CHANGED} to ReceiverList{17c157b2 9031 com.shen.activityfragmentdemo/10032/u0 remote:32e1a5bd}: process crashing
D/TaskPersister( 1027): removeObsoleteFile: deleting file=18_task_thumbnail.png
W/ActivityManager( 1027): Activity destroy timeout for ActivityRecord{2056c550 u0 com.shen.activityfragmentdemo/.GlassBaseActivity t19 f}
W/BroadcastQueue( 1027): Skipping deliver [foreground] BroadcastRecord{37c89d2f u-1 android.intent.action.TIME_TICK} to ReceiverList{1afdc198 9031 com.shen.activityfragmentdemo/10032/u0 remote:a238f7b}: process crashing
W/BroadcastQueue( 1027): Skipping deliver [foreground] BroadcastRecord{37c89d2f u-1 android.intent.action.TIME_TICK} to ReceiverList{1dd1a857 9031 com.shen.activityfragmentdemo/10032/u0 remote:3e95edd6}: process crashing
W/BroadcastQueue( 1027): Skipping deliver [foreground] BroadcastRecord{37c89d2f u-1 android.intent.action.TIME_TICK} to ReceiverList{265b1162 9031 com.shen.activityfragmentdemo/10032/u0 remote:232c782d}: process crashing
W/BroadcastQueue( 1027): Skipping deliver [background] BroadcastRecord{21a96f3c u-1 android.intent.action.BATTERY_CHANGED} to ReceiverList{17c157b2 9031 com.shen.activityfragmentdemo/10032/u0 remote:32e1a5bd}: process crashing
I/PowerManagerService( 1027): Going to sleep due to screen timeout (uid 1000)...
I/DisplayManagerService( 1027): Display device changed: DisplayDeviceInfo{"内置屏幕": uniqueId="local:0", 1080 x 1920, 63.0 fps, supportedRefreshRates [63.0], density 480, 403.411 x 403.041 dpi, appVsyncOff 7500000, presDeadline 11873016, touch INTERNAL, rotation 0, type BUILT_IN, state OFF, FLAG_DEFAULT_DISPLAY, FLAG_ROTATES_WITH_CONTENT, FLAG_SECURE, FLAG_SUPPORTS_PROTECTED_BUFFERS}
V/ActivityManager( 1027): Display changed displayId=0
I/DreamManagerService( 1027): Entering dreamland.
I/PowerManagerService( 1027): Dozing...
I/DreamController( 1027): Starting dream: name=ComponentInfo{com.android.systemui/com.android.systemui.doze.DozeService}, isTest=false, canDoze=true, userId=0
I/PowerManagerService( 1027): Waking up from dozing (uid 1000)...
I/DreamManagerService( 1027): Gently waking up from dream.
I/DisplayPowerController( 1027): Blocking screen on until initial contents have been drawn.
I/DisplayManagerService( 1027): Display device changed: DisplayDeviceInfo{"内置屏幕": uniqueId="local:0", 1080 x 1920, 63.0 fps, supportedRefreshRates [63.0], density 480, 403.411 x 403.041 dpi, appVsyncOff 7500000, presDeadline 11873016, touch INTERNAL, rotation 0, type BUILT_IN, state ON, FLAG_DEFAULT_DISPLAY, FLAG_ROTATES_WITH_CONTENT, FLAG_SECURE, FLAG_SUPPORTS_PROTECTED_BUFFERS}
V/ActivityManager( 1027): Display changed displayId=0
I/DreamManagerService( 1027): Leaving dreamland.
I/DreamController( 1027): Stopping dream: name=ComponentInfo{com.android.systemui/com.android.systemui.doze.DozeService}, isTest=false, canDoze=true, userId=0
I/DisplayPowerController( 1027): Unblocked screen on after 127 ms
D/WifiService( 1027): Client connection lost with reason: 4
I/ActivityManager( 1027): Process com.shen.activityfragmentdemo (pid 9031) has died
W/ActivityManager( 1027): Scheduling restart of crashed service com.shen.activityfragmentdemo/com.shen.service.MonitorPhoneStatusServer in 1000ms
I/ActivityManager( 1027): START u0 {act=android.intent.action.VIEW flg=0x10200000 cmp=com.slim.slimlauncher/.Launcher bnds=[451,1714][655,1934] (has extras)} from uid 10044 on display 0
I/ActivityManager( 1027): Start proc 9088:com.shen.activityfragmentdemo/u0a32 for service com.shen.activityfragmentdemo/com.shen.service.MonitorPhoneStatusServer
I/ActivityManager( 1027): START u0 {act=android.intent.action.MAIN cat=[android.intent.category.LAUNCHER] flg=0x10200000 cmp=com.shen.activityfragmentdemo/.GlassBaseActivity (has extras)} from uid 10044 on display 0
V/WindowManager( 1027): addAppToken: AppWindowToken{226573b1 token=Token{189ac658 ActivityRecord{2b32af3b u0 com.shen.activityfragmentdemo/.GlassBaseActivity t20}}} to stack=1 task=20 at 0
V/ActivityManager( 1027): Display changed displayId=0
I/ActivityManager( 1027): Config changes=480 {1.0 460mcc7mnc zh_CN ?layoutDir sw432dp w768dp h406dp 480dpi nrml long land finger -keyb/v/h -nav/h s.37}
I/ActivityThread( 7085): Switching default density from 400 to 480
I/ActivityThread( 7225): Switching default density from 400 to 480
I/ActivityThread( 7179): Switching default density from 400 to 480
I/ActivityThread( 3260): Switching default density from 400 to 480
I/ActivityThread( 7200): Switching default density from 400 to 480
I/ActivityThread( 2451): Switching default density from 400 to 480
I/ActivityThread( 3004): Switching default density from 400 to 480
I/ActivityThread( 8709): Switching default density from 400 to 480
I/ActivityThread( 8597): Switching default density from 400 to 480
I/ActivityThread( 8677): Switching default density from 400 to 480
I/ActivityThread( 3184): Switching default density from 400 to 480
I/ActivityThread( 2219): Switching default density from 400 to 480
I/ActivityThread( 9088): Switching default density from 400 to 480
I/ActivityThread( 7159): Switching default density from 400 to 480
I/ActivityThread( 3377): Switching default density from 400 to 480
I/ActivityThread( 2917): Switching default density from 400 to 480
I/ActivityThread( 3537): Switching default density from 400 to 480
I/ActivityThread( 2764): Switching default density from 400 to 480
I/ActivityThread( 2376): Switching default density from 400 to 480
I/ActivityThread( 2357): Switching default density from 400 to 480
I/ActivityThread( 1922): Switching default density from 400 to 480
I/ActivityThread( 1027): Switching default density from 400 to 480
I/ActivityThread( 2310): Switching default density from 400 to 480
I/ActivityThread( 2332): Switching default density from 400 to 480
I/ActivityThread( 9088): Switching default density from 400 to 480
I/ActivityThread( 3122): Switching default density from 400 to 480
V/WindowManager( 1027): Adding window Window{1e636234 u0 com.shen.activityfragmentdemo/com.shen.activityfragmentdemo.GlassBaseActivity} at 4 of 10 (after Window{cc69a7b u0 com.android.settings/com.android.settings.SubSettings})
I/WindowManager( 1027): Screen frozen for +245ms due to Window{1e636234 u0 com.shen.activityfragmentdemo/com.shen.activityfragmentdemo.GlassBaseActivity}
D/WifiService( 1027): New client listening to asynchronous messages
E/AndroidRuntime( 9088): FATAL EXCEPTION: main
E/AndroidRuntime( 9088): Process: com.shen.activityfragmentdemo, PID: 9088
E/AndroidRuntime( 9088): java.lang.NullPointerException: Attempt to invoke virtual method 'void com.shen.adapter.HorizontalListViewAdapter.notifyDataSetChanged()' on a null object reference
E/AndroidRuntime( 9088): 	at com.shen.fragment.SettingsWlanInfoFragment$1.handleMessage(SettingsWlanInfoFragment.java:60)
E/AndroidRuntime( 9088): 	at android.os.Handler.dispatchMessage(Handler.java:102)
E/AndroidRuntime( 9088): 	at android.os.Looper.loop(Looper.java:135)
E/AndroidRuntime( 9088): 	at android.app.ActivityThread.main(ActivityThread.java:5269)
E/AndroidRuntime( 9088): 	at java.lang.reflect.Method.invoke(Native Method)
E/AndroidRuntime( 9088): 	at java.lang.reflect.Method.invoke(Method.java:372)
E/AndroidRuntime( 9088): 	at com.android.internal.os.ZygoteInit$MethodAndArgsCaller.run(ZygoteInit.java:904)
E/AndroidRuntime( 9088): 	at com.android.internal.os.ZygoteInit.main(ZygoteInit.java:699)
W/ActivityManager( 1027):   Force finishing activity 1 com.shen.activityfragmentdemo/.GlassBaseActivity
W/ActivityManager( 1027): Activity pause timeout for ActivityRecord{2b32af3b u0 com.shen.activityfragmentdemo/.GlassBaseActivity t20 f}
V/ActivityManager( 1027): Display changed displayId=0
I/ActivityManager( 1027): Config changes=480 {1.0 460mcc7mnc zh_CN ?layoutDir sw432dp w432dp h742dp 480dpi nrml long port finger -keyb/v/h -nav/h s.38}
I/ActivityThread( 2764): Switching default density from 400 to 480
I/ActivityThread( 2376): Switching default density from 400 to 480
I/ActivityThread( 2357): Switching default density from 400 to 480
I/ActivityThread( 1922): Switching default density from 400 to 480
I/ActivityThread( 2310): Switching default density from 400 to 480
I/ActivityThread( 2332): Switching default density from 400 to 480
I/ActivityThread( 1027): Switching default density from 400 to 480
I/ActivityThread( 7085): Switching default density from 400 to 480
I/ActivityThread( 7159): Switching default density from 400 to 480
I/ActivityThread( 7179): Switching default density from 400 to 480
I/ActivityThread( 7200): Switching default density from 400 to 480
I/ActivityThread( 3004): Switching default density from 400 to 480
I/ActivityThread( 3260): Switching default density from 400 to 480
I/ActivityThread( 2917): Switching default density from 400 to 480
I/ActivityThread( 8677): Switching default density from 400 to 480
I/ActivityThread( 8709): Switching default density from 400 to 480
I/ActivityThread( 8597): Switching default density from 400 to 480
I/ActivityThread( 2219): Switching default density from 400 to 480
I/ActivityThread( 3377): Switching default density from 400 to 480
I/ActivityThread( 3184): Switching default density from 400 to 480
I/ActivityThread( 7225): Switching default density from 400 to 480
I/ActivityThread( 2451): Switching default density from 400 to 480
I/ActivityThread( 3537): Switching default density from 400 to 480
I/ActivityThread( 3122): Switching default density from 400 to 480
I/WindowManager( 1027): Screen frozen for +314ms due to Window{d94e795 u0 com.android.systemui.ImageWallpaper}
D/TaskPersister( 1027): removeObsoleteFile: deleting file=19_task_thumbnail.png
W/BroadcastQueue( 1027): Skipping deliver [background] BroadcastRecord{3d2a8b18 u-1 android.intent.action.BATTERY_CHANGED} to ReceiverList{28053b9c 9088 com.shen.activityfragmentdemo/10032/u0 remote:2ffc5f0f}: process crashing
D/ConnectivityService( 1027): setProvNotificationVisibleIntent: E visible=false networkType=0 extraInfo=null
W/BroadcastQueue( 1027): Skipping deliver [background] BroadcastRecord{2e0eb971 u-1 android.intent.action.BATTERY_CHANGED} to ReceiverList{28053b9c 9088 com.shen.activityfragmentdemo/10032/u0 remote:2ffc5f0f}: process crashing
W/ActivityManager( 1027): Activity destroy timeout for ActivityRecord{2b32af3b u0 com.shen.activityfragmentdemo/.GlassBaseActivity t20 f}
W/BroadcastQueue( 1027): Skipping deliver [foreground] BroadcastRecord{372b9356 u-1 android.intent.action.TIME_TICK} to ReceiverList{209aa5d2 9088 com.shen.activityfragmentdemo/10032/u0 remote:2074d85d}: process crashing
W/BroadcastQueue( 1027): Skipping deliver [foreground] BroadcastRecord{372b9356 u-1 android.intent.action.TIME_TICK} to ReceiverList{3dab9d59 9088 com.shen.activityfragmentdemo/10032/u0 remote:dee6da0}: process crashing
W/BroadcastQueue( 1027): Skipping deliver [foreground] BroadcastRecord{372b9356 u-1 android.intent.action.TIME_TICK} to ReceiverList{1d5cc3cc 9088 com.shen.activityfragmentdemo/10032/u0 remote:203929ff}: process crashing
W/BroadcastQueue( 1027): Skipping deliver [background] BroadcastRecord{ef61fd7 u-1 android.intent.action.BATTERY_CHANGED} to ReceiverList{28053b9c 9088 com.shen.activityfragmentdemo/10032/u0 remote:2ffc5f0f}: process crashing
I/PowerManagerService( 1027): Going to sleep due to screen timeout (uid 1000)...
I/DisplayManagerService( 1027): Display device changed: DisplayDeviceInfo{"内置屏幕": uniqueId="local:0", 1080 x 1920, 63.0 fps, supportedRefreshRates [63.0], density 480, 403.411 x 403.041 dpi, appVsyncOff 7500000, presDeadline 11873016, touch INTERNAL, rotation 0, type BUILT_IN, state OFF, FLAG_DEFAULT_DISPLAY, FLAG_ROTATES_WITH_CONTENT, FLAG_SECURE, FLAG_SUPPORTS_PROTECTED_BUFFERS}
V/ActivityManager( 1027): Display changed displayId=0
I/DreamManagerService( 1027): Entering dreamland.
I/PowerManagerService( 1027): Dozing...
I/DreamController( 1027): Starting dream: name=ComponentInfo{com.android.systemui/com.android.systemui.doze.DozeService}, isTest=false, canDoze=true, userId=0
I/UsageStatsService( 1027): User[0] Flushing usage stats to disk
D/DefContainer( 7085): Copying /data/local/tmp/GlassCodesLauncher.apk to base.apk
D/PackageManager( 1027): Renaming /data/app/vmdl1403639438.tmp to /data/app/com.shen.activityfragmentdemo-1
I/ActivityManager( 1027): Force stopping com.shen.activityfragmentdemo appid=10032 user=-1: replace sys pkg
I/ActivityManager( 1027): Killing 9088:com.shen.activityfragmentdemo/u0a32 (adj 9): stop com.shen.activityfragmentdemo
W/PackageManager( 1027): Trying to update system app code path from /data/app/com.shen.activityfragmentdemo-2 to /data/app/com.shen.activityfragmentdemo-1
D/WifiService( 1027): Client connection lost with reason: 4
W/ActivityManager( 1027): Service crashed 2 times, stopping: ServiceRecord{2e378914 u0 com.shen.activityfragmentdemo/com.shen.service.MonitorPhoneStatusServer}
W/ActivityManager( 1027): Spurious death for ProcessRecord{25b047de 0:com.shen.activityfragmentdemo/u0a32}, curProc for 9088: null
W/InputMethodManagerService( 1027): Got RemoteException sending setActive(false) notification to pid 9088 uid 10032
W/PackageManager( 1027): Code path for pkg : com.shen.activityfragmentdemo changing from /data/app/com.shen.activityfragmentdemo-2 to /data/app/com.shen.activityfragmentdemo-1
W/PackageManager( 1027): Resource path for pkg : com.shen.activityfragmentdemo changing from /data/app/com.shen.activityfragmentdemo-2 to /data/app/com.shen.activityfragmentdemo-1
I/ActivityManager( 1027): Force stopping com.shen.activityfragmentdemo appid=10032 user=-1: update pkg
I/ActivityManager( 1027): Force stopping com.shen.activityfragmentdemo appid=10032 user=0: pkg removed
D/JobSchedulerService( 1027): Receieved: android.intent.action.PACKAGE_REMOVED
D/BackupManagerService( 1027): Received broadcast Intent { act=android.intent.action.PACKAGE_REMOVED dat=package:com.shen.activityfragmentdemo flg=0x4000010 (has extras) }
D/BackupManagerService( 1027): Received broadcast Intent { act=android.intent.action.PACKAGE_ADDED dat=package:com.shen.activityfragmentdemo flg=0x4000010 (has extras) }
W/BackupManagerService( 1027): Removing schedule queue dupe of com.shen.activityfragmentdemo
W/ContextImpl( 7200): Calling a method in the system process without a qualified user: android.app.ContextImpl.startService:1708 android.content.ContextWrapper.startService:516 android.content.ContextWrapper.startService:516 com.android.keychain.KeyChainBroadcastReceiver.onReceive:12 android.app.ActivityThread.handleReceiver:2624 
W/VoiceInteractionManagerService( 1027): no available voice recognition services found for user 0
I/PowerManagerService( 1027): Waking up from dozing (uid 1000)...
I/DreamManagerService( 1027): Gently waking up from dream.
I/DisplayPowerController( 1027): Blocking screen on until initial contents have been drawn.
I/DreamManagerService( 1027): Leaving dreamland.
I/DreamController( 1027): Stopping dream: name=ComponentInfo{com.android.systemui/com.android.systemui.doze.DozeService}, isTest=false, canDoze=true, userId=0
I/DisplayManagerService( 1027): Display device changed: DisplayDeviceInfo{"内置屏幕": uniqueId="local:0", 1080 x 1920, 63.0 fps, supportedRefreshRates [63.0], density 480, 403.411 x 403.041 dpi, appVsyncOff 7500000, presDeadline 11873016, touch INTERNAL, rotation 0, type BUILT_IN, state ON, FLAG_DEFAULT_DISPLAY, FLAG_ROTATES_WITH_CONTENT, FLAG_SECURE, FLAG_SUPPORTS_PROTECTED_BUFFERS}
V/ActivityManager( 1027): Display changed displayId=0
I/DisplayPowerController( 1027): Unblocked screen on after 97 ms
I/ActivityManager( 1027): START u0 {act=android.intent.action.VIEW flg=0x10200000 cmp=com.slim.slimlauncher/.Launcher bnds=[451,1714][655,1934] (has extras)} from uid 10044 on display 0
I/ActivityManager( 1027): START u0 {act=android.intent.action.MAIN cat=[android.intent.category.LAUNCHER] flg=0x10200000 cmp=com.shen.activityfragmentdemo/.GlassBaseActivity (has extras)} from uid 10044 on display 0
V/WindowManager( 1027): addAppToken: AppWindowToken{22fcbf4a token=Token{16420cb5 ActivityRecord{1afdd0ec u0 com.shen.activityfragmentdemo/.GlassBaseActivity t21}}} to stack=1 task=21 at 0
I/ActivityManager( 1027): Start proc 9184:com.shen.activityfragmentdemo/u0a32 for activity com.shen.activityfragmentdemo/.GlassBaseActivity
V/ActivityManager( 1027): Display changed displayId=0
I/ActivityManager( 1027): Config changes=480 {1.0 460mcc7mnc zh_CN ?layoutDir sw432dp w768dp h406dp 480dpi nrml long land finger -keyb/v/h -nav/h s.39}
I/ActivityThread( 3122): Switching default density from 400 to 480
I/ActivityThread( 3377): Switching default density from 400 to 480
I/ActivityThread( 7200): Switching default density from 400 to 480
I/ActivityThread( 3004): Switching default density from 400 to 480
I/ActivityThread( 7159): Switching default density from 400 to 480
I/ActivityThread( 7225): Switching default density from 400 to 480
I/ActivityThread( 1027): Switching default density from 400 to 480
I/ActivityThread( 1922): Switching default density from 400 to 480
I/ActivityThread( 7179): Switching default density from 400 to 480
I/ActivityThread( 2357): Switching default density from 400 to 480
I/ActivityThread( 7085): Switching default density from 400 to 480
I/ActivityThread( 2332): Switching default density from 400 to 480
I/ActivityThread( 3537): Switching default density from 400 to 480
I/ActivityThread( 3260): Switching default density from 400 to 480
I/ActivityThread( 2917): Switching default density from 400 to 480
I/ActivityThread( 2310): Switching default density from 400 to 480
I/ActivityThread( 2219): Switching default density from 400 to 480
I/ActivityThread( 2764): Switching default density from 400 to 480
I/ActivityThread( 2376): Switching default density from 400 to 480
I/ActivityThread( 2451): Switching default density from 400 to 480
I/ActivityThread( 8709): Switching default density from 400 to 480
I/ActivityThread( 3184): Switching default density from 400 to 480
I/ActivityThread( 8597): Switching default density from 400 to 480
I/ActivityThread( 8677): Switching default density from 400 to 480
I/ActivityThread( 9184): Switching default density from 400 to 480
V/WindowManager( 1027): Adding window Window{3ad3a0c6 u0 com.shen.activityfragmentdemo/com.shen.activityfragmentdemo.GlassBaseActivity} at 4 of 10 (after Window{cc69a7b u0 com.android.settings/com.android.settings.SubSettings})
I/WindowManager( 1027): Screen frozen for +253ms due to Window{3ad3a0c6 u0 com.shen.activityfragmentdemo/com.shen.activityfragmentdemo.GlassBaseActivity}
D/WifiService( 1027): New client listening to asynchronous messages
D/WifiService( 1027): setWifiEnabled: true pid=9184, uid=10032
E/WifiService( 1027): Invoking mWifiStateMachine.setWifiEnabled
E/NetdConnector( 1027): NDC Command {687 softap fwreload wlan0 STA} took too long (678ms)
D/NetworkManagementService( 1027): getNetworkStatsSummaryXt:NetworkStats: elapsedRealtime=62432500
D/NetworkManagementService( 1027):   [0] iface=rmnet0 uid=-1 set=ALL tag=0x0 rxBytes=70350 rxPackets=118 txBytes=23930 txPackets=411 operations=0
D/NetworkManagementService( 1027):   [1] iface=lo uid=-1 set=ALL tag=0x0 rxBytes=0 rxPackets=0 txBytes=0 txPackets=0 operations=0
D/NetworkManagementService( 1027): getNetworkStatsSummaryDev:NetworkStats: elapsedRealtime=62432502
D/NetworkManagementService( 1027):   [0] iface=rmnet0 uid=-1 set=ALL tag=0x0 rxBytes=70350 rxPackets=118 txBytes=30472 txPackets=410 operations=0
D/NetworkManagementService( 1027):   [1] iface=lo uid=-1 set=ALL tag=0x0 rxBytes=0 rxPackets=0 txBytes=0 txPackets=0 operations=0
D/NetworkManagementService( 1027): getNetworkStatsSummaryXt:NetworkStats: elapsedRealtime=62432522
D/NetworkManagementService( 1027):   [0] iface=rmnet0 uid=-1 set=ALL tag=0x0 rxBytes=70350 rxPackets=118 txBytes=23930 txPackets=411 operations=0
D/NetworkManagementService( 1027):   [1] iface=lo uid=-1 set=ALL tag=0x0 rxBytes=0 rxPackets=0 txBytes=0 txPackets=0 operations=0
D/NetworkManagementService( 1027): getNetworkStatsSummaryDev:NetworkStats: elapsedRealtime=62432523
D/NetworkManagementService( 1027):   [0] iface=rmnet0 uid=-1 set=ALL tag=0x0 rxBytes=70350 rxPackets=118 txBytes=30472 txPackets=410 operations=0
D/NetworkManagementService( 1027):   [1] iface=lo uid=-1 set=ALL tag=0x0 rxBytes=0 rxPackets=0 txBytes=0 txPackets=0 operations=0
D/WifiService( 1027): setWifiEnabled: false pid=9184, uid=10032
E/WifiService( 1027): Invoking mWifiStateMachine.setWifiEnabled
D/WifiService( 1027): setWifiEnabled: true pid=9184, uid=10032
E/WifiService( 1027): Invoking mWifiStateMachine.setWifiEnabled
E/NetdConnector( 1027): NDC Command {703 softap fwreload wlan0 STA} took too long (646ms)
D/NetworkManagementService( 1027): getNetworkStatsSummaryXt:NetworkStats: elapsedRealtime=62444366
D/NetworkManagementService( 1027):   [0] iface=rmnet0 uid=-1 set=ALL tag=0x0 rxBytes=70350 rxPackets=118 txBytes=23930 txPackets=411 operations=0
D/NetworkManagementService( 1027):   [1] iface=lo uid=-1 set=ALL tag=0x0 rxBytes=0 rxPackets=0 txBytes=0 txPackets=0 operations=0
D/NetworkManagementService( 1027): getNetworkStatsSummaryDev:NetworkStats: elapsedRealtime=62444368
D/NetworkManagementService( 1027):   [0] iface=rmnet0 uid=-1 set=ALL tag=0x0 rxBytes=70350 rxPackets=118 txBytes=30472 txPackets=410 operations=0
D/NetworkManagementService( 1027):   [1] iface=lo uid=-1 set=ALL tag=0x0 rxBytes=0 rxPackets=0 txBytes=0 txPackets=0 operations=0
D/NetworkManagementService( 1027): getNetworkStatsSummaryXt:NetworkStats: elapsedRealtime=62444393
D/NetworkManagementService( 1027):   [0] iface=rmnet0 uid=-1 set=ALL tag=0x0 rxBytes=70350 rxPackets=118 txBytes=23930 txPackets=411 operations=0
D/NetworkManagementService( 1027):   [1] iface=lo uid=-1 set=ALL tag=0x0 rxBytes=0 rxPackets=0 txBytes=0 txPackets=0 operations=0
D/NetworkManagementService( 1027): getNetworkStatsSummaryDev:NetworkStats: elapsedRealtime=62444395
D/NetworkManagementService( 1027):   [0] iface=rmnet0 uid=-1 set=ALL tag=0x0 rxBytes=70350 rxPackets=118 txBytes=30472 txPackets=410 operations=0
D/NetworkManagementService( 1027):   [1] iface=lo uid=-1 set=ALL tag=0x0 rxBytes=0 rxPackets=0 txBytes=0 txPackets=0 operations=0
D/WifiService( 1027): setWifiEnabled: false pid=9184, uid=10032
E/WifiService( 1027): Invoking mWifiStateMachine.setWifiEnabled
D/WifiService( 1027): setWifiEnabled: true pid=9184, uid=10032
E/WifiService( 1027): Invoking mWifiStateMachine.setWifiEnabled
E/NetdConnector( 1027): NDC Command {719 softap fwreload wlan0 STA} took too long (607ms)
D/NetworkManagementService( 1027): getNetworkStatsSummaryXt:NetworkStats: elapsedRealtime=62466525
D/NetworkManagementService( 1027):   [0] iface=rmnet0 uid=-1 set=ALL tag=0x0 rxBytes=70350 rxPackets=118 txBytes=23930 txPackets=411 operations=0
D/NetworkManagementService( 1027):   [1] iface=lo uid=-1 set=ALL tag=0x0 rxBytes=0 rxPackets=0 txBytes=0 txPackets=0 operations=0
D/NetworkManagementService( 1027): getNetworkStatsSummaryDev:NetworkStats: elapsedRealtime=62466528
D/NetworkManagementService( 1027):   [0] iface=rmnet0 uid=-1 set=ALL tag=0x0 rxBytes=70350 rxPackets=118 txBytes=30472 txPackets=410 operations=0
D/NetworkManagementService( 1027):   [1] iface=lo uid=-1 set=ALL tag=0x0 rxBytes=0 rxPackets=0 txBytes=0 txPackets=0 operations=0
D/NetworkManagementService( 1027): getNetworkStatsSummaryXt:NetworkStats: elapsedRealtime=62466551
D/NetworkManagementService( 1027):   [0] iface=rmnet0 uid=-1 set=ALL tag=0x0 rxBytes=70350 rxPackets=118 txBytes=23930 txPackets=411 operations=0
D/NetworkManagementService( 1027):   [1] iface=lo uid=-1 set=ALL tag=0x0 rxBytes=0 rxPackets=0 txBytes=0 txPackets=0 operations=0
D/NetworkManagementService( 1027): getNetworkStatsSummaryDev:NetworkStats: elapsedRealtime=62466556
D/NetworkManagementService( 1027):   [0] iface=rmnet0 uid=-1 set=ALL tag=0x0 rxBytes=70350 rxPackets=118 txBytes=30472 txPackets=410 operations=0
D/NetworkManagementService( 1027):   [1] iface=lo uid=-1 set=ALL tag=0x0 rxBytes=0 rxPackets=0 txBytes=0 txPackets=0 operations=0
D/WifiService( 1027): setWifiEnabled: false pid=9184, uid=10032
E/WifiService( 1027): Invoking mWifiStateMachine.setWifiEnabled
D/WifiService( 1027): setWifiEnabled: true pid=9184, uid=10032
E/WifiService( 1027): Invoking mWifiStateMachine.setWifiEnabled
E/NetdConnector( 1027): NDC Command {735 softap fwreload wlan0 STA} took too long (628ms)
D/NetworkManagementService( 1027): getNetworkStatsSummaryXt:NetworkStats: elapsedRealtime=62500192
D/NetworkManagementService( 1027):   [0] iface=rmnet0 uid=-1 set=ALL tag=0x0 rxBytes=70350 rxPackets=118 txBytes=23930 txPackets=411 operations=0
D/NetworkManagementService( 1027):   [1] iface=lo uid=-1 set=ALL tag=0x0 rxBytes=0 rxPackets=0 txBytes=0 txPackets=0 operations=0
D/NetworkManagementService( 1027): getNetworkStatsSummaryDev:NetworkStats: elapsedRealtime=62500195
D/NetworkManagementService( 1027):   [0] iface=rmnet0 uid=-1 set=ALL tag=0x0 rxBytes=70350 rxPackets=118 txBytes=30472 txPackets=410 operations=0
D/NetworkManagementService( 1027):   [1] iface=lo uid=-1 set=ALL tag=0x0 rxBytes=0 rxPackets=0 txBytes=0 txPackets=0 operations=0
D/NetworkManagementService( 1027): getNetworkStatsSummaryXt:NetworkStats: elapsedRealtime=62500216
D/NetworkManagementService( 1027):   [0] iface=rmnet0 uid=-1 set=ALL tag=0x0 rxBytes=70350 rxPackets=118 txBytes=23930 txPackets=411 operations=0
D/NetworkManagementService( 1027):   [1] iface=lo uid=-1 set=ALL tag=0x0 rxBytes=0 rxPackets=0 txBytes=0 txPackets=0 operations=0
D/NetworkManagementService( 1027): getNetworkStatsSummaryDev:NetworkStats: elapsedRealtime=62500217
D/NetworkManagementService( 1027):   [0] iface=rmnet0 uid=-1 set=ALL tag=0x0 rxBytes=70350 rxPackets=118 txBytes=30472 txPackets=410 operations=0
D/NetworkManagementService( 1027):   [1] iface=lo uid=-1 set=ALL tag=0x0 rxBytes=0 rxPackets=0 txBytes=0 txPackets=0 operations=0
I/PowerManagerService( 1027): Going to sleep due to screen timeout (uid 1000)...
I/DisplayManagerService( 1027): Display device changed: DisplayDeviceInfo{"内置屏幕": uniqueId="local:0", 1080 x 1920, 63.0 fps, supportedRefreshRates [63.0], density 480, 403.411 x 403.041 dpi, appVsyncOff 7500000, presDeadline 11873016, touch INTERNAL, rotation 0, type BUILT_IN, state OFF, FLAG_DEFAULT_DISPLAY, FLAG_ROTATES_WITH_CONTENT, FLAG_SECURE, FLAG_SUPPORTS_PROTECTED_BUFFERS}
V/ActivityManager( 1027): Display changed displayId=0
I/DreamManagerService( 1027): Entering dreamland.
I/DreamController( 1027): Starting dream: name=ComponentInfo{com.android.systemui/com.android.systemui.doze.DozeService}, isTest=false, canDoze=true, userId=0
I/PowerManagerService( 1027): Dozing...
D/DefContainer( 7085): Copying /data/local/tmp/GlassCodesLauncher.apk to base.apk
D/PackageManager( 1027): Renaming /data/app/vmdl1649964980.tmp to /data/app/com.shen.activityfragmentdemo-2
I/ActivityManager( 1027): Force stopping com.shen.activityfragmentdemo appid=10032 user=-1: replace sys pkg
I/ActivityManager( 1027): Killing 9184:com.shen.activityfragmentdemo/u0a32 (adj 0): stop com.shen.activityfragmentdemo
I/WindowState( 1027): WIN DEATH: Window{3ad3a0c6 u0 com.shen.activityfragmentdemo/com.shen.activityfragmentdemo.GlassBaseActivity}
D/WifiService( 1027): Client connection lost with reason: 4
W/PackageManager( 1027): Trying to update system app code path from /data/app/com.shen.activityfragmentdemo-1 to /data/app/com.shen.activityfragmentdemo-2
W/ActivityManager( 1027): Scheduling restart of crashed service com.shen.activityfragmentdemo/com.shen.service.MonitorPhoneStatusServer in 1000ms
W/ActivityManager( 1027): Force removing ActivityRecord{1afdd0ec u0 com.shen.activityfragmentdemo/.GlassBaseActivity t21}: app died, no saved state
V/ActivityManager( 1027): Display changed displayId=0
I/ActivityManager( 1027): Config changes=480 {1.0 460mcc7mnc zh_CN ?layoutDir sw432dp w432dp h742dp 480dpi nrml long port finger -keyb/v/h -nav/h s.40}
I/ActivityThread( 1027): Switching default density from 400 to 480
I/ActivityThread( 7085): Switching default density from 400 to 480
I/ActivityThread( 2764): Switching default density from 400 to 480
I/ActivityThread( 2376): Switching default density from 400 to 480
I/ActivityThread( 2357): Switching default density from 400 to 480
I/ActivityThread( 2332): Switching default density from 400 to 480
I/ActivityThread( 2310): Switching default density from 400 to 480
I/ActivityThread( 1922): Switching default density from 400 to 480
I/ActivityThread( 3122): Switching default density from 400 to 480
I/ActivityThread( 3537): Switching default density from 400 to 480
I/ActivityThread( 3377): Switching default density from 400 to 480
I/ActivityThread( 7159): Switching default density from 400 to 480
I/ActivityThread( 7225): Switching default density from 400 to 480
I/ActivityThread( 7179): Switching default density from 400 to 480
I/ActivityThread( 7200): Switching default density from 400 to 480
I/ActivityThread( 3004): Switching default density from 400 to 480
I/ActivityThread( 3260): Switching default density from 400 to 480
I/ActivityThread( 2917): Switching default density from 400 to 480
I/ActivityThread( 2451): Switching default density from 400 to 480
I/ActivityThread( 8677): Switching default density from 400 to 480
I/ActivityThread( 8709): Switching default density from 400 to 480
I/ActivityThread( 8597): Switching default density from 400 to 480
I/ActivityThread( 2219): Switching default density from 400 to 480
I/ActivityThread( 3184): Switching default density from 400 to 480
I/ActivityManager( 1027):   Force stopping service ServiceRecord{3335eda2 u0 com.shen.activityfragmentdemo/com.shen.service.MonitorPhoneStatusServer}
W/ActivityManager( 1027): Spurious death for ProcessRecord{29df8c61 0:com.shen.activityfragmentdemo/u0a32}, curProc for 9184: null
W/InputMethodManagerService( 1027): Got RemoteException sending setActive(false) notification to pid 9184 uid 10032
W/WindowManager( 1027): App freeze timeout expired.
I/ActivityManager( 1027): Force stopping com.shen.activityfragmentdemo appid=10032 user=-1: update pkg
W/PackageManager( 1027): Code path for pkg : com.shen.activityfragmentdemo changing from /data/app/com.shen.activityfragmentdemo-1 to /data/app/com.shen.activityfragmentdemo-2
W/PackageManager( 1027): Resource path for pkg : com.shen.activityfragmentdemo changing from /data/app/com.shen.activityfragmentdemo-1 to /data/app/com.shen.activityfragmentdemo-2
I/ActivityManager( 1027): Force stopping com.shen.activityfragmentdemo appid=10032 user=0: pkg removed
D/JobSchedulerService( 1027): Receieved: android.intent.action.PACKAGE_REMOVED
